Running HiGHS 1.14.0 (git hash: 7df0786de3): Copyright (c) 2026 under Apache 2.0 license terms
Using BLAS: blastrampoline 
MIP has 9419 rows; 5578 cols; 97186 nonzeros; 3748 integer variables (3746 binary)
Coefficient ranges:
  Matrix  [2e-01, 8e+01]
  Cost    [1e+00, 2e+03]
  Bound   [1e+00, 1e+00]
  RHS     [1e+00, 2e+02]
Presolving model
5500 rows, 2926 cols, 91308 nonzeros 0s
4577 rows, 2282 cols, 48171 nonzeros 0s
3663 rows, 2077 cols, 16758 nonzeros 0s
3502 rows, 2039 cols, 16844 nonzeros 0s
Presolve reductions: rows 3502(-5917); columns 2039(-3539); nonzeros 16844(-80342) 

Solving MIP model with:
   3502 rows
   2039 cols (1063 binary, 2 integer, 4 implied int., 970 continuous, 0 domain fixed)
   16844 nonzeros

Src: B => Branching; C => Central rounding; F => Feasibility pump; H => Heuristic;
     I => Shifting; J => Feasibility jump; L => Sub-MIP; P => Empty MIP; R => Randomized rounding;
     S => Solve LP; T => Evaluate node; U => Unbounded; X => User solution; Y => HiGHS solution;
     Z => ZI Round; l => Trivial lower; p => Trivial point; u => Trivial upper; z => Trivial zero

        Nodes      |    B&B Tree     |            Objective Bounds              |  Dynamic Constraints |       Work      
Src  Proc. InQueue |  Leaves   Expl. | BestBound       BestSol              Gap |   Cuts   InLp Confl. | LpIters     Time

         0       0         0   0.00%   0               inf                  inf        0      0      0         0     0.4s
         0       0         0   0.00%   182.0153941     inf                  inf        0      0      3      1451     0.5s
 L       0       0         0   0.00%   189.8264324     1689              88.76%     3973     99    470      5310     5.9s

1.2% inactive integer columns, restarting
Model after restart has 3448 rows, 2006 cols (1044 bin., 2 int., 4 impl., 956 cont., 0 dom.fix.), and 16508 nonzeros

         0       0         0   0.00%   189.830138      1689              88.76%       42      0      0      7721     6.1s
         0       0         0   0.00%   189.830138      1689              88.76%       42     31      4      8838     6.2s
 L       0       0         0   0.00%   190.018488      733               74.08%     2006    126      4     10446    11.1s
        19       0         1   0.00%   190.0187113     733               74.08%     2018     45     33     89101    23.3s
        70      29        16   0.20%   192.2998766     733               73.77%     2615     94   1045    133930    33.3s
       168      50        51   0.49%   197.1503012     733               73.10%     2900    102   1896    150598    39.3s
 L     364     104       121   0.52%   197.1503012     731               73.03%     2998    142   2451    169142    45.4s
       474     128       156   0.64%   197.1503012     731               73.03%     3026     54   2714    193468    51.5s
 L     565     144       189   0.77%   197.1503012     731               73.03%     2782     80   2915    199296    54.3s
       759     176       255   1.38%   197.1503012     731               73.03%     2807     62   3300    217274    59.4s
 L     767     188       259   1.38%   197.1503012     731               73.03%     2895     76   3320    218188    62.1s
       943     222       320   1.62%   197.1503012     731               73.03%     2851     60   3884    244666    67.3s

Restarting search from the root node
Model after restart has 3447 rows, 2006 cols (1044 bin., 2 int., 4 impl., 956 cont., 0 dom.fix.), and 16483 nonzeros

       967       0         0   0.00%   197.1503012     731               73.03%       60      0      0    245714    67.8s
       967       0         0   0.00%   197.1503012     731               73.03%       60     23     11    247285    67.9s
      1082       9        43   3.96%   197.1503012     731               73.03%     1738    100    238    266744    73.1s
      1212      25        97   4.26%   197.1503012     731               73.03%     3260    203    692    288051    78.1s
      1377      65       144   5.12%   197.1503012     731               73.03%     3799    167   1201    305446    83.2s

        Nodes      |    B&B Tree     |            Objective Bounds              |  Dynamic Constraints |       Work      
Src  Proc. InQueue |  Leaves   Expl. | BestBound       BestSol              Gap |   Cuts   InLp Confl. | LpIters     Time

      1584      94       210   7.10%   197.1503012     731               73.03%     5160    270   1779    328312    88.8s
      1890     134       320  11.34%   197.1503012     731               73.03%     5181    155   2398    355478    94.3s
      2109     153       407  13.10%   197.1503012     731               73.03%     5396    151   3075    378784    99.3s
      2291     173       483  13.80%   197.1503012     731               73.03%     5566    287   3647    397807   104.6s
      2374     176       509  15.97%   197.1503012     731               73.03%     5843    224   4011    423505   109.6s
      2446     191       530  16.24%   197.1503012     731               73.03%     5902    174   4757    440270   114.6s
      2548     198       561  16.25%   197.1503012     731               73.03%     6688    176   5391    458345   119.7s
      2649     221       594  16.25%   197.1503012     731               73.03%     6918    209   6803    467097   124.8s
      2744     231       627  16.25%   197.1503012     731               73.03%     6378    135   8066    478527   129.8s
      2887     246       677  16.25%   197.1503012     731               73.03%     6238    162   9252    487776   134.9s
      3023     255       732  16.25%   197.1503012     731               73.03%     6288    123   9596    505205   139.9s
      3190     264       789  16.28%   197.1503012     731               73.03%     5408    257   9555    530305   146.3s
      3373     298       857  16.29%   197.1503012     731               73.03%     5726    226   9613    547259   151.3s
      3500     306       910  16.29%   197.1503012     731               73.03%     5947    198   9871    561470   156.3s
      3680     316       981  16.29%   197.1503012     731               73.03%     6577    136   9570    579515   161.6s
      3800     317      1025  19.85%   197.1503012     731               73.03%     6580    228   9834    603145   166.6s
      3911     331      1065  19.98%   200.9066933     731               72.52%     6623    214   8805    616713   171.6s
      3994     336      1093  20.30%   200.9066933     731               72.52%     6413    153   9468    632269   176.7s
      4029     353      1106  20.33%   200.9066933     731               72.52%     6765    203   8229    640055   181.8s
      4096     363      1131  20.34%   200.9066933     731               72.52%     6787    203   8695    645947   187.0s

        Nodes      |    B&B Tree     |            Objective Bounds              |  Dynamic Constraints |       Work      
Src  Proc. InQueue |  Leaves   Expl. | BestBound       BestSol              Gap |   Cuts   InLp Confl. | LpIters     Time

      4184     374      1160  20.36%   200.9066933     731               72.52%     6775    153   9387    655787   192.8s
      4227     378      1179  20.36%   200.9066933     731               72.52%     6984    141   9689    667353   199.8s
      4286     384      1199  20.36%   200.9066933     731               72.52%     6989    141   8033    671783   205.1s
      4321     385      1211  20.46%   200.9066933     731               72.52%     8389    262   8388    681976   212.5s
      4374     386      1227  20.60%   200.9066933     731               72.52%     8394    262   8678    687460   218.0s
      4407     387      1241  20.60%   200.9066933     731               72.52%     8415    262   9293    696770   227.4s
      4417     407      1244  20.60%   201.0210833     731               72.50%     9282    290   9428    704701   233.5s
      4423     403      1248  20.80%   201.0210833     731               72.50%     9734    153   9532    712785   238.9s
      4488     406      1271  20.80%   201.0210833     731               72.50%     9250    177   9234    721456   244.1s
      4553     417      1292  20.80%   201.0210833     731               72.50%     9272    178   9771    728902   249.4s
      4600     419      1313  20.80%   201.0210833     731               72.50%     9308    178   9399    735460   254.6s
      4628     428      1327  20.80%   201.0210833     731               72.50%     9717    156   9971    743584   260.0s
      4642     426      1332  20.83%   201.0210833     731               72.50%     8037    224   9565    753760   265.1s
      4734     437      1367  21.06%   204.1704197     731               72.07%     9315    261   9819    762649   271.7s
      4742     432      1372  21.07%   204.1704197     731               72.07%     9004    171   9944    775296   278.8s
 L    4840     440      1402  21.07%   204.1704197     586.1761006       65.17%     8389    239   9870    782844   290.5s
      4848     438      1405  21.46%   204.1704197     586.1761006       65.17%     8275    185   9992    799344   296.1s
      4941     442      1441  21.47%   204.1704197     586.1761006       65.17%     8281    185   9881    806527   301.2s
      4985     459      1459  21.47%   204.250913      586.1761006       65.16%     8225    220   9326    815241   306.3s
      5010     460      1470  21.47%   204.250913      586.1761006       65.16%     8296    220   9159    833883   315.2s

        Nodes      |    B&B Tree     |            Objective Bounds              |  Dynamic Constraints |       Work      
Src  Proc. InQueue |  Leaves   Expl. | BestBound       BestSol              Gap |   Cuts   InLp Confl. | LpIters     Time

      5034     461      1481  21.47%   204.250913      586.1761006       65.16%     8361    220   8907    850428   321.1s
      5128     469      1515  21.54%   204.250913      586.1761006       65.16%     8421    113   9662    858209   326.2s
      5153     475      1527  21.54%   204.250913      586.1761006       65.16%     8923    170   9211    862974   331.3s
      5188     476      1542  21.54%   204.250913      586.1761006       65.16%     9613    221   9675    869742   336.7s
      5225     475      1554  21.56%   204.250913      586.1761006       65.16%    10015    173   9925    880501   341.8s
      5285     478      1577  21.56%   204.250913      586.1761006       65.16%    10075    173   9374    890390   346.9s
 L    5295     336      1585  21.80%   204.250913      426.509434        52.11%     8549    199   9426    893621   356.4s
      5320     332      1592  21.81%   204.250913      426.509434        52.11%     6208    224   9546    917387   361.4s
      5328     332      1595  21.81%   204.250913      426.509434        52.11%     6304    224   9970    933185   368.6s
      5428     350      1634  21.99%   204.250913      426.509434        52.11%     6442    193   9842    939918   373.7s
      5557     363      1682  22.38%   205.0260323     426.509434        51.93%     6125    137   9974    947550   378.8s
      5639     386      1705  22.38%   205.0260323     426.509434        51.93%     6490    168   9834    954461   384.0s
      5722     400      1742  22.38%   205.0260323     426.509434        51.93%     6586    196   8238    964025   389.0s
      5815     413      1779  22.38%   205.0260323     426.509434        51.93%     6717    119   8792    971774   394.1s
      5926     420      1821  22.38%   205.0260323     426.509434        51.93%     6602    135   9510    980692   399.3s
      5975     430      1844  22.38%   205.0260323     426.509434        51.93%     5516    109   9648    986146   404.8s
      6040     436      1873  22.38%   205.0260323     426.509434        51.93%     5517    109   9020    994833   410.0s
      6056     435      1879  22.39%   205.0260323     426.509434        51.93%     6255    202   9268     1007k   417.9s
      6119     439      1904  22.39%   205.0260323     426.509434        51.93%     6270    202   9972     1014k   422.9s
      6241     461      1941  22.39%   205.3323979     426.509434        51.86%     6207    222   9786     1020k   427.9s

        Nodes      |    B&B Tree     |            Objective Bounds              |  Dynamic Constraints |       Work      
Src  Proc. InQueue |  Leaves   Expl. | BestBound       BestSol              Gap |   Cuts   InLp Confl. | LpIters     Time

      6251     485      1946  22.40%   205.3323979     426.509434        51.86%     6496    173   9818     1035k   434.7s
      6332     493      1973  22.40%   205.3323979     426.509434        51.86%     6496    173   9251     1043k   439.7s
      6457     515      2015  22.59%   205.3323979     426.509434        51.86%     7081    117   9568     1051k   444.8s
      6517     515      2045  22.59%   205.3323979     426.509434        51.86%     6768     87   8802     1056k   450.0s
      6540     514      2055  22.59%   205.3323979     426.509434        51.86%     6551    163   9062     1087k   467.7s
 L    6634     537      2077  23.14%   205.3323979     421.509434        51.29%     6526    175   9208     1091k   479.0s
      6737     549      2112  23.14%   205.3323979     421.509434        51.29%     7059    131   9661     1109k   484.3s
      6866     577      2153  23.15%   205.3323979     421.509434        51.29%     6851    198   9841     1117k   489.3s
      7043     616      2213  23.15%   205.3323979     421.509434        51.29%     5973    205   8833     1126k   495.6s
      7241     650      2282  23.15%   205.3323979     421.509434        51.29%     6289    126   9216     1133k   501.1s
      7361     673      2325  23.15%   205.3323979     421.509434        51.29%     6627    161   9814     1140k   506.3s
      7394     674      2339  23.15%   205.3323979     421.509434        51.29%     6692     98   9886     1145k   511.5s
      7444     679      2363  23.15%   205.3323979     421.509434        51.29%     6695     98   9756     1152k   516.7s
      7489     681      2384  23.15%   205.3323979     421.509434        51.29%     6524     91   9947     1155k   522.0s
      7526     681      2403  23.15%   205.3323979     421.509434        51.29%     6462     99   8855     1158k   527.2s
      7548     679      2414  23.16%   205.3323979     421.509434        51.29%     7184    207   9234     1166k   532.5s
      7646     695      2450  23.17%   206.9208174     421.509434        50.91%     5813    179   9862     1176k   539.9s
      7663     695      2456  23.17%   206.9208174     421.509434        50.91%     5924    175   9308     1184k   545.1s
      7681     695      2465  23.17%   206.9208174     421.509434        50.91%     5924    175   9762     1193k   550.4s

Restarting search from the root node
Model after restart has 3444 rows, 2004 cols (1044 bin., 2 int., 2 impl., 956 cont., 0 dom.fix.), and 16335 nonzeros

      7747       0         0   0.00%   206.9208174     421.509434        50.91%      175      0      0     1199k   555.3s

        Nodes      |    B&B Tree     |            Objective Bounds              |  Dynamic Constraints |       Work      
Src  Proc. InQueue |  Leaves   Expl. | BestBound       BestSol              Gap |   Cuts   InLp Confl. | LpIters     Time

      7747       0         0   0.00%   206.9208174     421.509434        50.91%      175     16      2     1200k   555.5s
      7747       0         0   0.00%   206.9208174     421.509434        50.91%     5610    117      2     1203k   560.7s
      7747       0         0   0.00%   206.9208174     421.509434        50.91%     6286     47      2     1211k   572.4s
      7751       0         1  12.50%   206.9208174     421.509434        50.91%     5566     47      7     1228k   578.9s
      7852      19        39  25.32%   206.9208174     421.509434        50.91%     5124    111    747     1242k   584.9s
      7944      28        68  25.33%   206.9208174     421.509434        50.91%     4914    106   1221     1252k   590.2s
      7975      30        82  25.33%   206.9208174     421.509434        50.91%     5029    106   3368     1261k   595.6s
      8084      57       128  26.41%   206.9208174     421.509434        50.91%     4302    123   3526     1274k   601.4s
      8190      71       161  26.47%   206.9208174     421.509434        50.91%     4239    144   3680     1286k   606.5s
      8317      71       219  28.28%   206.9208174     421.509434        50.91%     4299     98   4528     1298k   611.9s
      8400      73       250  28.30%   206.9208174     421.509434        50.91%     4337     98   4928     1313k   617.6s
      8513      82       293  28.38%   206.9208174     421.509434        50.91%     4434    113   5336     1324k   622.7s
      8523      90       298  28.44%   206.9208174     421.509434        50.91%     4009    237   5505     1332k   628.7s
      8622     102       339  28.48%   206.9208174     421.509434        50.91%     3976    180   6315     1340k   633.9s
      8734     105       387  28.62%   206.9208174     421.509434        50.91%     5093    181   6591     1350k   639.6s
      8829     121       425  28.64%   206.9208174     421.509434        50.91%     6246    205   7099     1360k   644.7s
      8915     128       453  28.64%   206.9208174     421.509434        50.91%     6279    205   7425     1368k   649.8s
      8960     127       470  28.78%   206.9208174     421.509434        50.91%     6121    192   7518     1379k   654.9s
      9040     139       500  28.79%   206.9208174     421.509434        50.91%     5564    194   8216     1405k   672.5s
      9053     141       504  28.79%   206.9208174     421.509434        50.91%     5564    194   8229     1414k   677.6s

        Nodes      |    B&B Tree     |            Objective Bounds              |  Dynamic Constraints |       Work      
Src  Proc. InQueue |  Leaves   Expl. | BestBound       BestSol              Gap |   Cuts   InLp Confl. | LpIters     Time

      9187     163       549  28.79%   206.9208174     421.509434        50.91%     5728    156   8846     1420k   682.6s
      9313     186       591  28.79%   206.9208174     421.509434        50.91%     5262    175   9631     1427k   687.7s
      9403     196       622  29.13%   206.9208174     421.509434        50.91%     5210    192   9855     1434k   692.7s
      9443     201       642  29.14%   206.9208174     421.509434        50.91%     4559    184   9293     1440k   698.9s
      9554     213       690  29.14%   206.9208174     421.509434        50.91%     4911    110   9706     1447k   704.2s
      9646     219       732  29.14%   206.9208174     421.509434        50.91%     6389    161   7481     1456k   711.8s
      9768     243       775  29.14%   206.9208174     421.509434        50.91%     6379    104   7813     1459k   716.8s
      9862     250       810  32.88%   206.9208174     421.509434        50.91%     6422    127   8183     1466k   721.9s
      9928     256       836  32.88%   206.9208174     421.509434        50.91%     6443    127   8832     1475k   727.2s
      9987     266       853  32.88%   206.9208174     421.509434        50.91%     6626    160   9022     1483k   732.5s
     10055     292       881  32.88%   206.9208174     421.509434        50.91%     7418    138   9436     1488k   737.5s
     10084     293       891  32.88%   206.9208174     421.509434        50.91%     7429    138   9921     1494k   743.3s
     10137     294       917  32.88%   206.9208174     421.509434        50.91%     7437    138   8807     1499k   748.3s
     10254     321       962  32.88%   206.9208174     421.509434        50.91%     7341    101   9618     1503k   753.5s
     10365     344      1003  32.88%   206.9208174     421.509434        50.91%     7217    115   9944     1509k   758.9s
     10393     348      1013  32.88%   206.9208174     421.509434        50.91%     7227    115   9827     1513k   765.1s
     10406     348      1018  32.88%   206.9208174     421.509434        50.91%     7230    115   9258     1515k   770.5s
     10461     361      1040  32.98%   206.9208174     421.509434        50.91%     7019    141   9722     1526k   778.9s
     10540     365      1069  33.04%   206.9208174     421.509434        50.91%     7038    141   9362     1536k   784.0s
     10596     376      1088  33.05%   206.9208174     421.509434        50.91%     6709    122   9621     1548k   789.0s

        Nodes      |    B&B Tree     |            Objective Bounds              |  Dynamic Constraints |       Work      
Src  Proc. InQueue |  Leaves   Expl. | BestBound       BestSol              Gap |   Cuts   InLp Confl. | LpIters     Time

     10703     382      1130  33.05%   206.9208174     421.509434        50.91%     5828    142   9696     1559k   794.1s
     10844     414      1179  33.17%   206.9208174     421.509434        50.91%     5860    202   9229     1573k   799.5s
     11044     448      1257  33.25%   206.9208174     421.509434        50.91%     6349    123   9045     1586k   804.9s
     11153     453      1302  33.35%   206.9208174     421.509434        50.91%     7067    147   9412     1601k   810.1s
     11235     458      1337  33.58%   206.9208174     421.509434        50.91%     7161    147   9490     1617k   815.2s
     11338     473      1377  35.01%   206.9208174     421.509434        50.91%     4938    158   9981     1638k   820.3s
     11557     506      1457  35.01%   206.9208174     421.509434        50.91%     4852    107   9385     1653k   825.4s
     11642     518      1488  35.01%   206.9208174     421.509434        50.91%     4489    139   9359     1666k   830.4s
     11680     526      1500  35.01%   206.9208174     421.509434        50.91%     4871    188   9598     1687k   835.6s
     11811     543      1543  35.01%   206.9208174     421.509434        50.91%     4944    206   9149     1703k   840.6s
     11880     552      1569  35.01%   206.9208174     421.509434        50.91%     5451    178   9608     1730k   850.0s
     12003     572      1619  35.06%   206.9208174     421.509434        50.91%     5632    200   9834     1749k   855.1s
     12080     589      1646  35.07%   206.9208174     421.509434        50.91%     6198    195   9985     1761k   860.1s
     12232     600      1702  35.44%   206.9208174     421.509434        50.91%     6171    142   9939     1776k   865.1s
     12350     604      1752  35.48%   206.9208174     421.509434        50.91%     4938    170   9995     1792k   870.1s
     12373     606      1763  35.50%   206.9208174     421.509434        50.91%     5041    170   9643     1806k   875.2s
     12429     605      1789  35.57%   206.9208174     421.509434        50.91%     4717    158   9822     1821k   880.2s
     12563     616      1841  35.86%   206.9208174     421.509434        50.91%     6299    186   9881     1834k   885.3s
     12687     642      1886  35.95%   206.9208174     421.509434        50.91%     6003    167   9827     1845k   890.3s
     12774     642      1929  36.06%   206.9208174     421.509434        50.91%     6384    148   9261     1856k   895.9s

        Nodes      |    B&B Tree     |            Objective Bounds              |  Dynamic Constraints |       Work      
Src  Proc. InQueue |  Leaves   Expl. | BestBound       BestSol              Gap |   Cuts   InLp Confl. | LpIters     Time

     12858     642      1965  36.06%   206.9208174     421.509434        50.91%     5653    202   9967     1868k   900.9s
     12961     654      2003  36.07%   206.9208174     421.509434        50.91%     5964    188   9637     1878k   906.0s
     13115     680      2063  36.07%   206.9208174     421.509434        50.91%     5856    126   9621     1887k   911.4s
     13127     685      2069  36.26%   206.9208174     421.509434        50.91%     6265    161   9663     1904k   917.9s
     13295     702      2133  36.37%   206.9208174     421.509434        50.91%     6169    154   9133     1919k   923.0s
     13429     734      2181  36.37%   206.9208174     421.509434        50.91%     6193    114   9724     1932k   928.7s
     13537     742      2225  36.38%   206.9208174     421.509434        50.91%     5706    172   9777     1949k   934.2s
     13697     761      2290  36.38%   206.9208174     421.509434        50.91%     5484    156   9862     1963k   939.3s
     13840     782      2345  36.38%   206.9208174     421.509434        50.91%     6614    185   9878     1977k   944.3s
     13939     789      2384  36.38%   206.9208174     421.509434        50.91%     6944    207   9653     2004k   951.8s
     13989     791      2409  36.38%   206.9208174     421.509434        50.91%     7536    159   9516     2018k   957.3s
     14132     806      2453  36.91%   206.9208174     421.509434        50.91%     6597    160   9907     2033k   962.5s
     14316     829      2518  36.91%   206.9208174     421.509434        50.91%     6871    170   9637     2050k   967.5s
     14428     838      2559  36.91%   206.9208174     421.509434        50.91%     7253    246   9862     2069k   972.8s
     14570     854      2610  36.92%   206.9208174     421.509434        50.91%     6224    194   9454     2089k   978.0s
     14726     881      2670  36.93%   206.9208174     421.509434        50.91%     6964    264   9463     2108k   983.8s
 L   14792     887      2698  36.93%   206.9208174     421.509434        50.91%     6968    194   9505     2123k   990.7s
     14898     896      2739  36.93%   206.9208174     421.509434        50.91%     6068    136   9994     2152k   995.8s
     15029     920      2787  36.93%   206.9208174     421.509434        50.91%     5809    210   8355     2203k  1009.5s
     15221     938      2865  36.93%   206.9208174     421.509434        50.91%     6032    233   9917     2222k  1014.5s

        Nodes      |    B&B Tree     |            Objective Bounds              |  Dynamic Constraints |       Work      
Src  Proc. InQueue |  Leaves   Expl. | BestBound       BestSol              Gap |   Cuts   InLp Confl. | LpIters     Time

     15429     960      2947  36.93%   206.9208174     421.509434        50.91%     5509    107   9780     2242k  1019.7s
     15739     990      3051  36.93%   206.9208174     421.509434        50.91%     5353    140   9764     2260k  1024.7s
     15968    1016      3138  37.03%   206.9208174     421.509434        50.91%     4919    150   9495     2285k  1030.2s
 L   16162    1028      3205  37.04%   206.9208174     419.509434        50.68%     5358    181   9799     2297k  1038.0s
     16578    1075      3352  37.04%   206.9208174     419.509434        50.68%     5398    116   9515     2328k  1043.1s
     16767    1088      3418  37.05%   206.9208174     419.509434        50.68%     6021    165   9601     2353k  1048.4s
     16945    1104      3482  37.05%   206.9208174     419.509434        50.68%     6890    144   9687     2372k  1053.4s
     17053    1111      3523  37.07%   206.9208174     419.509434        50.68%     7271    182   9169     2390k  1059.1s
     17176    1124      3577  37.07%   207.7233513     419.509434        50.48%     7140    191   9882     2407k  1064.4s
     17395    1175      3660  37.07%   207.7233513     419.509434        50.48%     7349     83   9809     2423k  1069.4s
     17450    1177      3682  37.07%   207.7233513     419.509434        50.48%     7435     83   9340     2434k  1075.2s

Restarting search from the root node
Model after restart has 3442 rows, 2002 cols (1042 bin., 2 int., 2 impl., 956 cont., 0 dom.fix.), and 16324 nonzeros

     17505       0         0   0.00%   207.7233513     419.509434        50.48%       99      0      0     2435k  1076.1s
     17505       0         0   0.00%   207.7233513     419.509434        50.48%       99     35      3     2436k  1076.2s
     17513       0         1   1.56%   207.7233513     419.509434        50.48%     5906     63      7     2458k  1093.8s
     17647      11        54  13.47%   207.7233513     419.509434        50.48%     6157    130   1426     2479k  1098.9s
     17720      18        88  13.65%   207.7233513     419.509434        50.48%     6250    150   3541     2493k  1103.9s
     17822      25       130  15.33%   207.7233513     419.509434        50.48%     6132    103   6112     2507k  1109.2s
     17877      27       157  15.34%   207.7233513     419.509434        50.48%     6149    103   8483     2518k  1114.3s
     18042      41       225  18.50%   207.7233513     419.509434        50.48%     5973    185   9737     2535k  1119.5s
     18196      44       286  18.57%   207.7233513     419.509434        50.48%     4877    118   6957     2553k  1124.5s

        Nodes      |    B&B Tree     |            Objective Bounds              |  Dynamic Constraints |       Work      
Src  Proc. InQueue |  Leaves   Expl. | BestBound       BestSol              Gap |   Cuts   InLp Confl. | LpIters     Time

     18417      64       377  29.85%   207.7233513     419.509434        50.48%     5370    124   8345     2577k  1129.7s
     18639      85       459  29.85%   207.7233513     419.509434        50.48%     5143    167   9680     2594k  1134.8s
     18941     105       597  29.86%   207.7233513     419.509434        50.48%     5732     98   5258     2610k  1139.9s
     19230     126       721  30.11%   207.7233513     419.509434        50.48%     6984    140   7018     2630k  1145.3s
     19450     153       807  30.29%   207.7233513     419.509434        50.48%     6911    208   8583     2650k  1150.4s
     19739     183       919  30.31%   207.7233513     419.509434        50.48%     6030    114   9346     2672k  1156.1s
     19952     198       997  30.31%   207.7233513     419.509434        50.48%     6808    140   9304     2687k  1161.3s
     20107     210      1061  30.33%   207.7233513     419.509434        50.48%     6688    191   9736     2706k  1166.3s
     20150     227      1075  30.34%   207.7233513     419.509434        50.48%     6252    138   9783     2725k  1176.2s
     20253     250      1108  30.35%   207.7233513     419.509434        50.48%     6277    155   9705     2749k  1182.4s
     20543     287      1220  30.38%   207.7233513     419.509434        50.48%     5677    161   9733     2765k  1187.4s
     20795     309      1323  30.39%   207.7233513     419.509434        50.48%     6143    159   9686     2783k  1192.4s
     21094     340      1443  30.57%   207.7233513     419.509434        50.48%     6318    134   9713     2798k  1197.5s
     21292     354      1522  31.04%   207.7233513     419.509434        50.48%     6889    126   9992     2816k  1202.5s
     21603     396      1642  31.06%   207.7233513     419.509434        50.48%     5279    113   9880     2834k  1207.5s
     21858     426      1747  31.19%   207.7233513     419.509434        50.48%     7268    187   9554     2851k  1212.6s
     22072     461      1831  31.35%   207.7233513     419.509434        50.48%     3424    177   9608     2866k  1217.6s

Restarting search from the root node
Model after restart has 3440 rows, 2000 cols (1040 bin., 2 int., 2 impl., 956 cont., 0 dom.fix.), and 16322 nonzeros

     22250       0         0   0.00%   207.7233513     419.509434        50.48%      213      0      0     2881k  1221.3s
     22250       0         0   0.00%   207.7233513     419.509434        50.48%      213     13      2     2882k  1221.4s
 L   22250       0         0   0.00%   207.7233513     419.509434        50.48%     2594     58      2     2889k  1238.4s

        Nodes      |    B&B Tree     |            Objective Bounds              |  Dynamic Constraints |       Work      
Src  Proc. InQueue |  Leaves   Expl. | BestBound       BestSol              Gap |   Cuts   InLp Confl. | LpIters     Time

     22455      23        86  10.52%   207.7233513     419.509434        50.48%     3893     60   1995     2927k  1244.0s
     22649      34       173  18.58%   207.7233513     419.509434        50.48%     3453    124   3485     2952k  1249.1s
     22874      50       271  21.78%   207.7233513     419.509434        50.48%     4940    142   5410     2971k  1254.1s
     23060      77       346  29.83%   207.7233513     419.509434        50.48%     5544    137   6914     2994k  1259.2s
     23267      91       427  29.99%   207.7233513     419.509434        50.48%     6641    172   8973     3015k  1264.5s
     23521     115       534  30.04%   207.7233513     419.509434        50.48%     6686    157   8205     3034k  1269.6s
     23680     117       605  31.67%   207.7233513     419.509434        50.48%     7731    199   9175     3055k  1274.7s
     23960     142       725  31.73%   207.7233513     419.509434        50.48%     9961    146   9179     3072k  1279.7s
     24044     152       759  31.90%   207.7233513     419.509434        50.48%     8317    191   9935     3093k  1285.1s
     24218     175       826  35.12%   207.7233513     419.509434        50.48%     6738    204   8871     3115k  1290.8s
     24399     186       904  36.79%   207.7233513     419.509434        50.48%     7042    243   9034     3134k  1296.4s
     24499     197       946  36.86%   207.7233513     419.509434        50.48%     6695    200   9586     3155k  1302.2s
     24595     200       981  36.93%   207.7233513     419.509434        50.48%     5490    239   8829     3175k  1307.2s
     24673     212      1011  36.96%   207.7233513     419.509434        50.48%     5298    250   9914     3194k  1312.5s
     24787     229      1051  37.25%   207.7233513     419.509434        50.48%     5491    169   9646     3211k  1317.7s
     24880     229      1093  37.25%   207.7233513     419.509434        50.48%     5502    111   9635     3229k  1322.7s
     25004     243      1144  37.25%   207.7233513     419.509434        50.48%     4957    118   9729     3243k  1327.8s
     25132     247      1200  37.25%   207.7233513     419.509434        50.48%     5462    155   9958     3259k  1332.8s
     25237     262      1247  37.25%   207.7233513     419.509434        50.48%     4631    141   9604     3280k  1338.8s
     25283     266      1267  37.25%   207.7233513     419.509434        50.48%     5719    172   9320     3303k  1344.0s

        Nodes      |    B&B Tree     |            Objective Bounds              |  Dynamic Constraints |       Work      
Src  Proc. InQueue |  Leaves   Expl. | BestBound       BestSol              Gap |   Cuts   InLp Confl. | LpIters     Time

     25390     266      1307  38.31%   207.7233513     419.509434        50.48%     6192    197   8806     3321k  1349.1s
     25504     294      1348  38.31%   207.7233513     419.509434        50.48%     5686    224   9592     3344k  1356.7s
     25710     311      1422  38.31%   207.7233513     419.509434        50.48%     5228     94   9013     3366k  1361.7s
     25937     341      1506  38.31%   207.7233513     419.509434        50.48%     5042    111   9770     3389k  1366.7s
     26158     366      1603  38.31%   207.7233513     419.509434        50.48%     4769     71   9898     3403k  1372.0s
     26330     390      1671  38.48%   207.7233513     419.509434        50.48%     4915    112   9022     3422k  1377.0s
     26462     403      1726  38.53%   207.7233513     419.509434        50.48%     5320    121   9877     3439k  1382.1s
     26672     421      1814  38.53%   207.7233513     419.509434        50.48%     5572    138   9690     3455k  1387.1s
     26944     452      1916  38.53%   207.7233513     419.509434        50.48%     5316    101   9148     3469k  1392.3s
     27128     474      1983  38.58%   207.7233513     419.509434        50.48%     6541    195   9750     3485k  1398.0s
     27293     486      2053  38.66%   207.7233513     419.509434        50.48%     7723    119   8154     3497k  1403.0s
     27434     497      2115  38.66%   207.7233513     419.509434        50.48%     8234    150   9234     3508k  1408.0s
     27585     504      2188  38.66%   207.7233513     419.509434        50.48%     8547     74   9021     3524k  1413.1s
     27766     519      2266  38.66%   207.7233513     419.509434        50.48%     9170    112   9931     3540k  1418.2s
     27982     543      2347  39.54%   207.7233513     419.509434        50.48%     8375    146   9717     3556k  1423.2s
     28155     565      2408  39.54%   207.7233513     419.509434        50.48%     9088    181   9795     3571k  1428.2s
     28403     600      2513  39.54%   207.7233513     419.509434        50.48%     9875    154   9987     3592k  1433.9s
     28569     610      2588  39.54%   207.7233513     419.509434        50.48%    10093     85   9699     3613k  1439.0s
     28815     632      2693  39.54%   207.7233513     419.509434        50.48%     9985    139   9862     3631k  1444.0s
     29015     651      2779  39.54%   207.7233513     419.509434        50.48%    10111    140   9851     3652k  1449.4s

        Nodes      |    B&B Tree     |            Objective Bounds              |  Dynamic Constraints |       Work      
Src  Proc. InQueue |  Leaves   Expl. | BestBound       BestSol              Gap |   Cuts   InLp Confl. | LpIters     Time

     29255     664      2891  39.54%   207.7233513     419.509434        50.48%     9252    175   9083     3671k  1454.4s
     29510     679      3002  39.59%   207.7233513     419.509434        50.48%     9647    124   8998     3693k  1459.4s
     29727     700      3099  39.59%   207.7233513     419.509434        50.48%     7554    111   9239     3715k  1464.8s
     29970     713      3203  39.59%   207.7233513     419.509434        50.48%     8848    197   9377     3732k  1469.8s
     30168     731      3284  39.66%   207.7233513     419.509434        50.48%     7532    188   9334     3755k  1474.9s
     30473     746      3420  39.66%   207.7233513     419.509434        50.48%     8592    104   9895     3775k  1479.9s
     30688     765      3517  39.66%   207.7233513     419.509434        50.48%     9479    172   9735     3795k  1484.9s
     30863     768      3601  39.68%   207.7233513     419.509434        50.48%     9710    148   9715     3818k  1491.3s
     31080     782      3686  39.70%   207.7233513     419.509434        50.48%     8882    138   9655     3838k  1496.7s
     31255     784      3770  39.70%   207.7233513     419.509434        50.48%     8536    154   9587     3854k  1501.7s
     31434     795      3851  39.70%   207.7233513     419.509434        50.48%     8450    188   9174     3874k  1507.8s
     31680     822      3945  39.70%   207.7233513     419.509434        50.48%     8887    108   9637     3887k  1512.8s
     31861     834      4028  39.70%   207.7233513     419.509434        50.48%     9708     82   9674     3901k  1517.9s
     31973     834      4080  39.70%   207.7233513     419.509434        50.48%     9652    202   9321     3910k  1523.3s
     32169     855      4166  39.70%   207.7233513     419.509434        50.48%     9829     95   9992     3924k  1529.9s
     32275     866      4206  39.70%   207.7233513     419.509434        50.48%     9556    120   9783     3949k  1548.3s
     32398     875      4262  39.70%   207.7233513     419.509434        50.48%     7671     83   9657     3958k  1553.3s
     32532     882      4326  39.70%   207.7233513     419.509434        50.48%     7370    112   9673     3969k  1558.3s
     32676     892      4394  39.70%   207.7233513     419.509434        50.48%     7136    132   9852     3980k  1563.4s
     32783     911      4435  39.70%   207.7233513     419.509434        50.48%     7173     70   9854     3991k  1568.4s

        Nodes      |    B&B Tree     |            Objective Bounds              |  Dynamic Constraints |       Work      
Src  Proc. InQueue |  Leaves   Expl. | BestBound       BestSol              Gap |   Cuts   InLp Confl. | LpIters     Time

     32786     910      4436  39.73%   207.7233513     419.509434        50.48%     6399    181   9859     4004k  1575.7s
     32998     938      4513  39.77%   207.7233513     419.509434        50.48%     6378    185   9894     4017k  1580.9s

Restarting search from the root node
Model after restart has 3439 rows, 1999 cols (1039 bin., 2 int., 2 impl., 956 cont., 0 dom.fix.), and 16314 nonzeros

 J   33083       0         0   0.00%   207.7233513     419.509434        50.48%      183    186      0     4023k  1583.2s
     33083       0         0   0.00%   207.7233513     419.509434        50.48%      183     37      2     4023k  1583.3s
     33083       0         0   0.00%   207.7233513     419.509434        50.48%     3701    119      2     4027k  1588.4s
 L   33083       0         0   0.00%   207.7233513     419.5094339       50.48%     3092     55      2     4030k  1614.0s
     33288      15        86   8.85%   207.7233513     419.5094339       50.48%     3032    147   2374     4081k  1620.1s
     33536      34       186  11.75%   207.7233513     419.5094339       50.48%     4059    101   4081     4103k  1625.5s
     33735      54       266  11.77%   207.7233513     419.5094339       50.48%     4176    196   4899     4123k  1631.2s
     33922      66       344  11.78%   207.7233513     419.5094339       50.48%     3873    234   7276     4136k  1636.2s
     34048      78       387  11.81%   207.7233513     419.5094339       50.48%     3787    137   9166     4152k  1641.4s
     34195      89       453  11.83%   207.7233513     419.5094339       50.48%     4249    180   8705     4169k  1646.4s
     34397     109       538  13.12%   207.7233513     419.5094339       50.48%     4996    195   9719     4190k  1651.4s
     34649     148       632  13.74%   207.7233513     419.5094339       50.48%     5322    148   8938     4211k  1656.5s
     34924     178       750  13.82%   207.7233513     419.5094339       50.48%     5557    131   9539     4239k  1662.4s
     35196     218       852  13.84%   207.7233513     419.5094339       50.48%     5095    179   9967     4260k  1667.4s
     35345     228       920  13.84%   207.7233513     419.5094339       50.48%     5762    127   7757     4277k  1672.5s
     35564     269      1005  13.84%   207.7233513     419.5094339       50.48%     6291    133   8646     4297k  1677.6s
     35850     313      1111  28.81%   207.7233513     419.5094339       50.48%     6935    154   9646     4321k  1682.8s
     36140     350      1229  28.81%   207.7233513     419.5094339       50.48%     6909     73   8542     4336k  1687.8s

        Nodes      |    B&B Tree     |            Objective Bounds              |  Dynamic Constraints |       Work      
Src  Proc. InQueue |  Leaves   Expl. | BestBound       BestSol              Gap |   Cuts   InLp Confl. | LpIters     Time

     36468     392      1370  28.81%   207.7233513     419.5094339       50.48%     6305     67   9249     4359k  1692.8s
     36838     420      1527  29.27%   207.7233513     419.5094339       50.48%     6288    102   9908     4382k  1697.8s
     37041     440      1616  29.27%   207.7233513     419.5094339       50.48%     6118    126   9976     4404k  1703.2s
     37313     460      1738  29.27%   207.7233513     419.5094339       50.48%     5433    115   9230     4424k  1708.2s
     37631     487      1877  29.61%   207.7233513     419.5094339       50.48%     4661    148   9327     4445k  1713.2s
     37890     504      1990  29.61%   207.7233513     419.5094339       50.48%     5666     82   9841     4465k  1718.4s
     38196     533      2115  29.61%   207.7233513     419.5094339       50.48%     6160    111   9989     4481k  1723.5s
     38219     531      2125  29.83%   207.7233513     419.5094339       50.48%     7147    221   9894     4499k  1728.5s
     38447     549      2222  29.87%   207.7233513     419.5094339       50.48%     6807     98   9730     4515k  1733.6s
     38694     574      2333  29.87%   207.7233513     419.5094339       50.48%     7933     81   9736     4540k  1738.6s
     38891     583      2418  29.87%   207.7233513     419.5094339       50.48%     8595    131   9977     4563k  1743.6s
     39172     603      2540  29.87%   207.7233513     419.5094339       50.48%     8160     86   9654     4580k  1748.6s
     39332     618      2606  29.91%   207.7233513     419.5094339       50.48%     8593    138   9668     4591k  1753.7s
     39588     639      2715  29.91%   207.7233513     419.5094339       50.48%     8292     87   9949     4606k  1758.8s
     39852     669      2827  29.91%   207.7233513     419.5094339       50.48%     7982    123   9871     4624k  1763.8s
     40113     678      2940  30.29%   207.7233513     419.5094339       50.48%     8784    164   9535     4643k  1768.8s
     40256     685      2999  30.29%   207.7233513     419.5094339       50.48%     9141    193   9961     4657k  1773.9s
     40338     693      3036  30.29%   207.7233513     419.5094339       50.48%     8375    143   9863     4664k  1779.8s
     40633     732      3150  30.29%   207.7233513     419.5094339       50.48%     6129     84   9522     4678k  1784.8s
     40908     781      3262  30.37%   207.7233513     419.5094339       50.48%     6835     71   9932     4693k  1789.9s

        Nodes      |    B&B Tree     |            Objective Bounds              |  Dynamic Constraints |       Work      
Src  Proc. InQueue |  Leaves   Expl. | BestBound       BestSol              Gap |   Cuts   InLp Confl. | LpIters     Time

     41169     826      3367  30.37%   207.7233513     419.5094339       50.48%     6955    107   9874     4706k  1794.9s
     41382     857      3449  30.37%   207.7233513     419.5094339       50.48%     6888    135   9652     4719k  1799.9s
     41648     905      3557  36.62%   207.7233513     419.5094339       50.48%     7626    178   9351     4734k  1805.8s
     41859     923      3625  42.61%   207.7233513     419.5094339       50.48%     8033    150   9739     4753k  1811.1s
     42182     977      3725  42.61%   207.7233513     419.5094339       50.48%     8814    174   9754     4763k  1816.3s
     42444    1007      3832  42.61%   207.7233513     419.5094339       50.48%     8730    127   9912     4772k  1821.3s
     42621    1017      3913  45.97%   207.7233513     419.5094339       50.48%     9182    133   9891     4782k  1826.3s
     42807    1035      3993  46.02%   207.7233513     419.5094339       50.48%     9272    135   9927     4797k  1831.4s
     43061    1049      4114  46.02%   207.7233513     419.5094339       50.48%     9257     52   9934     4807k  1836.4s
     43310    1079      4221  46.02%   207.7233513     419.5094339       50.48%     8543     76   9944     4820k  1841.7s
     43608    1126      4345  46.02%   207.7233513     419.5094339       50.48%     8537    168   9761     4831k  1848.1s
     43839    1144      4444  46.04%   207.7233513     419.5094339       50.48%     6232     86   9819     4844k  1853.1s
     44056    1150      4544  46.04%   207.7233513     419.5094339       50.48%     6524     66   9837     4855k  1858.1s
     44267    1158      4640  46.04%   207.7233513     419.5094339       50.48%     6963     68   9740     4873k  1863.2s
     44531    1186      4753  46.04%   207.7233513     419.5094339       50.48%     7392     85   9897     4884k  1868.2s
 L   44709    1193      4833  48.38%   207.7233513     418.509434        50.37%     5928    136   9728     4895k  1893.4s
     44953    1195      4954  48.38%   207.7233513     418.509434        50.37%     5595     70   9801     4941k  1898.4s
     45149    1207      5046  48.38%   207.7233513     418.509434        50.37%     5678     65   9883     4953k  1903.4s
     45371    1218      5146  48.38%   207.7233513     418.509434        50.37%     6049    114   9926     4970k  1908.5s
     45474    1232      5188  48.39%   207.7233513     418.509434        50.37%     7028    219   9787     4982k  1913.5s

        Nodes      |    B&B Tree     |            Objective Bounds              |  Dynamic Constraints |       Work      
Src  Proc. InQueue |  Leaves   Expl. | BestBound       BestSol              Gap |   Cuts   InLp Confl. | LpIters     Time

     45724    1275      5292  48.39%   207.7233513     418.509434        50.37%     7218    174   9418     4992k  1918.5s
     45887    1292      5367  48.39%   207.7233513     418.509434        50.37%     7250    121   9861     5001k  1923.6s
     46006    1293      5426  48.39%   207.7233513     418.509434        50.37%     7383     76   9874     5017k  1928.6s
     46154    1295      5498  48.39%   207.7233513     418.509434        50.37%     7667     85   9527     5038k  1933.6s
     46222    1294      5527  50.15%   207.7233513     418.509434        50.37%     7810    132   9878     5051k  1938.7s
     46372    1296      5589  51.52%   207.7233513     418.509434        50.37%     7858    160   9631     5068k  1943.7s
     46588    1318      5685  51.52%   207.7233513     418.509434        50.37%     8191     83   9695     5080k  1948.7s
     46810    1333      5786  51.52%   207.7233513     418.509434        50.37%     8401     65   9733     5092k  1953.7s
     46918    1348      5831  51.53%   207.7233513     418.509434        50.37%     9425    169   9954     5105k  1958.7s
     46932    1349      5836  51.53%   207.7233513     418.509434        50.37%     9426    169   9981     5117k  1963.8s
     47181    1370      5941  51.58%   207.7233513     418.509434        50.37%     9233     68   9785     5132k  1968.8s
     47409    1385      6047  51.58%   207.7233513     418.509434        50.37%     9280    183   9649     5144k  1973.8s
     47597    1396      6129  51.60%   207.7233513     418.509434        50.37%     8362    161   9924     5155k  1978.8s
     47813    1408      6233  51.60%   207.7233513     418.509434        50.37%     7942    199   9650     5168k  1983.9s
     47951    1409      6295  51.63%   207.7233513     418.509434        50.37%     8742    167   9593     5186k  1990.3s
     48142    1425      6380  51.64%   207.7233513     418.509434        50.37%     8809    123   9882     5197k  1995.4s
     48236    1432      6413  51.64%   207.7233513     418.509434        50.37%     8943    126   9705     5205k  2000.4s
     48408    1449      6496  51.64%   207.7233513     418.509434        50.37%     9010     61   9747     5213k  2005.5s
     48527    1458      6550  51.64%   207.7233513     418.509434        50.37%     8925    117   9935     5223k  2010.5s
     48649    1471      6604  51.64%   207.7233513     418.509434        50.37%     8954    129   9823     5232k  2015.6s

        Nodes      |    B&B Tree     |            Objective Bounds              |  Dynamic Constraints |       Work      
Src  Proc. InQueue |  Leaves   Expl. | BestBound       BestSol              Gap |   Cuts   InLp Confl. | LpIters     Time

     48738    1480      6639  51.85%   207.7233513     418.509434        50.37%     8595    189   9948     5242k  2020.6s
     48885    1499      6702  51.85%   207.7233513     418.509434        50.37%     8186    125   9845     5252k  2025.7s
     49070    1515      6785  51.85%   207.7233513     418.509434        50.37%     8078    177   9844     5262k  2030.7s
     49150    1517      6821  51.86%   207.7233513     418.509434        50.37%     7602    114   9730     5275k  2035.8s
     49298    1527      6886  51.86%   207.7233513     418.509434        50.37%     5574    150   9626     5290k  2041.8s
     49450    1540      6950  51.86%   207.7233513     418.509434        50.37%     5459    162   9767     5300k  2046.8s
     49587    1546      7013  51.86%   207.7233513     418.509434        50.37%     6362    172   9887     5307k  2051.9s
     49722    1546      7080  51.86%   207.7233513     418.509434        50.37%     6824     65   9743     5315k  2056.9s
     49777    1543      7104  51.87%   207.7233513     418.509434        50.37%     8159    208   9982     5330k  2065.1s
     49940    1554      7177  51.87%   207.7233513     418.509434        50.37%     8054    262   9969     5341k  2070.1s
     50052    1561      7228  51.87%   207.7233513     418.509434        50.37%     8211    280   9929     5350k  2075.1s
     50171    1560      7288  51.87%   207.7233513     418.509434        50.37%     7956    141  10000     5360k  2080.1s
     50319    1559      7363  51.89%   207.7233513     418.509434        50.37%     7916    113   9905     5372k  2085.9s
     50420    1570      7403  51.90%   207.7233513     418.509434        50.37%     7630    149   9746     5384k  2091.3s
 L   50519    1497      7446  51.95%   207.7233513     414.509434        49.89%     6829    159   9850     5389k  2113.1s
     50691    1507      7521  51.96%   207.7233513     414.509434        49.89%     7375    103   9437     5425k  2118.2s
     50879    1512      7609  51.97%   207.7233513     414.509434        49.89%     9170    122   9565     5441k  2123.7s
     51074    1520      7698  51.97%   207.7233513     414.509434        49.89%     8774    102   9565     5459k  2128.8s
     51241    1539      7765  52.04%   207.7233513     414.509434        49.89%     8772    203   9766     5477k  2134.2s
     51349    1532      7819  53.60%   207.7233513     414.509434        49.89%     8368    153   9758     5497k  2139.6s

        Nodes      |    B&B Tree     |            Objective Bounds              |  Dynamic Constraints |       Work      
Src  Proc. InQueue |  Leaves   Expl. | BestBound       BestSol              Gap |   Cuts   InLp Confl. | LpIters     Time

     51587    1540      7928  54.59%   207.7233513     414.509434        49.89%     8245     78   9838     5517k  2144.6s
     51822    1544      8036  54.68%   207.7233513     414.509434        49.89%     8466    153   9795     5540k  2150.0s
     52103    1573      8161  54.70%   207.7233513     414.509434        49.89%     7891    189   9869     5554k  2155.0s
     52403    1578      8301  54.70%   207.7233513     414.509434        49.89%     6403    208   9850     5574k  2160.0s
     52647    1594      8412  54.89%   208.1975507     414.509434        49.77%     6068    171   9998     5594k  2165.9s
     52851    1607      8507  55.14%   208.3945959     414.509434        49.73%     6352    103   9929     5617k  2170.9s
     52994    1646      8557  55.14%   208.3945959     414.509434        49.73%     6714     86   9814     5700k  2213.6s
     53408    1720      8721  55.15%   208.3945959     414.509434        49.73%     7971    173   9976     5715k  2218.6s
     53652    1720      8841  55.16%   208.3946888     414.509434        49.72%     6856    119   9749     5733k  2223.6s
     53939    1731      8976  55.16%   208.3946888     414.509434        49.72%     7332     81   9659     5756k  2228.6s
     54182    1745      9073  55.16%   208.3946888     414.509434        49.72%     7936    167   9953     5773k  2233.6s
     54397    1762      9170  55.16%   208.3946888     414.509434        49.72%     7420    159   9933     5793k  2238.7s
     54653    1784      9281  55.16%   208.3946888     414.509434        49.72%     8179     88   9777     5813k  2243.8s
     54889    1799      9390  55.17%   208.3946888     414.509434        49.72%     7547    211   9791     5836k  2248.8s
     55176    1825      9522  55.17%   208.732531      414.509434        49.64%     7851     87   9686     5854k  2253.8s
     55320    1824      9591  55.19%   208.8945767     414.509434        49.60%     6948    191   9735     5870k  2258.8s
     55588    1841      9713  55.19%   208.8945767     414.509434        49.60%     7307    120   9564     5891k  2263.8s
     55831    1856      9815  56.53%   209.1972789     414.509434        49.53%     6960    202   9763     5908k  2268.9s
     56036    1863      9905  56.53%   209.1972789     414.509434        49.53%     7528    180   9706     5926k  2273.9s
     56219    1878      9985  56.94%   209.7446655     414.509434        49.40%     7694     87   9874     5948k  2279.3s

        Nodes      |    B&B Tree     |            Objective Bounds              |  Dynamic Constraints |       Work      
Src  Proc. InQueue |  Leaves   Expl. | BestBound       BestSol              Gap |   Cuts   InLp Confl. | LpIters     Time

     56488    1893     10095  56.97%   209.7446655     414.509434        49.40%     8541    150   9826     5968k  2284.3s
     56697    1913     10182  56.97%   210.7736823     414.509434        49.15%     7791    121   9890     5986k  2289.3s
     56866    1935     10251  56.98%   210.7736823     414.509434        49.15%     7166    186   9944     6005k  2294.4s
     57269    1968     10431  56.98%   210.8578916     414.509434        49.13%     5833     77   9980     6031k  2299.4s
     57485    1994     10518  56.98%   210.8578916     414.509434        49.13%     6679    168   9779     6049k  2304.4s
     57673    2005     10601  56.98%   210.8578916     414.509434        49.13%     7727    185   9868     6080k  2313.6s
     58084    2034     10771  56.98%   211.0204309     414.509434        49.09%     8122     82   9820     6100k  2318.6s
     58397    2051     10902  56.98%   211.0204309     414.509434        49.09%     9051    200   9762     6117k  2323.6s
     58704    2071     11032  56.99%   211.1807839     414.509434        49.05%    10139     99   9761     6136k  2328.6s
     58917    2079     11132  57.21%   212.2886926     414.509434        48.79%     7298    144   9861     6157k  2333.7s
     59254    2107     11273  57.31%   212.2886926     414.509434        48.79%     6002    163   9268     6175k  2339.1s
     59525    2116     11400  57.36%   212.3130111     414.509434        48.78%     5905    111   9856     6201k  2344.2s
     59728    2126     11488  57.48%   212.3130111     414.509434        48.78%     6806    159   9836     6224k  2349.2s
     60025    2147     11621  57.49%   212.3188389     414.509434        48.78%     7432    163   9851     6250k  2354.2s
     60405    2173     11791  57.49%   212.340929      414.509434        48.77%     7120    128   9821     6276k  2359.2s
     60603    2186     11876  58.27%   212.4961331     414.509434        48.74%     5690    119   9818     6310k  2364.7s
     60907    2224     12002  58.27%   212.4961331     414.509434        48.74%     5303    118   9414     6330k  2369.8s
     61110    2231     12098  58.27%   212.4961331     414.509434        48.74%     5991    137   9876     6356k  2375.2s
     61428    2282     12223  58.27%   212.4961331     414.509434        48.74%     5660    132   9975     6374k  2380.3s
     61654    2299     12330  58.28%   212.7453392     414.509434        48.68%     5611    105   9636     6395k  2385.3s

        Nodes      |    B&B Tree     |            Objective Bounds              |  Dynamic Constraints |       Work      
Src  Proc. InQueue |  Leaves   Expl. | BestBound       BestSol              Gap |   Cuts   InLp Confl. | LpIters     Time

     61817    2312     12404  58.28%   212.7453392     414.509434        48.68%     5524    125   9657     6417k  2390.3s
     61963    2316     12474  58.28%   212.7453392     414.509434        48.68%     5445    171   9783     6440k  2395.3s
     62111    2327     12537  58.29%   212.9705872     414.509434        48.62%     5718    117   9558     6463k  2400.5s
     62372    2344     12656  58.34%   212.9705872     414.509434        48.62%     7108    160   9820     6485k  2406.5s
     62596    2372     12739  58.39%   213.0121988     414.509434        48.61%     8079    149   9710     6514k  2411.6s
     62845    2413     12828  58.39%   213.0121988     414.509434        48.61%     7656    126   9996     6530k  2416.6s
     63011    2448     12895  58.39%   213.0121988     414.509434        48.61%     6985    200   9931     6549k  2421.7s
     63439    2532     13054  58.39%   213.2833809     414.509434        48.55%     6251     81   9783     6564k  2426.8s
     63560    2540     13092  58.39%   213.2833809     414.509434        48.55%     6946     78   9690     6581k  2431.8s
     63798    2574     13178  58.42%   213.2833809     414.509434        48.55%     6022    151   9953     6603k  2436.8s
     64103    2597     13289  58.42%   213.3264399     414.509434        48.54%     6805    107   9791     6619k  2441.8s
     64357    2613     13393  58.42%   214.0140011     414.509434        48.37%     7106    108   9637     6643k  2446.8s
     64721    2682     13526  58.42%   214.0140011     414.509434        48.37%     7316     39   9958     6664k  2451.9s
     65064    2733     13671  58.42%   214.0140011     414.509434        48.37%     7111     59   9756     6693k  2456.9s
     65325    2781     13773  58.42%   214.0572507     414.509434        48.36%     5086     89   9797     6722k  2462.0s
     65829    2883     13964  58.42%   214.0572507     414.509434        48.36%     4608    108   9863     6746k  2468.0s
     66214    2949     14108  58.45%   214.1610254     414.509434        48.33%     4906     87   9826     6766k  2473.0s
     66543    3013     14237  58.45%   214.1610254     414.509434        48.33%     6458    184   9885     6790k  2478.8s
     66955    3085     14399  58.45%   214.3322968     414.509434        48.29%     6045     42   9892     6809k  2483.8s
     67039    3097     14436  58.45%   214.3322968     414.509434        48.29%     6702     99   9974     6830k  2493.4s

        Nodes      |    B&B Tree     |            Objective Bounds              |  Dynamic Constraints |       Work      
Src  Proc. InQueue |  Leaves   Expl. | BestBound       BestSol              Gap |   Cuts   InLp Confl. | LpIters     Time

     67430    3135     14594  58.46%   214.3322968     414.509434        48.29%     7409    124   9827     6849k  2498.4s
     67910    3218     14784  58.46%   214.7668045     414.509434        48.19%     6830     48   9808     6865k  2503.4s
     68295    3277     14940  58.48%   214.9895398     414.509434        48.13%     7151    146   9775     6884k  2508.4s
     68648    3320     15095  58.48%   214.9895398     414.509434        48.13%     6566     70   9765     6905k  2513.4s
     68959    3361     15232  58.48%   214.9895398     414.509434        48.13%     6397     60   9948     6931k  2518.7s
     69164    3385     15316  58.48%   215.3202733     414.509434        48.05%     6305     98   9636     6952k  2523.8s
     69403    3419     15411  58.48%   215.3202733     414.509434        48.05%     7371     94   9689     6972k  2528.8s
     69719    3462     15552  58.48%   215.3202733     414.509434        48.05%     7881     65   9624     6985k  2533.8s
     69983    3516     15654  58.48%   215.3202733     414.509434        48.05%     8436    131   9908     7000k  2538.9s
 L   70171    3537     15741  58.48%   215.3202733     414.5094339       48.05%     7807     93   9793     7010k  2595.0s
     70406    3559     15845  58.48%   215.3202733     414.5094339       48.05%     7630     58   9988     7107k  2600.0s
     70598    3583     15928  58.48%   215.3202733     414.5094339       48.05%     7362     91   9860     7123k  2605.1s
     70802    3601     16021  58.49%   215.3202733     414.5094339       48.05%     7318     77   9965     7137k  2610.1s
     71001    3630     16102  58.49%   215.3202733     414.5094339       48.05%     6720    112   9747     7150k  2615.1s
     71244    3663     16205  58.49%   215.3202733     414.5094339       48.05%     7138     91   9741     7161k  2620.2s
     71464    3690     16303  58.49%   215.3202733     414.5094339       48.05%     7041     98   9481     7173k  2625.2s
     71677    3738     16382  58.49%   215.3202733     414.5094339       48.05%     6588    161   9804     7186k  2630.9s
     71958    3780     16494  58.49%   215.3202733     414.5094339       48.05%     6601    177   9916     7197k  2635.9s
     72155    3809     16583  58.49%   215.3202733     414.5094339       48.05%     6952    112   9837     7207k  2640.9s
     72325    3828     16638  58.49%   215.3202733     414.5094339       48.05%     7935    125   9915     7219k  2646.0s

        Nodes      |    B&B Tree     |            Objective Bounds              |  Dynamic Constraints |       Work      
Src  Proc. InQueue |  Leaves   Expl. | BestBound       BestSol              Gap |   Cuts   InLp Confl. | LpIters     Time

     72587    3864     16746  58.49%   215.3202733     414.5094339       48.05%     7495     49   9883     7230k  2651.4s
     72831    3910     16835  58.49%   215.3202733     414.5094339       48.05%     7747     71   9951     7242k  2656.5s
     73069    3951     16935  58.49%   215.3216733     414.5094339       48.05%     8187    142   9863     7255k  2661.5s
     73306    3978     17031  58.49%   215.3216733     414.5094339       48.05%     7789     55   9932     7266k  2666.5s
     73605    4018     17159  58.49%   215.3216733     414.5094339       48.05%     8195     51   9954     7275k  2671.5s
     73723    4029     17211  58.50%   215.3819869     414.5094339       48.04%     7222    115   9991     7288k  2676.6s
     73930    4051     17301  58.50%   215.3819869     414.5094339       48.04%     7620    113   9876     7301k  2682.2s
     74132    4084     17380  58.50%   215.3819869     414.5094339       48.04%     7744     56   9910     7312k  2687.3s
     74222    4084     17413  58.64%   215.3819869     414.5094339       48.04%     8629    157   9717     7323k  2692.3s
     74429    4132     17495  58.64%   215.6726233     414.5094339       47.97%     7651     68   9734     7332k  2697.3s
     74642    4147     17594  58.64%   215.8755472     414.5094339       47.92%     6593     41   9853     7342k  2702.4s
     74817    4143     17676  58.66%   215.8755472     414.5094339       47.92%     7047    103   9928     7355k  2707.5s
     75041    4180     17765  58.66%   215.9266557     414.5094339       47.91%     7403     65   9879     7370k  2712.5s
     75280    4202     17870  58.66%   215.9266557     414.5094339       47.91%     7355     57   9991     7383k  2717.5s
     75428    4223     17931  58.71%   215.9266557     414.5094339       47.91%     7578    105   9785     7403k  2726.4s
     75597    4241     17998  58.76%   216.1854775     414.5094339       47.85%     7378    103   9906     7416k  2731.5s
     75833    4278     18094  58.76%   216.1854775     414.5094339       47.85%     7710     84   9978     7431k  2737.2s
     76032    4310     18171  58.76%   216.1854775     414.5094339       47.85%     7396     65   9731     7447k  2742.3s
     76219    4315     18257  58.76%   216.1854775     414.5094339       47.85%     7153     47   9976     7469k  2747.3s
     76402    4342     18331  58.76%   216.4006992     414.5094339       47.79%     6162    140   9968     7481k  2752.3s

        Nodes      |    B&B Tree     |            Objective Bounds              |  Dynamic Constraints |       Work      
Src  Proc. InQueue |  Leaves   Expl. | BestBound       BestSol              Gap |   Cuts   InLp Confl. | LpIters     Time

     76565    4353     18405  58.76%   216.4006992     414.5094339       47.79%     4692     78   9944     7497k  2757.3s
     76767    4365     18503  58.76%   216.4006992     414.5094339       47.79%     4672     86   9828     7515k  2762.3s
     76937    4367     18587  58.76%   216.4006992     414.5094339       47.79%     4819     39   9690     7538k  2767.3s
     77061    4377     18641  58.76%   216.4384008     414.5094339       47.78%     6503    115   9842     7547k  2772.4s
     77218    4390     18713  58.76%   216.4384008     414.5094339       47.78%     7232     98   9695     7563k  2777.4s
     77403    4393     18801  58.76%   216.4384008     414.5094339       47.78%     7249     57   9964     7581k  2782.4s
     77673    4419     18913  58.76%   216.4384008     414.5094339       47.78%     7455     44   9720     7589k  2787.4s
     77870    4446     18987  58.83%   216.4384008     414.5094339       47.78%     5381    124   9550     7601k  2792.4s
     78083    4481     19068  58.87%   216.7179379     414.5094339       47.72%     5787    120   9878     7614k  2797.4s
     78360    4521     19172  58.87%   216.7179379     414.5094339       47.72%     6409     78   9930     7622k  2802.7s
     78627    4550     19286  58.87%   216.7179379     414.5094339       47.72%     7116     84   9903     7630k  2807.7s
     78844    4567     19389  58.87%   216.7179379     414.5094339       47.72%     6085     62   9607     7646k  2812.7s
     79062    4597     19477  58.91%   216.8242012     414.5094339       47.69%     6449     80   9624     7659k  2818.5s
     79214    4612     19548  58.91%   216.8242012     414.5094339       47.69%     6198    100   9978     7673k  2823.5s
     79383    4622     19625  58.91%   216.8242012     414.5094339       47.69%     6829     75   9790     7686k  2828.5s
     79559    4647     19697  58.92%   216.8586146     414.5094339       47.68%     8038    157  10000     7701k  2834.1s
     79781    4666     19792  58.92%   216.8586146     414.5094339       47.68%     8111     58   9992     7717k  2839.1s
     79984    4690     19881  58.92%   216.8586146     414.5094339       47.68%     7780     44   9966     7732k  2844.1s
     80167    4697     19970  58.92%   216.8586146     414.5094339       47.68%     6803    151   9881     7751k  2850.3s
     80472    4734     20097  58.92%   217.459338      414.5094339       47.54%     6242     54   9749     7761k  2855.6s

        Nodes      |    B&B Tree     |            Objective Bounds              |  Dynamic Constraints |       Work      
Src  Proc. InQueue |  Leaves   Expl. | BestBound       BestSol              Gap |   Cuts   InLp Confl. | LpIters     Time

     80762    4757     20219  58.92%   217.459338      414.5094339       47.54%     5817     61   9802     7770k  2860.6s
     80876    4769     20273  58.92%   217.5766244     414.5094339       47.51%     7314    133   9875     7779k  2865.7s
     80974    4769     20321  58.92%   217.5766244     414.5094339       47.51%     7489    138   9985     7803k  2870.9s
     81218    4787     20430  58.92%   217.5766244     414.5094339       47.51%     8134     68   9841     7815k  2875.9s
     81384    4800     20502  58.92%   217.5766244     414.5094339       47.51%     8856    106   9730     7829k  2881.0s
     81654    4843     20605  58.93%   217.5766244     414.5094339       47.51%     8886     79   9827     7842k  2886.0s
     81864    4861     20700  58.93%   217.5766244     414.5094339       47.51%     7763     61   9906     7855k  2891.1s
     82162    4896     20820  58.97%   217.5766244     414.5094339       47.51%     7609     59   9930     7868k  2896.1s
     82334    4910     20897  58.97%   217.5766244     414.5094339       47.51%     6961    185   9870     7877k  2901.2s
     82498    4916     20969  59.00%   217.5766244     414.5094339       47.51%     6137     90   9796     7889k  2906.2s
     82747    4932     21087  59.00%   217.5766244     414.5094339       47.51%     5784     86  10000     7897k  2911.4s
     82862    4949     21119  59.03%   217.5766244     414.5094339       47.51%     7356    113   9867     7909k  2916.9s
     83167    4990     21251  59.03%   217.5766244     414.5094339       47.51%     6499     37   9994     7919k  2922.0s
     83382    5022     21332  59.05%   217.5766244     414.5094339       47.51%     7096    172   9679     7929k  2927.0s
     83711    5091     21460  59.05%   217.5766244     414.5094339       47.51%     6038     44   9696     7936k  2932.1s
     83937    5117     21554  59.06%   217.5766244     414.5094339       47.51%     5411    115   9991     7946k  2937.1s
     84135    5137     21639  59.06%   217.5766244     414.5094339       47.51%     5437    125   9949     7961k  2942.2s
     84271    5154     21703  59.06%   217.5766244     414.5094339       47.51%     6915     65   9941     7982k  2947.2s
     84479    5176     21792  59.06%   217.5766244     414.5094339       47.51%     8334     90   9971     7996k  2952.2s
     84677    5196     21876  59.08%   217.5766244     414.5094339       47.51%     8930    148   9777     8011k  2957.3s

        Nodes      |    B&B Tree     |            Objective Bounds              |  Dynamic Constraints |       Work      
Src  Proc. InQueue |  Leaves   Expl. | BestBound       BestSol              Gap |   Cuts   InLp Confl. | LpIters     Time

     84822    5202     21936  59.11%   217.5766244     414.5094339       47.51%     9361    157   9955     8026k  2962.3s
     85099    5237     22057  59.11%   217.5766244     414.5094339       47.51%     8034     39   9856     8039k  2967.3s
     85309    5276     22143  59.12%   217.5766244     414.5094339       47.51%     6873     61   9771     8053k  2972.6s
     85484    5290     22220  59.12%   217.5766244     414.5094339       47.51%     6351     78   9889     8069k  2977.7s
     85615    5312     22276  59.12%   217.5766244     414.5094339       47.51%     6732    124   9980     8085k  2983.1s
     85949    5393     22400  59.14%   217.5766244     414.5094339       47.51%     6196     54   9968     8093k  2988.1s
     86165    5385     22506  59.14%   217.6819295     414.5094339       47.48%     5112     73   9983     8100k  2993.1s
     86312    5395     22574  59.14%   217.6819295     414.5094339       47.48%     4723     61   9991     8118k  2998.2s
     86407    5403     22618  59.14%   217.6819295     414.5094339       47.48%     4745     87   9869     8138k  3003.3s
     86596    5428     22696  59.14%   217.6819295     414.5094339       47.48%     5296     62   9804     8151k  3008.3s

Restarting search from the root node
Model after restart has 3439 rows, 1999 cols (1039 bin., 2 int., 2 impl., 956 cont., 0 dom.fix.), and 16307 nonzeros

     86681       0         0   0.00%   217.6819295     414.5094339       47.48%       62      0      0     8152k  3010.4s
     86681       0         0   0.00%   217.6819295     414.5094339       47.48%       62     11      2     8152k  3010.5s
     86681       0         0   0.00%   217.6819295     414.5094339       47.48%     5310     50      2     8184k  3032.5s
     86885      27        85  34.05%   217.6819295     414.5094339       47.48%     5582     89   1525     8198k  3038.2s
     87147      37       207  34.19%   217.6819295     414.5094339       47.48%     5166     74   3263     8210k  3043.2s
     87328      41       287  35.85%   217.6819295     414.5094339       47.48%     6797    125   4392     8222k  3048.4s
     87486      53       351  36.10%   217.6819295     414.5094339       47.48%     7720    158   4706     8238k  3053.4s
     87626      54       410  36.11%   217.6819295     414.5094339       47.48%     7877    164   5201     8251k  3058.6s
     87751      65       459  38.63%   217.6819295     414.5094339       47.48%     6520    182   6110     8265k  3063.6s
     87783      56       475  38.85%   217.6819295     414.5094339       47.48%     8146    157   6215     8277k  3068.7s

        Nodes      |    B&B Tree     |            Objective Bounds              |  Dynamic Constraints |       Work      
Src  Proc. InQueue |  Leaves   Expl. | BestBound       BestSol              Gap |   Cuts   InLp Confl. | LpIters     Time

     87979      82       546  39.82%   217.6819295     414.5094339       47.48%     8272    216   7231     8286k  3073.7s
     88103     107       592  39.85%   217.6819295     414.5094339       47.48%     7975    110   7724     8301k  3078.8s
     88285     119       676  39.85%   217.6819295     414.5094339       47.48%     7370     80   8142     8321k  3084.0s
     88490     126       775  39.85%   217.6819295     414.5094339       47.48%     8878    151   8939     8336k  3089.1s
     88622     128       839  39.85%   217.6819295     414.5094339       47.48%     8849    157   9623     8354k  3094.1s
     88772     131       911  39.85%   217.6819295     414.5094339       47.48%     9444    174   8804     8367k  3099.1s
     88938     141       979  40.57%   217.6819295     414.5094339       47.48%    10001    231   9336     8383k  3104.1s
     89123     177      1053  40.60%   217.6819295     414.5094339       47.48%     9323    138   9502     8391k  3109.2s
     89295     208      1122  40.62%   217.6819295     414.5094339       47.48%    10166    237   9135     8404k  3116.1s
     89445     209      1193  40.62%   217.6819295     414.5094339       47.48%     9779    208   9935     8415k  3121.1s
     89605     218      1270  40.62%   217.6819295     414.5094339       47.48%     9510    131   9682     8427k  3126.5s
     89800     240      1353  43.33%   217.6819295     414.5094339       47.48%    10197    201   9381     8438k  3131.5s
     89940     261      1402  43.33%   217.6819295     414.5094339       47.48%     9874    204   9063     8448k  3136.5s
     90200     315      1499  43.33%   217.6819295     414.5094339       47.48%     9645    153   9818     8456k  3141.6s
     90329     336      1551  43.33%   217.6819295     414.5094339       47.48%     8728    165   9657     8467k  3146.9s
     90506     371      1615  43.39%   217.6819295     414.5094339       47.48%     6506    235   9735     8478k  3152.2s
     90716     392      1694  43.39%   217.6819295     414.5094339       47.48%     7193    130   9166     8489k  3157.3s
     90910     416      1774  43.39%   217.6819295     414.5094339       47.48%     7702    158   9950     8497k  3162.3s
     91114     437      1860  43.39%   217.6819295     414.5094339       47.48%     8240    145   9789     8509k  3167.4s
     91362     474      1952  43.46%   217.6819295     414.5094339       47.48%     8395    190   9476     8521k  3172.4s

        Nodes      |    B&B Tree     |            Objective Bounds              |  Dynamic Constraints |       Work      
Src  Proc. InQueue |  Leaves   Expl. | BestBound       BestSol              Gap |   Cuts   InLp Confl. | LpIters     Time

     91541     510      2019  43.46%   217.6819295     414.5094339       47.48%     9144    144   9799     8532k  3177.7s
     91748     524      2113  43.85%   217.6819295     414.5094339       47.48%     9207    179   9274     8544k  3184.3s
     91951     553      2188  45.10%   217.6819295     414.5094339       47.48%     8696    140   9720     8555k  3189.5s
     92153     603      2261  45.10%   217.6819295     414.5094339       47.48%     8302    159   9388     8566k  3194.5s
     92296     613      2324  45.13%   217.6819295     414.5094339       47.48%     7268    198   9665     8577k  3199.5s
     92417     618      2377  46.03%   217.6819295     414.5094339       47.48%     6291    175   9922     8589k  3204.6s
     92543     618      2437  46.86%   217.6819295     414.5094339       47.48%     6852    135   9822     8601k  3209.7s
     92755     669      2518  46.86%   217.6819295     414.5094339       47.48%     6844     69   9299     8612k  3214.7s
     92945     678      2606  46.86%   217.6819295     414.5094339       47.48%     6604     87   9891     8630k  3220.1s
     93138     684      2698  46.86%   217.6819295     414.5094339       47.48%     6932     74   9699     8646k  3225.2s
     93290     709      2760  46.86%   217.6819295     414.5094339       47.48%     8168    185   9438     8658k  3230.2s
     93488     729      2845  46.87%   217.6819295     414.5094339       47.48%     8513    207   9917     8670k  3235.3s
     93721     762      2944  46.87%   217.6819295     414.5094339       47.48%     8523     66   9894     8683k  3240.3s
     93891     769      3026  46.87%   217.6819295     414.5094339       47.48%     8552     81   9203     8702k  3245.3s
     94078     773      3117  46.87%   217.6819295     414.5094339       47.48%     8458     89   9837     8717k  3250.4s
     94235     778      3186  46.87%   217.6819295     414.5094339       47.48%     8045    185   9932     8730k  3255.5s
     94409     795      3267  46.87%   217.6819295     414.5094339       47.48%     8466    222   9885     8742k  3260.5s
     94592     807      3349  46.87%   217.6819295     414.5094339       47.48%     8899     76   9975     8755k  3265.5s
     94683     812      3388  47.09%   217.6819295     414.5094339       47.48%     9452    125   9996     8767k  3270.6s
     94816     824      3443  47.09%   217.6819295     414.5094339       47.48%     9420    134   9822     8785k  3275.7s

        Nodes      |    B&B Tree     |            Objective Bounds              |  Dynamic Constraints |       Work      
Src  Proc. InQueue |  Leaves   Expl. | BestBound       BestSol              Gap |   Cuts   InLp Confl. | LpIters     Time

     94972     835      3516  47.09%   217.6819295     414.5094339       47.48%     9455     80   9552     8798k  3280.7s
     95100     840      3574  47.46%   217.6819295     414.5094339       47.48%     9738    120   9972     8814k  3285.7s
     95273     855      3653  47.47%   217.6819295     414.5094339       47.48%     9811     75   9757     8828k  3290.7s
     95441     862      3733  47.47%   217.6819295     414.5094339       47.48%    10072     84   9941     8842k  3295.8s
     95641     870      3822  49.92%   217.6819295     414.5094339       47.48%    10154    136   9265     8855k  3300.8s
     95800     886      3895  50.31%   217.6819295     414.5094339       47.48%     9884     85   9768     8869k  3306.1s
     95981     895      3978  50.31%   217.6819295     414.5094339       47.48%    10390    106   9590     8885k  3311.1s
     96109     897      4039  50.31%   217.6819295     414.5094339       47.48%     9812    104   9920     8901k  3316.2s
     96221     901      4093  50.31%   217.6819295     414.5094339       47.48%     9956    120   9959     8912k  3321.2s
     96294     902      4120  52.02%   217.6819295     414.5094339       47.48%     9810    179   9874     8919k  3326.3s
     96414     907      4176  52.05%   217.6819295     414.5094339       47.48%     9324    204   9470     8927k  3331.3s
     96506     909      4219  52.05%   217.6819295     414.5094339       47.48%     9284     89   9950     8936k  3336.4s
     96601     908      4264  52.05%   217.6819295     414.5094339       47.48%     9376     97   9834     8944k  3341.4s
     96634     909      4279  52.05%   217.6819295     414.5094339       47.48%     8968    183   9937     8949k  3346.8s
     96729     923      4321  52.05%   217.6819295     414.5094339       47.48%     8946    191   9694     8952k  3352.6s
     96755     920      4336  52.05%   217.6819295     414.5094339       47.48%     8541     86   9745     8955k  3358.0s
     96775     919      4346  52.05%   217.6819295     414.5094339       47.48%     9172    100   9798     8958k  3363.2s
     96824     919      4369  52.05%   217.6819295     414.5094339       47.48%     9190    100   9955     8962k  3368.6s
     96858     921      4386  52.05%   217.6819295     414.5094339       47.48%     9331    106   9763     8964k  3375.0s
     96872     920      4393  52.05%   217.6819295     414.5094339       47.48%     9738     77   9770     8967k  3380.4s

        Nodes      |    B&B Tree     |            Objective Bounds              |  Dynamic Constraints |       Work      
Src  Proc. InQueue |  Leaves   Expl. | BestBound       BestSol              Gap |   Cuts   InLp Confl. | LpIters     Time

     96898     920      4406  52.05%   217.6819295     414.5094339       47.48%     9751     77   9783     8969k  3385.7s
     96913     918      4413  52.06%   217.6819295     414.5094339       47.48%     9370    203   9837     8974k  3398.7s
     96965     921      4432  52.07%   217.6819295     414.5094339       47.48%     9377    203   9921     8977k  3403.8s
     97013     934      4456  52.07%   217.6819295     414.5094339       47.48%     9273    112   9998     8980k  3408.8s
     97048     934      4473  52.07%   217.6819295     414.5094339       47.48%     9289    112   9891     8983k  3413.9s
     97084     934      4491  52.07%   217.6819295     414.5094339       47.48%     9306    112   9633     8988k  3419.2s
     97104     930      4502  52.07%   217.6819295     414.5094339       47.48%     9352    109   9709     8992k  3426.5s
     97137     932      4517  52.07%   217.6819295     414.5094339       47.48%     9367    109   9841     8997k  3432.0s
     97167     933      4532  52.07%   217.6819295     414.5094339       47.48%     9382    109   9953     9001k  3437.2s
     97195     936      4545  52.07%   217.6819295     414.5094339       47.48%     9395    109   9997     9005k  3442.4s
     97215     937      4554  52.07%   217.6819295     414.5094339       47.48%     9397    122   9622     9008k  3447.6s
     97248     939      4570  52.07%   217.6819295     414.5094339       47.48%     9413    122   9732     9013k  3452.8s
     97281     940      4586  52.07%   217.6819295     414.5094339       47.48%     9429    122   9829     9019k  3458.0s
     97309     940      4600  52.07%   217.6819295     414.5094339       47.48%     9662    135   9920     9025k  3464.3s
     97347     941      4618  52.07%   217.6819295     414.5094339       47.48%     9718     74   9870     9028k  3469.3s
     97406     942      4646  52.07%   217.6819295     414.5094339       47.48%     9746     74   9721     9033k  3474.4s
     97429     946      4656  52.08%   217.6819295     414.5094339       47.48%     9253    185   9810     9038k  3481.2s
     97498     948      4683  52.08%   217.6819295     414.5094339       47.48%     9269    185   9583     9041k  3486.4s
     97548     956      4705  52.08%   217.6819295     414.5094339       47.48%     9322    192   9672     9044k  3491.5s
     97610     956      4735  52.08%   217.6819295     414.5094339       47.48%     9352    192   9807     9049k  3496.6s

        Nodes      |    B&B Tree     |            Objective Bounds              |  Dynamic Constraints |       Work      
Src  Proc. InQueue |  Leaves   Expl. | BestBound       BestSol              Gap |   Cuts   InLp Confl. | LpIters     Time

     97650     959      4755  52.08%   217.6819295     414.5094339       47.48%     9207    198   9948     9053k  3501.7s
     97680     956      4771  52.08%   217.6819295     414.5094339       47.48%     9362     64   9967     9057k  3507.2s
     97733     960      4796  52.08%   217.6819295     414.5094339       47.48%     9387     64   9739     9063k  3512.2s
     97771     959      4816  52.08%   217.6819295     414.5094339       47.48%     9407     64   9945     9070k  3517.7s
     97825     962      4840  52.08%   217.6819295     414.5094339       47.48%     9430     82   9809     9074k  3522.7s
     97878     970      4863  52.09%   217.6819295     414.5094339       47.48%     9764    171   9852     9077k  3529.5s
     97976     994      4898  52.09%   217.6819295     414.5094339       47.48%     9777    171   9953     9082k  3534.5s
     97988     984      4908  52.19%   217.6819295     414.5094339       47.48%     9325    172   9685     9086k  3541.1s
     98064     993      4933  52.21%   217.6819295     414.5094339       47.48%     9331    172   9809     9091k  3546.2s
     98086    1002      4944  52.21%   217.6819295     414.5094339       47.48%    10056    218   9848     9097k  3552.2s
     98120     995      4963  52.21%   217.6819295     414.5094339       47.48%     8537    142   9996     9099k  3557.4s
     98167     996      4986  52.21%   217.6819295     414.5094339       47.48%     8559    142   9712     9104k  3562.4s
     98203     996      5004  52.21%   217.6819295     414.5094339       47.48%     8577    142   9827     9111k  3567.6s
     98230     999      5012  52.80%   217.6819295     414.5094339       47.48%     6486    120   9417     9117k  3572.7s
     98297    1005      5040  53.07%   217.6819295     414.5094339       47.48%     6495    120   9696     9124k  3577.9s
     98345    1004      5065  53.44%   217.6819295     414.5094339       47.48%     6330     67   9812     9128k  3583.2s
     98404    1004      5094  53.44%   217.6819295     414.5094339       47.48%     6359     67   9875     9135k  3588.3s
     98466    1004      5122  53.44%   217.6819295     414.5094339       47.48%     6752     83   9754     9138k  3593.3s
     98546    1014      5155  53.44%   217.6819295     414.5094339       47.48%     7180    100   9870     9141k  3598.4s
     98564    1016      5165  53.44%   217.6819295     414.5094339       47.48%     7189    100   9919     9143k  3600.0s

Solving report
  Status            Time limit reached
  Primal bound      414.509433887
  Dual bound        217.681929543
  Gap               47.48% (tolerance: 0.01%)
  P-D integral      1856.27219232
  Solution status   feasible
                    414.509433887 (objective)
                    0 (bound viol.)
                    2.98281437302e-09 (int. viol.)
                    0 (row viol.)
  Timing            3600.02
  Max sub-MIP depth 6
  Nodes             98564
  Repair LPs        1 (1 feasible; 5 iterations)
  LP iterations     9143759
                    1346849 (strong br.)
                    581023 (separation)
                    429583 (heuristics)
