Running HiGHS 1.14.0 (git hash: 7df0786de3): Copyright (c) 2026 under Apache 2.0 license terms
Using BLAS: blastrampoline 
MIP has 26226 rows; 17302 cols; 364394 nonzeros; 12096 integer variables (12096 binary)
Coefficient ranges:
  Matrix  [2e-01, 8e+01]
  Cost    [7e-02, 1e+05]
  Bound   [1e+00, 1e+00]
  RHS     [1e+00, 2e+02]
Presolving model
9416 rows, 7467 cols, 26346 nonzeros 0s
4845 rows, 4424 cols, 19015 nonzeros 0s
4009 rows, 3588 cols, 18483 nonzeros 0s
3674 rows, 3300 cols, 22311 nonzeros 0s
Presolve reductions: rows 3674(-22552); columns 3300(-14002); nonzeros 22311(-342083) 

Solving MIP model with:
   3674 rows
   3300 cols (2255 binary, 0 integer, 0 implied int., 1045 continuous, 0 domain fixed)
   22311 nonzeros

Src: B => Branching; C => Central rounding; F => Feasibility pump; H => Heuristic;
     I => Shifting; J => Feasibility jump; L => Sub-MIP; P => Empty MIP; R => Randomized rounding;
     S => Solve LP; T => Evaluate node; U => Unbounded; X => User solution; Y => HiGHS solution;
     Z => ZI Round; l => Trivial lower; p => Trivial point; u => Trivial upper; z => Trivial zero

        Nodes      |    B&B Tree     |            Objective Bounds              |  Dynamic Constraints |       Work      
Src  Proc. InQueue |  Leaves   Expl. | BestBound       BestSol              Gap |   Cuts   InLp Confl. | LpIters     Time

         0       0         0   0.00%   1000            inf                  inf        0      0      0         0     0.5s
         0       0         0   0.00%   1075.680597     inf                  inf        0      0      7      1494     0.6s
 L       0       0         0   0.00%   1076.269835     1115.647376        3.53%      598     32    208      2949     5.7s

1.9% inactive integer columns, restarting
Model after restart has 3604 rows, 3227 cols (2200 bin., 0 int., 0 impl., 1027 cont., 0 dom.fix.), and 21784 nonzeros

         0       0         0   0.00%   1076.269835     1115.647376        3.53%       23      0      0     11918     5.9s
         0       0         0   0.00%   1076.269835     1115.647376        3.53%       23     21      9     13538     6.1s
 L       0       0         0   0.00%   1079.07235      1101.313107        2.02%     2869     76      9     16222     9.0s
         0       0         0   0.00%   1079.07235      1101.313107        2.02%     2869     16      9     29047    14.1s
        43       1         1   0.00%   1079.07235      1101.313107        2.02%     2870     16     90    134852    30.0s
 L     103      24        27   0.05%   1079.07235      1101.313107        2.02%     3307     25    868    142397    38.2s
       185      35        59  11.19%   1079.07235      1101.313107        2.02%     3360     25   2100    172439    43.2s
       215      26        73  12.42%   1079.07235      1101.313107        2.02%     7420     84   2278    184507    48.3s
       310      39       117  13.54%   1081.822905     1101.313107        1.77%     7980     35   3044    199754    53.9s
       387      40       149  19.84%   1081.822905     1101.313107        1.77%     9362     69   3593    213294    59.0s
       450      43       181  23.65%   1082.221062     1101.313107        1.73%     8443     41   4032    224831    64.0s
       493      43       200  25.24%   1082.221062     1101.313107        1.73%     9630     83   4315    237618    69.1s
       559      44       232  32.96%   1082.912601     1101.313107        1.67%     9505    104   4685    255433    74.6s
       609      46       253  35.02%   1082.912601     1101.313107        1.67%     9036     88   5021    267718    79.7s
       638      46       269  35.98%   1082.912601     1101.313107        1.67%     9044     51   5531    280606    85.0s
       659      44       277  42.06%   1082.917737     1101.313107        1.67%     8401     87   5741    296285    90.2s
       698      46       294  46.76%   1082.917737     1101.313107        1.67%     8433     87   6108    314157    95.7s

        Nodes      |    B&B Tree     |            Objective Bounds              |  Dynamic Constraints |       Work      
Src  Proc. InQueue |  Leaves   Expl. | BestBound       BestSol              Gap |   Cuts   InLp Confl. | LpIters     Time

       719      47       306  47.04%   1082.917737     1101.313107        1.67%     8450     87   6300    328190   100.8s
       764      51       324  47.43%   1082.917737     1101.313107        1.67%     8212    107   6542    342728   105.8s
       781      45       337  49.75%   1082.917737     1101.313107        1.67%     9120     80   6728    356100   111.9s
       826      47       356  50.89%   1082.917737     1101.313107        1.67%     9144     80   7232    370149   117.0s
       874      53       377  53.35%   1082.917737     1101.313107        1.67%     9178     80   7630    385762   122.4s
       893      46       391  54.96%   1082.997024     1101.313107        1.66%     8898    118   7747    401593   128.2s
       968      46       424  56.84%   1082.997024     1101.313107        1.66%     8750     50   8334    414897   133.5s
      1016      49       447  59.35%   1082.997024     1101.313107        1.66%     8796     63   8933    429095   138.5s
      1054      50       465  60.34%   1082.997024     1101.313107        1.66%     7448    101   9244    441818   143.6s
      1085      49       479  60.87%   1082.997024     1101.313107        1.66%     7859     95   9380    454672   148.7s
      1136      51       503  64.32%   1082.997024     1101.313107        1.66%     7909     95   7901    466388   153.8s
      1195      60       528  66.27%   1082.997024     1101.313107        1.66%     7990     95   8295    481052   159.2s
      1212      57       536  66.70%   1082.997024     1101.313107        1.66%     8233     94   8427    494309   164.6s
      1271      58       566  68.64%   1082.997024     1101.313107        1.66%     8271     94   8934    504934   169.9s
      1304      58       582  71.00%   1082.997024     1101.313107        1.66%     8303     94   9344    516023   174.9s
      1338      58       599  72.67%   1084.090381     1101.313107        1.56%     7342    122   9605    526286   181.1s
      1351      55       609  72.91%   1084.090381     1101.313107        1.56%     8790     61   9805    533842   186.1s
      1356      53       610  73.31%   1084.090381     1101.313107        1.56%     9980    153   9996    561814   197.5s
      1388      56       624  74.73%   1084.090381     1101.313107        1.56%    10000    153   9406    571832   202.5s
      1417      57       639  75.09%   1084.090381     1101.313107        1.56%    10022    153   9752    581974   207.6s

        Nodes      |    B&B Tree     |            Objective Bounds              |  Dynamic Constraints |       Work      
Src  Proc. InQueue |  Leaves   Expl. | BestBound       BestSol              Gap |   Cuts   InLp Confl. | LpIters     Time

      1454      60       654  75.41%   1084.152167     1101.313107        1.56%     9958    185   9875    605780   218.1s
      1466      61       658  75.41%   1084.152167     1101.313107        1.56%     9964    185   9889    617395   223.2s
      1485      62       669  75.43%   1084.152167     1101.313107        1.56%     9759     72   9385    634004   231.5s
      1496      56       677  75.57%   1084.152167     1101.313107        1.56%     9730     49   9600    646800   239.0s
      1510      56       684  75.62%   1084.152167     1101.313107        1.56%    10009     90   9671    687336   261.3s
      1522      54       690  78.84%   1084.914448     1101.313107        1.49%     9028     67   9801    700242   267.1s
      1527      53       692  78.94%   1084.914448     1101.313107        1.49%     8996     87   9915    712307   272.2s
      1551      53       702  79.24%   1084.914448     1101.313107        1.49%     9007     87   9380    727359   277.9s
      1589      55       722  79.33%   1084.914448     1101.313107        1.49%     9029     87   9818    745097   285.1s
      1609      55       731  79.38%   1084.914448     1101.313107        1.49%     9049     87   9488    763859   292.2s
      1626      59       739  79.40%   1084.914448     1101.313107        1.49%     9061     87   9621    786223   299.5s
      1629      56       741  79.43%   1084.914448     1101.313107        1.49%     9027     48   9972    795395   305.0s
      1641      54       748  79.62%   1084.914448     1101.313107        1.49%     8404     69   9867    805152   310.6s
      1651      53       752  79.62%   1084.914448     1101.313107        1.49%     9155    101   9929    814257   316.1s
      1664      49       761  81.20%   1085.234879     1101.313107        1.46%     9931    102   9883    823219   321.2s
      1675      43       768  81.31%   1085.234879     1101.313107        1.46%     9933    148   9174    832374   327.0s
      1703      45       779  81.95%   1085.254197     1101.313107        1.46%     9568     78   9466    841940   334.8s
      1743      47       794  82.22%   1085.254197     1101.313107        1.46%     9585     78   9948    848657   339.8s
      1777      47       810  82.83%   1085.254197     1101.313107        1.46%     9616     78   9192    857706   345.5s
      1793      42       820  83.76%   1085.254197     1101.313107        1.46%     9749     71   9440    865150   350.9s

        Nodes      |    B&B Tree     |            Objective Bounds              |  Dynamic Constraints |       Work      
Src  Proc. InQueue |  Leaves   Expl. | BestBound       BestSol              Gap |   Cuts   InLp Confl. | LpIters     Time

      1831      37       842  84.49%   1085.254197     1101.313107        1.46%     9739    110   9785    876908   358.2s
      1844      37       849  84.76%   1085.254197     1101.313107        1.46%     9841    125   9865    887299   363.4s
      1859      35       857  84.86%   1085.254197     1101.313107        1.46%     9164    134   8874    902807   374.8s
      1883      35       868  85.03%   1085.263845     1101.313107        1.46%     9721     89   9086    909156   379.8s
      1890      30       873  85.13%   1085.263845     1101.313107        1.46%     9681    131   9176    930194   390.6s
      1908      30       881  85.32%   1085.275766     1101.313107        1.46%     9617    120   9346    939718   396.4s
      1926      25       892  85.54%   1085.275766     1101.313107        1.46%     8223    133   9526    945104   401.4s
      1946      19       905  85.59%   1086.155522     1101.313107        1.38%     8690    144   9646    952485   406.5s
      1967      13       915  85.98%   1086.155522     1101.313107        1.38%     8814     81   9807    962339   411.7s
      2009      13       937  86.23%   1086.155522     1101.313107        1.38%     8837     81   9876    971922   416.8s
      2052      19       957  86.40%   1091.001055     1101.313107        0.94%     8854     81   9302    980889   421.8s
      2091      17       976  86.45%   1091.001055     1101.313107        0.94%     8845    134   9689    991267   428.2s
      2113      13       989  86.50%   1091.001055     1101.313107        0.94%     8161    100  10000     1001k   435.2s
      2130      12       997  87.37%   1091.001055     1101.313107        0.94%     8758    101   9003     1012k   441.5s
      2156      12      1008  94.79%   1091.001055     1101.313107        0.94%     8773    101   9347     1019k   446.6s
      2171      13      1014  99.28%   1091.167281     1101.313107        0.92%     8728    113   9602     1028k   451.8s
      2205      12      1030  99.48%   1091.167281     1101.313107        0.92%     8745     82   9849     1037k   457.1s
      2232      13      1041  99.59%   1091.167281     1101.313107        0.92%     8760     82   9892     1047k   462.2s
      2254      11      1053  99.82%   1091.167281     1101.313107        0.92%     8770    108   9893     1056k   467.7s
      2266       0      1065 100.00%   1101.205149     1101.313107        0.01%     8786     74   9079     1058k   470.0s

Solving report
  Status            Optimal
  Primal bound      1101.31310692
  Dual bound        1101.20514933
  Gap               0.0098% (tolerance: 0.01%)
  P-D integral      7.18769607809
  Solution status   feasible
                    1101.31310692 (objective)
                    0 (bound viol.)
                    4.03697686355e-15 (int. viol.)
                    0 (row viol.)
  Timing            469.97
  Max sub-MIP depth 3
  Nodes             2266
  Repair LPs        0
  LP iterations     1058684
                    394811 (strong br.)
                    74019 (separation)
                    71528 (heuristics)
