Running HiGHS 1.14.0 (git hash: 7df0786de3): Copyright (c) 2026 under Apache 2.0 license terms
Using BLAS: blastrampoline 
MIP has 23922 rows; 16526 cols; 361314 nonzeros; 12096 integer variables (12096 binary)
Coefficient ranges:
  Matrix  [2e-01, 8e+01]
  Cost    [7e-02, 2e+03]
  Bound   [1e+00, 1e+00]
  RHS     [1e+00, 2e+02]
Presolving model
12658 rows, 8926 cols, 185122 nonzeros 0s
6574 rows, 5006 cols, 93334 nonzeros 0s
5610 rows, 4042 cols, 92717 nonzeros 0s
4522 rows, 3886 cols, 33497 nonzeros 1s
Presolve reductions: rows 4522(-19400); columns 3886(-12640); nonzeros 33497(-327817) 

Solving MIP model with:
   4522 rows
   3886 cols (2637 binary, 0 integer, 4 implied int., 1245 continuous, 0 domain fixed)
   33497 nonzeros

Src: B => Branching; C => Central rounding; F => Feasibility pump; H => Heuristic;
     I => Shifting; J => Feasibility jump; L => Sub-MIP; P => Empty MIP; R => Randomized rounding;
     S => Solve LP; T => Evaluate node; U => Unbounded; X => User solution; Y => HiGHS solution;
     Z => ZI Round; l => Trivial lower; p => Trivial point; u => Trivial upper; z => Trivial zero

        Nodes      |    B&B Tree     |            Objective Bounds              |  Dynamic Constraints |       Work      
Src  Proc. InQueue |  Leaves   Expl. | BestBound       BestSol              Gap |   Cuts   InLp Confl. | LpIters     Time

         0       0         0   0.00%   0               inf                  inf        0      0      0         0     1.2s
         0       0         0   0.00%   74.36254961     inf                  inf        0      0      3      3269     1.9s
         0       0         0   0.00%   83.88155639     inf                  inf     1954     45     73      5843     7.3s
 L       0       0         0   0.00%   84.1811635      1125.038697       92.52%     3954     86     97      9627    19.0s

1.8% inactive integer columns, restarting
Model after restart has 4441 rows, 3813 cols (2582 bin., 0 int., 4 impl., 1227 cont., 0 dom.fix.), and 32854 nonzeros

         0       0         0   0.00%   84.32597648     1125.038697       92.50%       21      0      0     19205    20.3s
         0       0         0   0.00%   84.32597648     1125.038697       92.50%       21     12      3     21954    21.2s
         0       0         0   0.00%   85.0046283      1125.038697       92.44%      318     42      3     26584    26.7s
         0       0         0   0.00%   85.00463808     1125.038697       92.44%      573     69      3     28062    31.9s
 L       0       0         0   0.00%   85.00463808     136.9981114       37.95%      573     69      3     28421    40.6s
        19       0         1   0.00%   85.00472293     136.9981114       37.95%      614     21      4    159090    82.8s
       135      85         9   0.00%   85.00472293     136.9981114       37.95%     2070     77    191    169968    91.1s
 L     206     127        30   0.00%   85.08723378     134.0240104       36.51%     2557    190    375    172381   106.8s
 T     257     130        35   0.00%   85.08723378     133.4450268       36.24%     2565    190    543    200483   112.4s
 T     291     131        46   0.00%   85.08723378     132.1696186       35.62%     2577    190    940    208379   116.2s
 L     306     167        49   0.00%   85.08723378     128.4461948       33.76%     3043    220   1004    209884   136.1s
       368     170        62   0.00%   85.08723378     128.4461948       33.76%     3057    220   1485    236284   141.4s
 L     407     175        78   0.00%   85.08723378     123.5413627       31.13%     4641    220   2219    240319   164.2s
 L     418     104        83   0.01%   85.08723378     114.7407319       25.84%     4856    244   2378    258442   183.3s
       434     107        89   0.66%   85.08723378     114.7407319       25.84%     4878    244   2601    290428   189.4s
       477     108       100   0.75%   85.08723378     114.7407319       25.84%     4893    244   2874    296934   194.8s

        Nodes      |    B&B Tree     |            Objective Bounds              |  Dynamic Constraints |       Work      
Src  Proc. InQueue |  Leaves   Expl. | BestBound       BestSol              Gap |   Cuts   InLp Confl. | LpIters     Time

       523     119       120   0.86%   85.08723378     114.7407319       25.84%     4927    183   3412    315946   213.9s
       559     120       138   1.47%   85.08723378     114.7407319       25.84%     5230    236   3995    321339   219.0s
       571     116       142   1.57%   85.08723378     114.7407319       25.84%     6291    251   4099    343855   232.1s
       623     117       166   1.82%   85.08723378     114.7407319       25.84%     6316    251   4376    350590   237.2s
       664     121       189   2.64%   86.74069724     114.7407319       24.40%     6504    179   4562    355818   242.7s
       688     112       198   2.64%   86.74069724     114.7407319       24.40%     7430    235   4795    375891   256.3s
 T     724     106       205   2.67%   86.74069724     113.6422019       23.67%     7448    235   4975    378056   259.1s
 T     746      98       207   2.69%   86.74069724     111.5359697       22.23%     7451    235   4979    378328   259.8s
       765     111       209   2.72%   86.80697234     111.5359697       22.17%     7336     87   5069    386144   264.9s
       813     113       221   3.36%   86.80697234     111.5359697       22.17%     7358     87   5297    393816   270.1s
       832     115       229   3.46%   86.80697234     111.5359697       22.17%     7374     87   5574    407292   277.5s
       862     123       241   3.50%   86.80697234     111.5359697       22.17%     7215    116   5910    415408   283.4s
       923     135       266   3.53%   86.80697234     111.5359697       22.17%     7185    203   6122    421627   288.5s
       947     130       277   3.69%   86.80697234     111.5359697       22.17%     7360    185   6454    434969   294.7s
       982     130       296   4.21%   86.80697234     111.5359697       22.17%     7388    185   6882    443988   299.9s
      1023     130       316   5.09%   86.80697234     111.5359697       22.17%     7417    185   7351    451120   305.0s
      1040     137       321   5.32%   87.00966914     111.5359697       21.99%     7620    254   7645    461514   310.9s
      1077     140       338   5.37%   87.00966914     111.5359697       21.99%     7646    254   8161    467494   316.0s
      1104     142       344   5.38%   87.00966914     111.5359697       21.99%     7659    254   8292    476704   323.2s
      1127     144       355   5.38%   87.00966914     111.5359697       21.99%     7684    254   8754    487427   329.2s

        Nodes      |    B&B Tree     |            Objective Bounds              |  Dynamic Constraints |       Work      
Src  Proc. InQueue |  Leaves   Expl. | BestBound       BestSol              Gap |   Cuts   InLp Confl. | LpIters     Time

      1164     154       369   5.42%   87.00966914     111.5359697       21.99%     7868    273   9155    493984   334.2s
      1239     172       395   5.44%   87.00966914     111.5359697       21.99%     7768     75   9576    499439   340.7s
      1280     178       411   5.48%   87.00966914     111.5359697       21.99%     7733     80   9966    506240   345.7s
      1357     193       438   5.48%   87.00966914     111.5359697       21.99%     7766     92   8178    513295   350.9s
      1422     195       467   5.50%   87.00966914     111.5359697       21.99%     7801     92   8763    519101   355.9s
      1472     206       486   5.58%   87.00966914     111.5359697       21.99%     7769     98   9197    527479   361.3s
      1486     205       492   5.63%   87.00966914     111.5359697       21.99%     7763    100   9290    537902   366.6s
      1529     209       504   5.63%   87.00966914     111.5359697       21.99%     7925    131   9565    545043   371.6s
      1594     223       535   5.65%   87.00966914     111.5359697       21.99%     7688    162   8848    557918   378.9s
      1615     228       537   5.65%   87.00966914     111.5359697       21.99%     8408    103   9060    575418   385.2s
      1692     237       568   5.92%   87.00966914     111.5359697       21.99%     8447    103   9530    582123   390.4s
      1785     250       607   5.92%   89.82059273     111.5359697       19.47%     8514    113   9551    591574   395.5s
      1850     259       633   5.93%   89.82059273     111.5359697       19.47%     8750    103   9887    605919   401.9s
      1867     264       637   6.04%   89.82059273     111.5359697       19.47%     9347    115   9954    625638   409.7s
      1972     297       671   6.06%   89.82059273     111.5359697       19.47%     9457    125   9748    637231   414.8s
      1985     300       676   6.09%   89.82059273     111.5359697       19.47%     8838    193   9837    651409   420.2s
      1993     299       677   6.19%   89.82059273     111.5359697       19.47%     8968    346   9872    670928   426.1s
      2027     303       691   6.80%   89.82059273     111.5359697       19.47%     8985    346   9270    686853   432.0s
      2063     308       708   7.05%   89.82059273     111.5359697       19.47%     9015    346   9656    698905   437.3s
      2086     313       718   7.73%   90.30373924     111.5359697       19.04%     9115    222   9933    716579   443.9s

        Nodes      |    B&B Tree     |            Objective Bounds              |  Dynamic Constraints |       Work      
Src  Proc. InQueue |  Leaves   Expl. | BestBound       BestSol              Gap |   Cuts   InLp Confl. | LpIters     Time

      2185     316       761   7.74%   90.30373924     111.5359697       19.04%     9153    250   9025    722531   449.0s
      2249     322       783   7.74%   90.30373924     111.5359697       19.04%     9305    131   9485    730841   454.0s
      2296     334       803   7.74%   90.30373924     111.5359697       19.04%     9262    232   9852    755717   463.4s
      2321     335       815   7.76%   90.30373924     111.5359697       19.04%     9208    270   7989    765949   468.5s
      2358     339       831   7.76%   90.30373924     111.5359697       19.04%     9237    270   8474    774737   473.6s
      2388     342       839   7.77%   90.30373924     111.5359697       19.04%     9628    170   8698    792895   481.0s
      2484     355       882   8.46%   90.84247883     111.5359697       18.55%     9648    181   9220    800313   486.3s
      2600     365       934   8.48%   90.84247883     111.5359697       18.55%     9699     66   9929    807839   491.4s
      2682     368       972   8.49%   90.84247883     111.5359697       18.55%     9211    210   9319    821755   498.3s
      2706     370       983   8.49%   90.84247883     111.5359697       18.55%     9232    210   9453    837932   503.4s
      2725     369       991   8.49%   90.84247883     111.5359697       18.55%     9345    267   9638    858789   509.6s
      2773     376      1012   8.52%   90.84247883     111.5359697       18.55%     9371    267   9286    874480   515.4s
      2808     389      1019   8.62%   90.84247883     111.5359697       18.55%     9548    325   9651    895434   521.9s
      2859     392      1045   8.72%   90.84247883     111.5359697       18.55%     9588    325   8614    905762   527.0s
 L    2898     381      1059   8.76%   90.84247883     111.4270583       18.47%    10041    200   8810    918744   554.5s
      2925     382      1069  10.17%   90.84247883     111.4270583       18.47%    10062    200   8977    975077   559.9s
      2956     382      1084  11.69%   90.84247883     111.4270583       18.47%    10100    200   9625    988061   565.0s
      3005     385      1104  13.05%   91.29054319     111.4270583       18.07%     9850    147   9866     1007k   572.3s
      3068     387      1134  13.08%   91.29054319     111.4270583       18.07%     9886    147   9930     1019k   577.6s
      3124     395      1157  13.11%   91.29054319     111.4270583       18.07%     9982    154   9860     1035k   583.3s

        Nodes      |    B&B Tree     |            Objective Bounds              |  Dynamic Constraints |       Work      
Src  Proc. InQueue |  Leaves   Expl. | BestBound       BestSol              Gap |   Cuts   InLp Confl. | LpIters     Time

      3168     397      1178  13.13%   91.29054319     111.4270583       18.07%     9995    154   9328     1049k   588.5s
      3208     401      1197  13.16%   91.29054319     111.4270583       18.07%    10049    165   9798     1062k   593.6s
      3272     403      1225  13.17%   91.29054319     111.4270583       18.07%    10084    165   9692     1076k   598.8s
      3304     406      1238  13.17%   91.29054319     111.4270583       18.07%     9952    178   9271     1090k   603.8s
      3356     412      1261  13.18%   91.29054319     111.4270583       18.07%     9962    178   9627     1104k   608.9s
      3399     418      1279  13.18%   91.29054319     111.4270583       18.07%     9964    178   9329     1115k   614.2s
      3440     417      1297  13.18%   91.29054319     111.4270583       18.07%     9867    190   9565     1130k   619.2s
      3493     419      1321  13.18%   91.29054319     111.4270583       18.07%     9900    190   9956     1143k   624.8s
      3519     423      1332  13.19%   91.29054319     111.4270583       18.07%     8554    114   9641     1159k   630.4s
      3576     434      1353  13.19%   91.29054319     111.4270583       18.07%     8926    124   9884     1177k   637.1s
      3621     436      1375  13.19%   91.29054319     111.4270583       18.07%     8941    124   9416     1192k   642.7s
      3649     436      1387  13.19%   91.29054319     111.4270583       18.07%     8955    124   9541     1204k   647.9s
      3688     441      1404  13.19%   91.29054319     111.4270583       18.07%     9106    147   9763     1215k   653.0s
      3712     441      1415  13.19%   91.29054319     111.4270583       18.07%     9120    147   9931     1228k   658.4s
      3748     443      1431  13.19%   91.29054319     111.4270583       18.07%     9140    147   9413     1241k   663.7s
      3784     446      1447  13.19%   91.29054319     111.4270583       18.07%     9732    165   9601     1254k   669.2s
      3804     448      1455  13.19%   91.29054319     111.4270583       18.07%     9742    165   9760     1268k   674.7s
      3843     451      1472  13.19%   91.29054319     111.4270583       18.07%     9761    165  10000     1281k   679.9s
      3887     455      1489  13.20%   91.29054319     111.4270583       18.07%     9710    199   9842     1301k   687.4s
      3934     463      1509  13.91%   93.81347407     111.4270583       15.81%     9718    135   9588     1313k   692.4s

        Nodes      |    B&B Tree     |            Objective Bounds              |  Dynamic Constraints |       Work      
Src  Proc. InQueue |  Leaves   Expl. | BestBound       BestSol              Gap |   Cuts   InLp Confl. | LpIters     Time

      3982     464      1531  13.91%   93.81347407     111.4270583       15.81%     9952    154   9892     1327k   698.1s
      4031     464      1555  13.91%   93.81347407     111.4270583       15.81%     9966    154   9878     1341k   703.5s
      4069     465      1572  13.91%   93.81347407     111.4270583       15.81%    10047    164   9517     1356k   708.5s
      4123     468      1597  13.91%   93.81347407     111.4270583       15.81%    10075    164   9832     1371k   713.8s
      4154     469      1609  13.91%   93.81347407     111.4270583       15.81%     9888    154   8709     1403k   723.0s
      4200     472      1628  13.93%   93.81347407     111.4270583       15.81%     9900    154   9236     1418k   728.1s
      4245     472      1651  13.93%   93.81347407     111.4270583       15.81%     9936    154   9550     1435k   733.3s
      4305     477      1678  13.93%   93.81347407     111.4270583       15.81%    10007    169   9695     1449k   738.6s
      4353     480      1700  13.93%   93.81347407     111.4270583       15.81%     9515    180   9858     1468k   744.6s
      4407     481      1725  13.94%   93.81347407     111.4270583       15.81%     9544    180   9943     1485k   749.7s
      4478     489      1756  13.94%   93.81347407     111.4270583       15.81%     9493    112   9123     1501k   755.0s
      4545     491      1789  13.94%   93.81347407     111.4270583       15.81%     9529    112   9588     1519k   761.0s
      4661     537      1820  13.94%   93.81347407     111.4270583       15.81%     8804    141   9879     1535k   767.6s
      4700     538      1839  13.94%   93.81347407     111.4270583       15.81%     8846    141   9993     1551k   773.4s
      4715     537      1845  14.04%   93.81347407     111.4270583       15.81%     9049    218   9271     1570k   779.3s
 T    4755     395      1863  15.36%   93.81347407     110.5295475       15.12%     9072    218   9542     1579k   783.0s
      4818     420      1873  15.38%   94.90001388     110.5295475       14.14%     9009    235   9673     1601k   789.2s
      4923     439      1912  15.38%   94.90001388     110.5295475       14.14%     9018    267   9950     1613k   794.2s
      4968     441      1935  15.38%   94.90001388     110.5295475       14.14%     9050    267   9647     1625k   799.5s
      5002     440      1950  15.38%   94.90001388     110.5295475       14.14%     9055    149   9897     1638k   804.6s

        Nodes      |    B&B Tree     |            Objective Bounds              |  Dynamic Constraints |       Work      
Src  Proc. InQueue |  Leaves   Expl. | BestBound       BestSol              Gap |   Cuts   InLp Confl. | LpIters     Time

      5071     447      1982  15.38%   94.90001388     110.5295475       14.14%     9081    149   9518     1652k   809.6s
      5080     446      1986  15.38%   94.90001388     110.5295475       14.14%     9168    202   9652     1672k   816.1s
      5128     448      2006  15.38%   94.90001388     110.5295475       14.14%     9186    202   9955     1689k   821.3s
      5175     453      2028  15.38%   94.90001388     110.5295475       14.14%     9000    122   9579     1708k   828.3s
      5251     456      2061  15.38%   94.90001388     110.5295475       14.14%     9044    122   9239     1724k   834.2s
      5296     469      2079  15.38%   94.90001388     110.5295475       14.14%     8738    128   9386     1741k   839.7s
      5353     470      2107  15.38%   94.90001388     110.5295475       14.14%     8768    128   9730     1754k   845.0s
      5379     479      2116  15.38%   94.90001388     110.5295475       14.14%     8845    201   9783     1769k   850.0s
      5430     479      2140  15.38%   94.90001388     110.5295475       14.14%     8869    201   9651     1783k   855.0s
      5473     482      2161  15.38%   94.90001388     110.5295475       14.14%     8891    201   9892     1799k   860.0s
      5497     485      2172  15.91%   94.90001388     110.5295475       14.14%     8175    185   9165     1818k   865.2s
      5554     487      2198  16.27%   94.90001388     110.5295475       14.14%     8204    185   9370     1836k   870.3s
      5613     494      2223  16.28%   94.90001388     110.5295475       14.14%     8528    241   9726     1850k   875.3s
      5692     499      2254  16.28%   94.90001388     110.5295475       14.14%     8323    397   8974     1888k   887.0s
      5761     501      2287  16.32%   94.90001388     110.5295475       14.14%     8361    397   9415     1895k   892.2s
      5789     512      2299  16.38%   94.90001388     110.5295475       14.14%     8229    324   9717     1919k   899.6s
      5887     534      2334  16.45%   94.90001388     110.5295475       14.14%     8652    173   9588     1980k   938.5s
      5953     539      2362  16.48%   94.90001388     110.5295475       14.14%     8681    173   9809     1989k   943.6s
      5992     547      2376  16.53%   94.90001388     110.5295475       14.14%     7539    194   9985     1999k   950.0s
      6027     547      2393  16.77%   94.90001388     110.5295475       14.14%     7557    194   9947     2009k   955.1s

        Nodes      |    B&B Tree     |            Objective Bounds              |  Dynamic Constraints |       Work      
Src  Proc. InQueue |  Leaves   Expl. | BestBound       BestSol              Gap |   Cuts   InLp Confl. | LpIters     Time

      6047     548      2401  17.61%   94.90001388     110.5295475       14.14%     7566    194   9304     2025k   961.5s
      6073     549      2415  17.88%   94.90001388     110.5295475       14.14%     7585    194   9539     2037k   966.8s
      6090     549      2424  17.90%   94.90001388     110.5295475       14.14%     8005    346   9812     2053k   974.0s
      6100     548      2429  17.90%   94.90001388     110.5295475       14.14%     8064    360   9884     2068k   979.9s
      6179     552      2463  17.90%   94.90001388     110.5295475       14.14%     8089    360   9650     2078k   985.2s
      6204     563      2470  17.93%   94.90001388     110.5295475       14.14%     7569    155   9713     2090k   990.8s
      6255     565      2488  17.93%   94.90001388     110.5295475       14.14%     7587    155   9550     2102k   995.8s
      6328     591      2514  17.93%   94.90001388     110.5295475       14.14%     7668    184   9762     2114k  1001.5s
      6379     593      2537  17.93%   94.90001388     110.5295475       14.14%     7696    184   9893     2129k  1007.6s
      6403     594      2549  17.93%   94.90001388     110.5295475       14.14%     7732    184   9025     2140k  1012.8s
      6413     596      2552  18.03%   94.90001388     110.5295475       14.14%     8238    249   9140     2151k  1019.4s
      6438     596      2565  18.27%   94.90001388     110.5295475       14.14%     8252    249   9454     2159k  1024.5s
      6454     597      2572  18.31%   94.90001388     110.5295475       14.14%     8263    249   9748     2167k  1029.6s
      6492     597      2591  18.47%   94.90001388     110.5295475       14.14%     8285    249   9504     2177k  1035.1s
      6523     598      2605  18.61%   95.53530231     110.5295475       13.57%     8468    286   9755     2187k  1040.2s
      6574     599      2631  18.61%   95.53530231     110.5295475       13.57%     8492    286   9927     2198k  1045.3s
      6612     600      2649  18.64%   95.53530231     110.5295475       13.57%     8292    368   9674     2218k  1053.8s
      6651     603      2666  18.71%   95.53530231     110.5295475       13.57%     8147    230   9262     2228k  1058.8s
      6709     607      2693  18.71%   95.53530231     110.5295475       13.57%     8183    230   9786     2239k  1064.0s
      6733     609      2704  18.71%   95.53530231     110.5295475       13.57%     8141    266   9464     2253k  1069.0s

        Nodes      |    B&B Tree     |            Objective Bounds              |  Dynamic Constraints |       Work      
Src  Proc. InQueue |  Leaves   Expl. | BestBound       BestSol              Gap |   Cuts   InLp Confl. | LpIters     Time

      6756     610      2714  18.71%   95.53530231     110.5295475       13.57%     8171    266   9578     2274k  1075.6s
      6780     610      2725  18.71%   95.53530231     110.5295475       13.57%     8187    266   9880     2288k  1080.9s
      6821     617      2743  18.71%   95.53530231     110.5295475       13.57%     7581    287   9672     2302k  1086.7s
      6865     620      2763  18.74%   95.53530231     110.5295475       13.57%     7604    287   9607     2309k  1092.2s
      6897     622      2778  18.74%   95.53530231     110.5295475       13.57%     7625    287   8584     2317k  1097.6s
      6921     622      2789  18.76%   95.53530231     110.5295475       13.57%     7652    226   8757     2330k  1103.5s
      6982     623      2820  18.79%   95.53530231     110.5295475       13.57%     7678    226   9128     2337k  1108.6s
      7008     623      2831  18.79%   95.53530231     110.5295475       13.57%     7698    226   9427     2351k  1114.5s
      7017     627      2835  18.82%   95.53530231     110.5295475       13.57%     7024    265   9518     2370k  1120.2s
      7047     626      2847  18.95%   95.53530231     110.5295475       13.57%     7470    140   9588     2381k  1125.4s
      7082     630      2862  18.98%   95.53530231     110.5295475       13.57%     7495    140   9882     2393k  1130.4s
      7109     631      2875  19.06%   95.53530231     110.5295475       13.57%     7515    140   9506     2405k  1135.5s
      7146     641      2889  19.10%   95.53530231     110.5295475       13.57%     7932    173   9902     2422k  1142.0s
      7177     645      2903  19.15%   95.53530231     110.5295475       13.57%     7946    173   9614     2433k  1147.0s
      7201     650      2913  19.20%   95.53530231     110.5295475       13.57%     7959    173   9786     2446k  1152.6s
      7227     652      2923  19.26%   95.53530231     110.5295475       13.57%     7972    173   9657     2457k  1158.0s
      7250     656      2931  19.28%   95.53530231     110.5295475       13.57%     8156    219   9416     2474k  1164.9s
      7282     659      2944  19.33%   95.53530231     110.5295475       13.57%     8168    219   9809     2487k  1170.0s
      7321     663      2960  19.33%   95.53530231     110.5295475       13.57%     8226    219   9576     2493k  1175.1s
      7369     675      2982  19.44%   95.53530231     110.5295475       13.57%     8631    258   9753     2501k  1180.2s

        Nodes      |    B&B Tree     |            Objective Bounds              |  Dynamic Constraints |       Work      
Src  Proc. InQueue |  Leaves   Expl. | BestBound       BestSol              Gap |   Cuts   InLp Confl. | LpIters     Time

      7419     678      3004  19.47%   95.53530231     110.5295475       13.57%     8670    258   9977     2508k  1185.2s
      7481     692      3028  19.71%   95.53530231     110.5295475       13.57%     8691     75   9610     2517k  1190.2s
      7546     712      3048  19.71%   95.53530231     110.5295475       13.57%     8007    168   9841     2531k  1196.6s
      7571     712      3059  19.72%   95.53530231     110.5295475       13.57%     8019    168   9980     2545k  1202.2s
      7604     713      3075  19.77%   95.53530231     110.5295475       13.57%     7957    109   9578     2560k  1208.4s
      7706     727      3116  19.81%   95.53530231     110.5295475       13.57%     7965    161   9861     2577k  1216.8s
      7806     743      3156  19.86%   95.53530231     110.5295475       13.57%     6723    112   9465     2593k  1226.1s
      7842     743      3170  20.00%   95.53530231     110.5295475       13.57%     6909    137   9726     2611k  1233.8s
      7893     743      3193  20.06%   95.53530231     110.5295475       13.57%     6930    137   9064     2621k  1238.9s
      7943     759      3209  20.06%   95.53530231     110.5295475       13.57%     7304    118   9178     2637k  1247.0s
      7994     761      3231  20.06%   95.53530231     110.5295475       13.57%     7323    118   9487     2645k  1252.2s
      8046     774      3252  20.11%   95.53530231     110.5295475       13.57%     7431    130   9706     2655k  1257.6s
      8147     782      3295  20.16%   95.53530231     110.5295475       13.57%     7941    280   9375     2675k  1268.6s
      8217     786      3325  20.57%   95.53530231     110.5295475       13.57%     7973    280   9724     2683k  1273.9s
      8249     796      3337  20.57%   95.53530231     110.5295475       13.57%     8183    262   9869     2697k  1280.9s
      8308     796      3364  20.77%   95.53530231     110.5295475       13.57%     8207    262   9870     2706k  1286.2s
      8343     812      3375  20.78%   95.53530231     110.5295475       13.57%     7741    287   9196     2719k  1294.6s
      8369     813      3387  20.79%   95.53530231     110.5295475       13.57%     7761    287   9454     2729k  1300.1s
      8402     813      3403  20.80%   95.53530231     110.5295475       13.57%     7785    287   9884     2737k  1305.4s
      8437     815      3418  20.80%   95.53530231     110.5295475       13.57%     7800    287   9475     2744k  1310.4s

        Nodes      |    B&B Tree     |            Objective Bounds              |  Dynamic Constraints |       Work      
Src  Proc. InQueue |  Leaves   Expl. | BestBound       BestSol              Gap |   Cuts   InLp Confl. | LpIters     Time

      8445     818      3420  20.99%   95.53530231     110.5295475       13.57%     7394    347   9514     2760k  1318.1s
      8485     821      3437  21.49%   95.53530231     110.5295475       13.57%     7414    347   9904     2767k  1323.2s
      8536     822      3452  21.60%   95.53530231     110.5295475       13.57%     7433    347   9093     2776k  1328.6s
      8576     852      3463  21.61%   95.53530231     110.5295475       13.57%     7502    178   9296     2786k  1333.7s
 T    8641     803      3482  21.61%   95.53530231     110.2868484       13.38%     7518    178   9376     2787k  1335.1s
      8669     812      3496  21.61%   95.53530231     110.2868484       13.38%     7312    217   9584     2796k  1340.3s
      8698     811      3510  21.61%   95.53530231     110.2868484       13.38%     7366    124   9000     2804k  1345.4s
      8710     809      3517  22.40%   95.53530231     110.2868484       13.38%     7505    158   9223     2823k  1354.3s
      8745     813      3531  23.21%   95.53530231     110.2868484       13.38%     7523    158   9450     2834k  1359.4s
      8798     817      3555  23.29%   95.53530231     110.2868484       13.38%     7552    158   9626     2845k  1364.4s
      8811     821      3561  23.50%   95.53530231     110.2868484       13.38%     7792    217   9773     2864k  1372.7s
 T    8870     818      3578  23.56%   95.53530231     110.2268196       13.33%     7807    217   9991     2875k  1377.8s
      8917     846      3592  23.58%   95.53530231     110.2268196       13.33%     7716    193   9018     2904k  1389.0s
      8963     847      3615  23.69%   95.53530231     110.2268196       13.33%     7745    193   9306     2914k  1394.7s
      9013     859      3635  23.75%   95.53530231     110.2268196       13.33%     7769    193   9565     2929k  1401.4s
      9018     858      3636  23.80%   95.53530231     110.2268196       13.33%     7648    214   9742     2943k  1406.5s
      9117     879      3672  23.86%   95.53530231     110.2268196       13.33%     7217    242   9958     2952k  1412.5s
      9155     884      3686  23.92%   95.53530231     110.2268196       13.33%     7232    242   9818     2964k  1417.6s
      9220     904      3709  23.93%   95.53530231     110.2268196       13.33%     7193    268   9591     2984k  1426.2s
      9258     908      3726  23.93%   95.53530231     110.2268196       13.33%     7208    268   9821     2997k  1431.4s

        Nodes      |    B&B Tree     |            Objective Bounds              |  Dynamic Constraints |       Work      
Src  Proc. InQueue |  Leaves   Expl. | BestBound       BestSol              Gap |   Cuts   InLp Confl. | LpIters     Time

      9299     912      3744  23.93%   95.53530231     110.2268196       13.33%     7219    268   9561     3011k  1436.5s
      9322     920      3753  23.93%   95.53530231     110.2268196       13.33%     7125    160   9848     3024k  1441.6s
      9359     920      3772  23.93%   95.53530231     110.2268196       13.33%     7472    196   9440     3035k  1447.3s
      9398     919      3790  23.96%   95.53530231     110.2268196       13.33%     7079    221   9866     3045k  1452.6s
      9446     919      3813  23.96%   95.53530231     110.2268196       13.33%     7113    221   9132     3053k  1457.9s
      9467     924      3823  24.37%   95.53530231     110.2268196       13.33%     7144    383   9322     3065k  1463.5s
      9490     923      3833  24.76%   95.53530231     110.2268196       13.33%     7119    392   9544     3098k  1477.3s
      9527     924      3851  24.81%   95.53530231     110.2268196       13.33%     7139    392   9839     3106k  1482.5s
      9557     924      3866  24.81%   95.53530231     110.2268196       13.33%     7158    392   9780     3113k  1487.6s
      9579     924      3877  24.82%   95.53530231     110.2268196       13.33%     7176    392   9450     3123k  1492.9s
      9593     927      3881  24.83%   95.53530231     110.2268196       13.33%     7180    441   9600     3141k  1500.0s
      9623     928      3891  24.85%   95.53530231     110.2268196       13.33%     7192    441   9816     3152k  1505.2s
      9682     931      3917  24.85%   95.53530231     110.2268196       13.33%     7217    441   9478     3162k  1511.1s
      9712     943      3928  24.85%   95.53530231     110.2268196       13.33%     7151    202   9845     3173k  1516.1s
      9792     969      3955  24.85%   95.53530231     110.2268196       13.33%     7155    231   9081     3188k  1523.5s
      9842     970      3977  24.86%   95.53530231     110.2268196       13.33%     7172    231   9685     3197k  1528.7s
      9889     989      3991  24.86%   95.53530231     110.2268196       13.33%     6940    279   9996     3211k  1535.4s
      9912     989      4002  24.87%   95.53530231     110.2268196       13.33%     6955    279   9899     3218k  1540.4s
      9929     989      4009  24.87%   95.53530231     110.2268196       13.33%     7019    206   9768     3228k  1546.0s
      9969     991      4028  24.90%   95.53530231     110.2268196       13.33%     7041    206   9733     3241k  1551.1s

        Nodes      |    B&B Tree     |            Objective Bounds              |  Dynamic Constraints |       Work      
Src  Proc. InQueue |  Leaves   Expl. | BestBound       BestSol              Gap |   Cuts   InLp Confl. | LpIters     Time

     10015     996      4049  24.91%   95.53530231     110.2268196       13.33%     7061    206   9203     3253k  1556.1s
     10032     999      4054  24.92%   95.53530231     110.2268196       13.33%     5631    230   9460     3273k  1565.0s
     10081    1003      4077  24.92%   95.53530231     110.2268196       13.33%     5689    243   9382     3288k  1572.1s
     10116    1004      4093  24.93%   95.53530231     110.2268196       13.33%     5708    243   9751     3296k  1577.1s
     10158    1006      4113  24.93%   95.53530231     110.2268196       13.33%     5730    243   9609     3303k  1582.3s
     10190    1008      4129  24.94%   95.53530231     110.2268196       13.33%     5399    247   9882     3310k  1587.5s
     10214    1008      4139  24.94%   95.53530231     110.2268196       13.33%     5413    247   9694     3321k  1592.7s
     10251    1010      4156  24.94%   95.53530231     110.2268196       13.33%     5431    247   9497     3330k  1598.1s
     10279    1012      4170  24.94%   95.53530231     110.2268196       13.33%     5448    247   9616     3338k  1603.1s
     10312    1009      4185  24.99%   95.53530231     110.2268196       13.33%     4970    205   9085     3357k  1612.2s
     10413    1041      4219  25.66%   95.53530231     110.2268196       13.33%     5208    187   9462     3370k  1619.2s
     10447    1041      4235  25.79%   95.53530231     110.2268196       13.33%     4663    248   9875     3397k  1630.6s
     10482    1042      4251  25.90%   95.53530231     110.2268196       13.33%     4684    248   9804     3406k  1635.7s
     10543    1046      4278  25.93%   95.53530231     110.2268196       13.33%     4711    248   9561     3411k  1640.9s
     10567    1049      4290  26.12%   95.53530231     110.2268196       13.33%     4710    207   9362     3421k  1646.0s
     10633    1050      4321  26.31%   95.53530231     110.2268196       13.33%     4738    207   9857     3427k  1651.1s
     10675    1053      4339  26.33%   95.53530231     110.2268196       13.33%     4848    238   9602     3437k  1656.2s
     10726    1056      4363  26.34%   95.53530231     110.2268196       13.33%     4874    238   9551     3444k  1661.2s
     10756    1058      4375  26.35%   95.53530231     110.2268196       13.33%     5069    273   9396     3465k  1670.7s
     10852    1077      4414  26.36%   95.53530231     110.2268196       13.33%     5056    287   9763     3474k  1675.8s

        Nodes      |    B&B Tree     |            Objective Bounds              |  Dynamic Constraints |       Work      
Src  Proc. InQueue |  Leaves   Expl. | BestBound       BestSol              Gap |   Cuts   InLp Confl. | LpIters     Time

     10907    1078      4441  26.38%   95.53530231     110.2268196       13.33%     5082    287   9444     3481k  1680.9s
     10923    1075      4448  26.52%   95.53530231     110.2268196       13.33%     5058    212   9625     3499k  1687.3s
     10980    1104      4461  26.59%   95.5830759      110.2268196       13.29%     5115    250   9796     3544k  1707.7s
     11081    1117      4504  26.73%   95.5830759      110.2268196       13.29%     5058    269   9317     3556k  1713.9s
     11180    1134      4543  26.84%   95.5830759      110.2268196       13.29%     5097    168   9752     3566k  1719.4s
     11217    1135      4560  26.86%   95.5830759      110.2268196       13.29%     4898    312   9358     3575k  1724.5s
     11251    1138      4571  26.87%   95.5830759      110.2268196       13.29%     4931    213   9759     3601k  1735.9s
     11346    1151      4614  26.97%   95.5830759      110.2268196       13.29%     4604    271   9783     3609k  1741.2s
     11448    1166      4656  27.10%   95.5830759      110.2268196       13.29%     4572    162   9001     3616k  1746.3s
 T   11501     771      4679  27.77%   95.5830759      109.554285        12.75%     4341    195   9497     3625k  1751.3s
     11543     769      4689  28.04%   95.5830759      109.554285        12.75%     4309    237   9690     3639k  1756.5s
     11630     795      4719  28.28%   95.5830759      109.554285        12.75%     4924    213   9841     3655k  1764.1s
     11666     797      4736  28.35%   95.5830759      109.554285        12.75%     4944    213   9730     3670k  1770.1s
     11702     799      4752  28.40%   95.5830759      109.554285        12.75%     4960    213   9949     3681k  1775.4s
     11732     802      4765  28.44%   95.5830759      109.554285        12.75%     5037    254   9564     3690k  1780.4s
     11763     802      4780  28.45%   95.5830759      109.554285        12.75%     5052    254   9834     3702k  1785.9s
     11798     802      4797  28.45%   95.5830759      109.554285        12.75%     5069    254   9384     3714k  1791.0s
     11828     807      4811  28.45%   95.5830759      109.554285        12.75%     5053    274   9505     3727k  1796.9s
     11853     807      4824  28.45%   95.5830759      109.554285        12.75%     5063    274   9671     3741k  1802.4s
     11876     807      4834  28.46%   95.5830759      109.554285        12.75%     5075    274   9847     3755k  1807.6s

        Nodes      |    B&B Tree     |            Objective Bounds              |  Dynamic Constraints |       Work      
Src  Proc. InQueue |  Leaves   Expl. | BestBound       BestSol              Gap |   Cuts   InLp Confl. | LpIters     Time

     11902     807      4847  28.46%   95.5830759      109.554285        12.75%     5090    274   9990     3770k  1813.1s
     11926     810      4858  28.46%   95.5830759      109.554285        12.75%     5106    204   8985     3788k  1821.3s
     11949     810      4869  28.46%   95.5830759      109.554285        12.75%     5119    204   9219     3800k  1826.6s
     11973     812      4878  28.46%   95.5830759      109.554285        12.75%     5129    204   9382     3813k  1831.6s
     11986     811      4885  28.47%   95.5830759      109.554285        12.75%     5411    237   9610     3836k  1840.3s
     12022     811      4902  28.47%   95.5830759      109.554285        12.75%     5425    237   9728     3848k  1846.2s
     12051     811      4916  28.47%   95.5830759      109.554285        12.75%     5443    237   9918     3860k  1852.1s
     12074     811      4926  28.47%   95.5830759      109.554285        12.75%     5455    237   9420     3871k  1857.1s
     12089     815      4933  28.47%   95.5830759      109.554285        12.75%     5471    262   9532     3884k  1862.1s
     12107     815      4942  28.47%   95.5830759      109.554285        12.75%     5487    262   9763     3896k  1867.1s
     12127     815      4952  28.47%   95.5830759      109.554285        12.75%     5503    262   8474     3907k  1872.2s
     12146     816      4961  28.47%   95.5830759      109.554285        12.75%     5516    262   8825     3920k  1877.7s
     12168     813      4971  28.49%   95.5830759      109.554285        12.75%     5598    191   9049     3950k  1889.2s
     12198     814      4984  28.53%   95.5830759      109.554285        12.75%     5611    191   9231     3966k  1895.5s
     12237     815      5003  28.53%   95.5830759      109.554285        12.75%     5625    191   9500     3977k  1901.0s
 L   12263     822      5016  28.53%   95.58638265     109.554285        12.75%     5903    319   9770     3983k  1961.1s
     12284     822      5025  28.57%   95.58638265     109.554285        12.75%     5911    319   9879     4114k  1966.5s
     12329     828      5044  28.59%   95.58638265     109.554285        12.75%     5974    391   9617     4127k  1972.4s
     12342     828      5051  28.60%   95.58638265     109.554285        12.75%     5982    391   9744     4143k  1978.3s
     12361     827      5060  28.62%   95.58638265     109.554285        12.75%     5916    231   9996     4154k  1983.4s

        Nodes      |    B&B Tree     |            Objective Bounds              |  Dynamic Constraints |       Work      
Src  Proc. InQueue |  Leaves   Expl. | BestBound       BestSol              Gap |   Cuts   InLp Confl. | LpIters     Time

     12380     828      5069  28.65%   95.58638265     109.554285        12.75%     5929    231   9673     4169k  1989.4s
     12407     828      5083  28.67%   95.58638265     109.554285        12.75%     5948    231   9911     4181k  1994.4s
     12427     827      5094  28.70%   95.58638265     109.554285        12.75%     5826    289   9854     4198k  2001.7s
     12462     828      5111  28.71%   95.58638265     109.554285        12.75%     5839    289   9769     4208k  2006.8s
     12469     828      5113  28.72%   95.58638265     109.554285        12.75%     6102    219   9843     4268k  2030.5s
     12524     828      5140  28.73%   95.58638265     109.554285        12.75%     6126    219   9940     4277k  2035.5s
     12573     842      5158  28.74%   95.58638265     109.554285        12.75%     5644    164   9500     4288k  2040.8s
     12635     842      5187  28.74%   95.58638265     109.554285        12.75%     5674    164   9794     4300k  2045.9s
     12680     842      5209  28.74%   95.58638265     109.554285        12.75%     5730    180   9698     4312k  2050.9s
     12719     842      5229  28.74%   95.58638265     109.554285        12.75%     5755    180   9926     4325k  2056.0s
     12830     856      5273  29.13%   95.58638265     109.554285        12.75%     6307    186   9700     4338k  2062.1s
     12866     857      5289  30.52%   95.58638265     109.554285        12.75%     6324    186   9854     4353k  2068.2s
     12898     857      5304  30.56%   95.58638265     109.554285        12.75%     6336    186   9961     4364k  2073.2s
     12925     857      5317  30.69%   95.58638265     109.554285        12.75%     6348    186   9538     4377k  2078.2s
     12940     858      5324  30.74%   95.6191858      109.554285        12.72%     6591    153   9630     4389k  2083.7s
     12982     859      5340  30.85%   95.6191858      109.554285        12.72%     6602    153   9889     4401k  2088.8s
     13011     861      5357  30.87%   95.6191858      109.554285        12.72%     6619    153   9799     4415k  2094.2s
     13039     866      5369  30.95%   95.6191858      109.554285        12.72%     6644    181   9961     4427k  2099.6s
     13072     866      5385  30.98%   95.6191858      109.554285        12.72%     6665    181   9803     4439k  2104.8s
     13084     866      5391  30.99%   95.6191858      109.554285        12.72%     6684    181   9454     4455k  2110.4s

        Nodes      |    B&B Tree     |            Objective Bounds              |  Dynamic Constraints |       Work      
Src  Proc. InQueue |  Leaves   Expl. | BestBound       BestSol              Gap |   Cuts   InLp Confl. | LpIters     Time

     13121     865      5411  31.04%   95.6191858      109.554285        12.72%     6682    252   9914     4462k  2115.7s
     13129     863      5414  31.05%   95.6191858      109.554285        12.72%     6110    224   9419     4564k  2159.6s
     13154     867      5424  31.06%   95.6191858      109.554285        12.72%     6121    224   9721     4578k  2164.7s
     13220     868      5454  31.06%   95.6191858      109.554285        12.72%     6148    224   9514     4588k  2169.8s
     13236     868      5463  31.16%   95.6191858      109.554285        12.72%     6376    301   9744     4598k  2175.1s
     13260     869      5474  31.34%   95.6191858      109.554285        12.72%     6388    301   9882     4610k  2180.2s
     13280     870      5483  31.35%   95.6191858      109.554285        12.72%     6402    301   9391     4619k  2185.5s
     13320     870      5504  31.35%   95.6191858      109.554285        12.72%     6421    301   9552     4630k  2190.8s
     13345     872      5515  31.44%   95.61978218     109.554285        12.72%     6394    360   9932     4640k  2195.9s
     13373     874      5528  31.46%   95.61978218     109.554285        12.72%     6337    205   9560     4649k  2201.3s
     13393     874      5538  31.52%   95.61978218     109.554285        12.72%     6349    205   9757     4660k  2206.3s
     13431     874      5557  31.54%   95.61978218     109.554285        12.72%     6366    205   9124     4670k  2211.6s
     13476     873      5580  31.55%   95.61978218     109.554285        12.72%     5456    217   9620     4680k  2217.1s
     13534     873      5609  31.55%   95.61978218     109.554285        12.72%     5482    217   9727     4686k  2222.2s
     13564     871      5623  31.65%   95.61978218     109.554285        12.72%     4467    281   9409     4698k  2228.7s
     13591     871      5637  31.72%   95.61978218     109.554285        12.72%     4480    281   9560     4709k  2234.0s
     13621     872      5650  31.73%   95.61978218     109.554285        12.72%     4491    281   9713     4721k  2239.1s
     13655     872      5666  31.74%   95.61978218     109.554285        12.72%     4507    281   9695     4733k  2244.6s
     13688     875      5681  32.01%   95.61978218     109.554285        12.72%     4451    211   9916     4745k  2249.9s
     13718     877      5696  32.10%   95.61978218     109.554285        12.72%     4470    211   9628     4759k  2255.0s

        Nodes      |    B&B Tree     |            Objective Bounds              |  Dynamic Constraints |       Work      
Src  Proc. InQueue |  Leaves   Expl. | BestBound       BestSol              Gap |   Cuts   InLp Confl. | LpIters     Time

     13755     878      5712  32.18%   95.61978218     109.554285        12.72%     4484    211   9598     4770k  2260.2s
     13783     882      5724  32.25%   95.61978218     109.554285        12.72%     3669    178   9878     4782k  2265.6s
     13822     885      5737  32.45%   95.61978218     109.554285        12.72%     3757    240   9552     4798k  2271.3s
     13911     905      5768  32.47%   95.6275346      109.554285        12.71%     3785    179   9741     4806k  2276.7s
     13968     909      5790  32.50%   95.6275346      109.554285        12.71%     3804    179   9921     4818k  2281.8s
     14037     921      5823  32.58%   95.6275346      109.554285        12.71%     3780    217   9746     4830k  2287.8s
     14083     921      5845  32.58%   95.6275346      109.554285        12.71%     3802    217   9956     4842k  2292.9s
     14132     927      5863  32.58%   95.6275346      109.554285        12.71%     3966    233   9625     4853k  2298.0s
     14210     951      5894  32.58%   95.6275346      109.554285        12.71%     3757    184   9975     4863k  2304.0s
     14252     953      5914  32.58%   95.6275346      109.554285        12.71%     3668    206   9998     4871k  2309.6s
     14286     955      5929  32.58%   95.6275346      109.554285        12.71%     3683    206   9794     4881k  2315.0s
     14324     956      5948  32.58%   95.6275346      109.554285        12.71%     3702    206   9166     4892k  2320.2s
     14336     954      5955  32.59%   95.6275346      109.554285        12.71%     3865    219   9358     4907k  2327.4s
     14384     955      5977  32.59%   95.6275346      109.554285        12.71%     3889    219   9807     4915k  2332.8s
     14418     954      5996  32.59%   95.6275346      109.554285        12.71%     4300    219   9592     4925k  2338.3s
     14465     958      6011  32.59%   95.6275346      109.554285        12.71%     4594    270   9761     4934k  2343.3s
     14523     976      6035  33.37%   95.6275346      109.554285        12.71%     4429    168   9528     4949k  2351.0s
     14570     978      6050  34.95%   95.6275346      109.554285        12.71%     4445    168   9789     4962k  2356.0s
     14631     992      6076  34.95%   95.70035562     109.554285        12.65%     4607    261   9974     4971k  2361.2s
     14646     991      6084  34.95%   95.70035562     109.554285        12.65%     4679    174   9572     4984k  2368.2s

        Nodes      |    B&B Tree     |            Objective Bounds              |  Dynamic Constraints |       Work      
Src  Proc. InQueue |  Leaves   Expl. | BestBound       BestSol              Gap |   Cuts   InLp Confl. | LpIters     Time

     14750    1005      6123  34.95%   95.70035562     109.554285        12.65%     4892    180   9784     4993k  2373.9s
     14849    1022      6163  35.00%   95.70035562     109.554285        12.65%     5263    237   9586     5005k  2381.1s
     14874    1022      6174  35.05%   95.70035562     109.554285        12.65%     5129    264   9842     5063k  2405.9s
     14893    1023      6183  35.17%   95.70035562     109.554285        12.65%     5123    158   9953     5076k  2411.0s
     14952    1023      6212  35.21%   95.70035562     109.554285        12.65%     5152    158   9341     5089k  2416.2s
     14980    1024      6224  35.21%   95.70035562     109.554285        12.65%     5175    158   9589     5104k  2422.7s
     15036    1034      6248  35.27%   95.93716753     109.554285        12.43%     5230    180   9931     5112k  2427.8s
     15091    1041      6271  35.28%   95.93716753     109.554285        12.43%     5496    321   9899     5122k  2434.6s
     15138    1042      6288  35.28%   95.93716753     109.554285        12.43%     5349    334   9747     5133k  2440.2s
     15202    1048      6318  35.28%   95.93716753     109.554285        12.43%     5038    148   9590     5142k  2447.1s
     15250    1048      6340  35.28%   95.93716753     109.554285        12.43%     5056    148   9840     5153k  2452.2s
     15289    1051      6358  35.28%   95.93716753     109.554285        12.43%     5764    173   9663     5163k  2457.4s
     15317    1053      6372  35.28%   95.93716753     109.554285        12.43%     5940    195   9973     5173k  2462.5s
     15344    1054      6383  35.28%   95.93716753     109.554285        12.43%     5843    211   9663     5187k  2467.9s
     15421    1058      6417  35.28%   95.93716753     109.554285        12.43%     5869    211   9795     5196k  2473.0s
     15442    1064      6425  35.36%   95.93716753     109.554285        12.43%     5802    250   9895     5212k  2478.4s
     15490    1067      6448  35.44%   95.93716753     109.554285        12.43%     5825    250   9678     5223k  2483.7s
     15533    1088      6462  35.49%   96.05974637     109.554285        12.32%     5748    312   9949     5235k  2488.8s
     15618    1092      6495  35.50%   96.05974637     109.554285        12.32%     5842    209   9629     5245k  2493.8s
     15676    1108      6520  35.50%   96.05974637     109.554285        12.32%     5653    233   9985     5256k  2498.9s

        Nodes      |    B&B Tree     |            Objective Bounds              |  Dynamic Constraints |       Work      
Src  Proc. InQueue |  Leaves   Expl. | BestBound       BestSol              Gap |   Cuts   InLp Confl. | LpIters     Time

     15738    1121      6541  35.50%   96.05974637     109.554285        12.32%     5737    241   9958     5268k  2504.0s
     15786    1124      6561  35.50%   96.05974637     109.554285        12.32%     5753    241   8914     5280k  2509.0s
     15898    1139      6604  35.50%   96.05974637     109.554285        12.32%     5679    252   9290     5289k  2514.1s
     15943    1151      6625  35.52%   96.05974637     109.554285        12.32%     5626    154   9393     5300k  2519.1s
     15962    1151      6635  35.61%   96.05974637     109.554285        12.32%     5205    178   9481     5442k  2572.4s
     16015    1159      6655  35.64%   96.05974637     109.554285        12.32%     4973    200   9737     5455k  2577.4s
     16076    1162      6680  35.64%   96.05974637     109.554285        12.32%     4982    200   9727     5465k  2582.5s
     16123    1168      6694  35.64%   96.05974637     109.554285        12.32%     4890    126   9602     5477k  2587.6s
     16187    1174      6720  35.65%   96.05974637     109.554285        12.32%     4900    126   9983     5489k  2592.8s
     16233    1180      6737  35.72%   96.05974637     109.554285        12.32%     4947    150   9696     5501k  2597.8s
     16266    1180      6753  35.87%   96.05974637     109.554285        12.32%     4963    150   9786     5514k  2602.8s
     16326    1189      6778  35.93%   96.09639911     109.554285        12.28%     4851    165   9986     5528k  2608.2s
     16391    1191      6802  35.93%   96.09639911     109.554285        12.28%     4860    165   9953     5541k  2613.3s
     16505    1204      6848  35.93%   96.09639911     109.554285        12.28%     4806    171   9915     5549k  2618.3s
     16552    1215      6868  35.95%   96.09639911     109.554285        12.28%     4684    189   9478     5560k  2623.5s
     16608    1217      6894  35.97%   96.09639911     109.554285        12.28%     4705    189   9761     5572k  2629.6s
     16643    1220      6911  36.01%   96.09639911     109.554285        12.28%     4664    152   9915     5584k  2634.8s
     16692    1219      6934  36.02%   96.09639911     109.554285        12.28%     4637    160   9618     5599k  2640.5s
     16763    1228      6961  36.02%   96.09639911     109.554285        12.28%     4002    174   9972     5609k  2645.7s
     16831    1229      6985  36.02%   96.09639911     109.554285        12.28%     4003    174   9173     5621k  2650.7s

        Nodes      |    B&B Tree     |            Objective Bounds              |  Dynamic Constraints |       Work      
Src  Proc. InQueue |  Leaves   Expl. | BestBound       BestSol              Gap |   Cuts   InLp Confl. | LpIters     Time

     16878    1236      7006  36.02%   96.09639911     109.554285        12.28%     3898    182   9387     5632k  2656.1s
     16910    1237      7020  36.02%   96.09639911     109.554285        12.28%     3910    182   9503     5649k  2661.8s
     16965    1246      7044  36.02%   96.09639911     109.554285        12.28%     3616    138   9842     5660k  2667.0s
     17007    1246      7063  36.02%   96.09639911     109.554285        12.28%     3632    138   9959     5674k  2672.0s
     17081    1262      7090  36.41%   96.09639911     109.554285        12.28%     3387    252   9752     5692k  2679.5s
     17125    1263      7109  37.37%   96.09639911     109.554285        12.28%     3402    252   9792     5704k  2684.9s
     17157    1265      7124  37.92%   96.09639911     109.554285        12.28%     3412    252   9689     5720k  2690.7s
     17192    1270      7139  38.13%   96.10890418     109.554285        12.27%     3414    268   9948     5733k  2695.8s
     17284    1276      7178  38.28%   96.10890418     109.554285        12.27%     2948    301   9525     5741k  2700.8s
     17324    1276      7198  38.52%   96.10890418     109.554285        12.27%     2965    301   9916     5753k  2705.9s
     17364    1276      7218  38.92%   96.10890418     109.554285        12.27%     2979    301   9648     5765k  2711.0s
     17403    1277      7231  38.92%   96.10890418     109.554285        12.27%     2921    216   9747     5776k  2716.3s
     17485    1291      7263  38.92%   96.10890418     109.554285        12.27%     3132    248   9993     5784k  2721.4s
     17541    1296      7287  38.92%   96.10890418     109.554285        12.27%     3163    248   9856     5795k  2726.5s
     17613    1298      7315  38.92%   96.10890418     109.554285        12.27%     3085    261   9721     5805k  2731.5s
     17709    1319      7356  38.92%   96.10890418     109.554285        12.27%     3103    269   9970     5812k  2736.6s
     17794    1324      7395  38.92%   96.10890418     109.554285        12.27%     3153    111   9785     5821k  2742.0s
     17886    1337      7438  38.92%   96.10890418     109.554285        12.27%     3109    148   9926     5830k  2747.5s
     17988    1350      7479  39.01%   96.10890418     109.554285        12.27%     4054    221   9532     5842k  2753.9s
     18010    1351      7488  39.03%   96.10890418     109.554285        12.27%     4066    221   9775     5854k  2758.9s

        Nodes      |    B&B Tree     |            Objective Bounds              |  Dynamic Constraints |       Work      
Src  Proc. InQueue |  Leaves   Expl. | BestBound       BestSol              Gap |   Cuts   InLp Confl. | LpIters     Time

     18027    1351      7495  39.03%   96.10890418     109.554285        12.27%     4085    221   9933     5870k  2764.5s
     18040    1351      7501  39.04%   96.10890418     109.554285        12.27%     4100    221   9292     5884k  2769.8s
     18088    1363      7520  39.09%   96.14826795     109.554285        12.24%     4368    150   9581     5907k  2779.4s
     18121    1364      7537  39.68%   96.14826795     109.554285        12.24%     4384    150   9807     5918k  2784.4s
     18199    1373      7567  39.72%   96.14826795     109.554285        12.24%     4369    174   9486     5925k  2789.6s
     18235    1385      7582  39.72%   96.14826795     109.554285        12.24%     4368    240   9605     5940k  2795.7s
     18273    1387      7600  39.74%   96.14826795     109.554285        12.24%     4390    240   9750     5952k  2800.8s
     18306    1389      7614  39.78%   96.14826795     109.554285        12.24%     4408    240   9894     5962k  2806.2s
     18333    1392      7627  39.79%   96.14826795     109.554285        12.24%     4432    236   9758     5973k  2811.5s
     18356    1392      7639  39.79%   96.14826795     109.554285        12.24%     4447    236   9621     5984k  2816.9s
     18377    1391      7650  39.89%   96.14826795     109.554285        12.24%     4639    254   9831     5997k  2822.9s
     18395    1390      7656  39.90%   96.14826795     109.554285        12.24%     4680    279   9702     6011k  2829.0s
     18420    1390      7669  39.94%   96.14826795     109.554285        12.24%     4708    279   9960     6030k  2836.5s
     18436    1390      7677  39.95%   96.14826795     109.554285        12.24%     4728    279   9498     6043k  2841.8s
     18459    1390      7688  39.95%   96.14826795     109.554285        12.24%     4751    279   9694     6060k  2848.1s
     18481    1396      7697  39.95%   96.14826795     109.554285        12.24%     4611    176   9779     6072k  2853.7s
     18581    1419      7732  39.95%   96.14826795     109.554285        12.24%     4629    208   9521     6081k  2859.2s
     18610    1419      7744  40.00%   96.14826795     109.554285        12.24%     4842    223   9871     6101k  2867.5s
     18709    1438      7785  40.35%   96.15544805     109.554285        12.23%     4802    144   9732     6112k  2874.0s
     18763    1441      7811  40.65%   96.15544805     109.554285        12.23%     4835    144   9474     6134k  2883.6s

        Nodes      |    B&B Tree     |            Objective Bounds              |  Dynamic Constraints |       Work      
Src  Proc. InQueue |  Leaves   Expl. | BestBound       BestSol              Gap |   Cuts   InLp Confl. | LpIters     Time

     18788    1441      7822  40.76%   96.15544805     109.554285        12.23%     4845    144   9592     6150k  2889.3s
     18834    1448      7836  40.78%   96.15544805     109.554285        12.23%     4870    167   9678     6163k  2894.4s
     18927    1466      7879  40.89%   96.15544805     109.554285        12.23%     4903    190   9991     6172k  2899.4s
     18950    1469      7888  41.17%   96.15544805     109.554285        12.23%     4845    162   9348     6186k  2905.4s
     19004    1473      7910  41.24%   96.15544805     109.554285        12.23%     4867    162   9655     6196k  2910.9s
     19046    1476      7929  41.27%   96.15544805     109.554285        12.23%     4842    181   9794     6222k  2921.1s
     19115    1477      7962  41.28%   96.15544805     109.554285        12.23%     4849    181   9828     6231k  2926.1s
     19167    1484      7985  41.31%   96.15544805     109.554285        12.23%     4680    195   9824     6242k  2931.1s
     19185    1485      7994  41.32%   96.15544805     109.554285        12.23%     4692    195   9254     6257k  2936.9s
     19224    1486      8012  41.33%   96.15544805     109.554285        12.23%     4704    195   9445     6270k  2942.1s
     19249    1491      8022  41.34%   96.15544805     109.554285        12.23%     4540    148   9632     6281k  2947.2s
     19273    1492      8033  41.40%   96.15544805     109.554285        12.23%     4557    148   9793     6294k  2952.3s
     19313    1493      8052  41.41%   96.15544805     109.554285        12.23%     4573    148   9792     6310k  2957.9s
     19345    1492      8069  41.42%   96.15544805     109.554285        12.23%     4390    156   9494     6431k  3040.8s
     19376    1493      8082  41.42%   96.15544805     109.554285        12.23%     4401    156   9678     6444k  3046.0s
     19410    1494      8098  41.81%   96.15544805     109.554285        12.23%     4338    175   9837     6458k  3051.0s
     19428    1492      8108  44.60%   96.19660833     109.554285        12.19%     3553    127   9682     6479k  3059.9s
     19443    1493      8116  44.60%   96.19660833     109.554285        12.19%     3561    127   9827     6489k  3064.9s
     19463    1493      8126  44.60%   96.19660833     109.554285        12.19%     3568    127   9931     6504k  3070.6s
     19492    1493      8139  44.60%   96.19660833     109.554285        12.19%     3581    127   9610     6516k  3075.9s

        Nodes      |    B&B Tree     |            Objective Bounds              |  Dynamic Constraints |       Work      
Src  Proc. InQueue |  Leaves   Expl. | BestBound       BestSol              Gap |   Cuts   InLp Confl. | LpIters     Time

     19528    1495      8153  44.60%   96.19660833     109.554285        12.19%     3273    136   9704     6528k  3081.1s
     19560    1496      8168  44.60%   96.19660833     109.554285        12.19%     3286    136   9974     6538k  3086.2s
     19581    1496      8178  44.62%   96.19660833     109.554285        12.19%     3351    143   9762     6550k  3091.2s
     19592    1495      8182  44.63%   96.19660833     109.554285        12.19%     3089    168   9817     6564k  3096.4s
     19615    1495      8194  44.64%   96.19660833     109.554285        12.19%     3096    168   9923     6578k  3101.5s
     19637    1495      8206  44.72%   96.19660833     109.554285        12.19%     3069    137   9285     6594k  3108.0s
     19660    1495      8217  44.72%   96.19660833     109.554285        12.19%     3077    137   9427     6607k  3113.2s
     19684    1495      8228  44.72%   96.19660833     109.554285        12.19%     3085    137   9568     6621k  3118.5s
     19702    1495      8236  44.75%   96.19660833     109.554285        12.19%     3022    190   9747     6636k  3123.7s
     19738    1496      8254  44.77%   96.19660833     109.554285        12.19%     3046    190   9983     6649k  3128.8s
     19754    1496      8262  45.06%   96.19660833     109.554285        12.19%     3495    226   9744     6660k  3134.0s
     19764    1496      8265  45.14%   96.19660833     109.554285        12.19%     3635    234   9812     6672k  3139.4s
     19780    1498      8274  46.21%   96.19660833     109.554285        12.19%     3651    234   9519     6684k  3144.5s
     19821    1498      8294  46.59%   96.19660833     109.554285        12.19%     3672    234   9843     6692k  3149.6s
     19844    1499      8304  46.60%   96.2733212      109.554285        12.12%     3809    292   9997     6703k  3154.7s
     19871    1499      8318  46.60%   96.2733212      109.554285        12.12%     3784    307   9485     6712k  3159.8s
     19900    1498      8331  46.61%   96.2733212      109.554285        12.12%     3749    188   9719     6740k  3171.5s
     19962    1504      8356  46.61%   96.2733212      109.554285        12.12%     3771    188   9708     6748k  3176.5s
     20005    1511      8375  46.61%   96.2733212      109.554285        12.12%     3846    184   9979     6757k  3181.6s
     20037    1513      8390  46.61%   96.2733212      109.554285        12.12%     3871    184   9775     6769k  3187.1s

        Nodes      |    B&B Tree     |            Objective Bounds              |  Dynamic Constraints |       Work      
Src  Proc. InQueue |  Leaves   Expl. | BestBound       BestSol              Gap |   Cuts   InLp Confl. | LpIters     Time

     20051    1513      8397  46.61%   96.2733212      109.554285        12.12%     3889    184   9916     6785k  3193.2s
     20072    1511      8408  46.62%   96.2733212      109.554285        12.12%     3877    295   9917     6798k  3199.0s
     20090    1508      8417  46.69%   96.2733212      109.554285        12.12%     4110    208   9400     6816k  3206.0s
     20174    1515      8445  46.72%   96.2733212      109.554285        12.12%     4136    208   9977     6826k  3211.1s
     20196    1535      8455  46.77%   96.2733212      109.554285        12.12%     4104    156   9694     6837k  3216.1s
     20288    1545      8494  46.79%   96.2733212      109.554285        12.12%     4136    193   9979     6846k  3221.2s
     20315    1544      8507  46.84%   96.2733212      109.554285        12.12%     4052    246   9337     6858k  3226.2s
     20343    1547      8518  46.87%   96.2733212      109.554285        12.12%     4072    246   9713     6870k  3231.4s
     20385    1547      8540  46.89%   96.2733212      109.554285        12.12%     4099    246   9971     6880k  3236.6s
     20408    1546      8551  46.93%   96.2733212      109.554285        12.12%     3070    225   9729     6898k  3245.9s
     20430    1547      8562  46.98%   96.2733212      109.554285        12.12%     3082    225   9957     6910k  3251.0s
     20464    1547      8578  47.02%   96.2733212      109.554285        12.12%     3102    225   9898     6917k  3256.3s
     20507    1554      8596  47.04%   96.2733212      109.554285        12.12%     2874    208   9492     6925k  3264.0s
     20524    1556      8602  47.05%   96.2733212      109.554285        12.12%     2708    224   9915     6934k  3269.5s
     20565    1558      8621  47.05%   96.2733212      109.554285        12.12%     2731    224   9903     6944k  3275.3s
     20589    1558      8633  47.06%   96.2733212      109.554285        12.12%     2747    224   9811     6951k  3280.5s
     20630    1564      8650  47.06%   96.2733212      109.554285        12.12%     2769    247   9739     6958k  3285.7s
     20665    1565      8667  47.06%   96.2733212      109.554285        12.12%     2790    247   9757     6965k  3290.7s
     20702    1567      8686  47.06%   96.2733212      109.554285        12.12%     2806    247   9598     6974k  3295.9s
     20715    1566      8691  47.07%   96.2733212      109.554285        12.12%     2635    208   9729     6987k  3301.3s

        Nodes      |    B&B Tree     |            Objective Bounds              |  Dynamic Constraints |       Work      
Src  Proc. InQueue |  Leaves   Expl. | BestBound       BestSol              Gap |   Cuts   InLp Confl. | LpIters     Time

     20749    1566      8708  47.13%   96.2733212      109.554285        12.12%     2661    208   9833     6998k  3306.5s
     20787    1567      8727  47.15%   96.2733212      109.554285        12.12%     2684    208   9868     7008k  3312.4s
     20815    1571      8739  47.16%   96.2733212      109.554285        12.12%     2651    247   9992     7019k  3317.8s
     20893    1577      8775  47.19%   96.2733212      109.554285        12.12%     2690    247   9808     7027k  3323.0s
     20928    1585      8788  47.21%   96.2733212      109.554285        12.12%     2775    278   9048     7038k  3328.1s
     20972    1590      8807  47.23%   96.2733212      109.554285        12.12%     2796    278   9353     7049k  3333.8s
     21005    1592      8822  47.24%   96.2733212      109.554285        12.12%     2823    278   9974     7057k  3339.2s
     21027    1600      8830  47.24%   96.2733212      109.554285        12.12%     2730    229   9090     7065k  3344.3s
     21053    1601      8842  47.24%   96.2733212      109.554285        12.12%     2743    229   9427     7074k  3349.4s
     21079    1602      8854  47.25%   96.2733212      109.554285        12.12%     2709    254   9246     7084k  3355.3s
     21106    1602      8866  47.25%   96.2733212      109.554285        12.12%     2641    269   9605     7094k  3360.5s
     21144    1603      8883  47.25%   96.2733212      109.554285        12.12%     2660    269   9600     7102k  3365.9s
     21161    1603      8889  47.25%   96.2733212      109.554285        12.12%     2537    278   9770     7115k  3372.8s
     21193    1604      8905  47.26%   96.2733212      109.554285        12.12%     2563    278   9078     7135k  3379.3s
     21216    1605      8916  47.27%   96.2733212      109.554285        12.12%     2576    278   9295     7147k  3384.8s
     21261    1608      8939  47.27%   96.2733212      109.554285        12.12%     2612    224   9215     7159k  3389.9s
     21295    1607      8954  47.27%   96.2733212      109.554285        12.12%     2579    235   9526     7177k  3395.5s
     21367    1616      8987  47.28%   96.2733212      109.554285        12.12%     2534    256   9270     7191k  3401.6s
     21415    1616      9009  47.28%   96.2733212      109.554285        12.12%     2560    256   9729     7209k  3406.7s
     21483    1618      9039  47.29%   96.2733212      109.554285        12.12%     2508    270   8925     7220k  3411.8s

        Nodes      |    B&B Tree     |            Objective Bounds              |  Dynamic Constraints |       Work      
Src  Proc. InQueue |  Leaves   Expl. | BestBound       BestSol              Gap |   Cuts   InLp Confl. | LpIters     Time

     21544    1620      9069  47.29%   96.2733212      109.554285        12.12%     2541    270   9645     7234k  3416.9s
     21600    1622      9094  47.33%   96.2733212      109.554285        12.12%     2607    223   8714     7253k  3422.1s
     21704    1635      9139  47.33%   96.32508272     109.554285        12.08%     2489    255   9672     7266k  3427.1s
     21759    1636      9167  47.34%   96.32508272     109.554285        12.08%     2485    266   9073     7281k  3432.2s
     21790    1638      9182  47.34%   96.32508272     109.554285        12.08%     2510    266   9490     7293k  3437.3s
     21835    1638      9204  47.34%   96.32508272     109.554285        12.08%     2547    279   9704     7307k  3442.3s
     21861    1635      9219  47.34%   96.32508272     109.554285        12.08%     2710    211   9017     7324k  3447.4s
     21893    1634      9235  47.39%   96.32508272     109.554285        12.08%     2648    246   9341     7339k  3452.4s
     21934    1632      9255  47.47%   96.32508272     109.554285        12.08%     3083    219   9979     7356k  3458.0s
     21974    1636      9273  47.56%   96.32508272     109.554285        12.08%     3118    219   9790     7375k  3463.3s
     22011    1638      9291  47.57%   96.32508272     109.554285        12.08%     3147    219   9456     7393k  3468.4s
     22046    1639      9309  47.58%   96.33455084     109.554285        12.07%     3320    195   9660     7408k  3474.0s
     22081    1635      9328  47.59%   96.33455084     109.554285        12.07%     4045    241   9372     7426k  3480.3s
     22130    1633      9354  47.98%   96.33455084     109.554285        12.07%     4160    214   9765     7443k  3485.7s
     22185    1633      9380  48.27%   96.38076194     109.554285        12.02%     4192    264   9084     7459k  3491.0s
     22208    1634      9390  48.27%   96.38076194     109.554285        12.02%     4140    313   9254     7476k  3496.7s
     22260    1637      9415  48.27%   96.38076194     109.554285        12.02%     4169    313   9813     7491k  3501.9s
     22301    1640      9434  48.27%   96.38076194     109.554285        12.02%     4183    313   9211     7503k  3507.1s
     22343    1641      9453  48.28%   96.38076194     109.554285        12.02%     4213    334   9669     7521k  3512.2s
     22403    1641      9484  48.29%   96.38076194     109.554285        12.02%     4245    146   9958     7534k  3517.3s

        Nodes      |    B&B Tree     |            Objective Bounds              |  Dynamic Constraints |       Work      
Src  Proc. InQueue |  Leaves   Expl. | BestBound       BestSol              Gap |   Cuts   InLp Confl. | LpIters     Time

     22422    1637      9492  48.29%   96.38076194     109.554285        12.02%     4415    243   9508     7554k  3522.5s
     22509    1642      9534  48.30%   96.38076194     109.554285        12.02%     4461    243   8959     7567k  3527.7s
     22553    1647      9553  48.33%   96.38076194     109.554285        12.02%     4517    159   9468     7585k  3532.9s
     22621    1654      9585  48.33%   96.38076194     109.554285        12.02%     4406    169   9125     7603k  3538.1s
     22664    1654      9605  48.35%   96.38076194     109.554285        12.02%     3890    238   9407     7617k  3543.2s
     22726    1656      9633  48.36%   96.38076194     109.554285        12.02%     3934    238   9842     7648k  3552.1s
     22763    1660      9651  48.36%   96.38076194     109.554285        12.02%     4013    353   9673     7667k  3557.8s
     22790    1661      9662  48.38%   96.38076194     109.554285        12.02%     4038    374   9813     7685k  3563.2s
     22875    1674      9697  48.38%   96.38076194     109.554285        12.02%     3861    197   9006     7696k  3568.2s
     22933    1671      9727  48.41%   96.38076194     109.554285        12.02%     3624    256   9554     7710k  3574.4s
     23044    1684      9772  48.56%   96.53628661     109.554285        11.88%     3615    162   9528     7722k  3579.4s
     23109    1685      9801  48.58%   96.53628661     109.554285        11.88%     3637    224   9924     7741k  3584.4s
     23168    1687      9828  48.63%   96.53628661     109.554285        11.88%     3663    224   9858     7762k  3589.5s
     23212    1689      9849  48.67%   96.53628661     109.554285        11.88%     3565    173   9607     7782k  3595.9s
     23247    1696      9865  48.72%   96.53628661     109.554285        11.88%     3584    173   9978     7796k  3600.0s

Solving report
  Status            Time limit reached
  Primal bound      109.554284979
  Dual bound        96.536286608
  Gap               11.88% (tolerance: 0.01%)
  P-D integral      550.582469947
  Solution status   feasible
                    109.554284979 (objective)
                    0 (bound viol.)
                    1.33226762955e-15 (int. viol.)
                    0 (row viol.)
  Timing            3600.02
  Max sub-MIP depth 8
  Nodes             23247
  Repair LPs        0
  LP iterations     7796847
                    2297940 (strong br.)
                    283671 (separation)
                    413046 (heuristics)
