Running HiGHS 1.14.0 (git hash: 7df0786de3): Copyright (c) 2026 under Apache 2.0 license terms
Using BLAS: blastrampoline 
MIP has 4827 rows; 3271 cols; 47722 nonzeros; 2304 integer variables (2304 binary)
Coefficient ranges:
  Matrix  [2e-01, 8e+01]
  Cost    [7e-02, 2e+03]
  Bound   [1e+00, 1e+00]
  RHS     [1e+00, 2e+02]
Presolving model
652 rows, 505 cols, 2156 nonzeros 0s
500 rows, 367 cols, 1944 nonzeros 0s
412 rows, 305 cols, 1618 nonzeros 0s
355 rows, 274 cols, 1498 nonzeros 0s
Presolve reductions: rows 355(-4472); columns 274(-2997); nonzeros 1498(-46224) 

Solving MIP model with:
   355 rows
   274 cols (207 binary, 0 integer, 0 implied int., 67 continuous, 0 domain fixed)
   1498 nonzeros

Src: B => Branching; C => Central rounding; F => Feasibility pump; H => Heuristic;
     I => Shifting; J => Feasibility jump; L => Sub-MIP; P => Empty MIP; R => Randomized rounding;
     S => Solve LP; T => Evaluate node; U => Unbounded; X => User solution; Y => HiGHS solution;
     Z => ZI Round; l => Trivial lower; p => Trivial point; u => Trivial upper; z => Trivial zero

        Nodes      |    B&B Tree     |            Objective Bounds              |  Dynamic Constraints |       Work      
Src  Proc. InQueue |  Leaves   Expl. | BestBound       BestSol              Gap |   Cuts   InLp Confl. | LpIters     Time

         0       0         0   0.00%   500             inf                  inf        0      0      0         0     0.1s
 R       0       0         0   0.00%   558.9369525     567.9823687        1.59%        0      0      0       119     0.1s

33.8% inactive integer columns, restarting
Model after restart has 141 rows, 99 cols (32 bin., 0 int., 0 impl., 67 cont., 0 dom.fix.), and 436 nonzeros

         0       0         0   0.00%   558.9369525     567.9823687        1.59%        0      0      0       119     0.1s
         0       0         0   0.00%   558.9369525     567.9823687        1.59%        0      0      0       125     0.1s
 H       0       0         0   0.00%   567.3866455     567.9823687        0.10%      661     15      1       154     0.3s
         1       0         1 100.00%   567.9823687     567.9823687        0.00%      661     15      1       184     0.3s

Solving report
  Status            Optimal
  Primal bound      567.982368673
  Dual bound        567.982368673
  Gap               0% (tolerance: 0.01%)
  P-D integral      0.00161325099356
  Solution status   feasible
                    567.982368673 (objective)
                    0 (bound viol.)
                    0 (int. viol.)
                    0 (row viol.)
  Timing            0.28
  Max sub-MIP depth 0
  Nodes             1
  Repair LPs        0
  LP iterations     184
                    0 (strong br.)
                    29 (separation)
                    12 (heuristics)
