Running HiGHS 1.14.0 (git hash: 7df0786de3): Copyright (c) 2026 under Apache 2.0 license terms
Using BLAS: blastrampoline 
MIP has 30534 rows; 18644 cols; 383598 nonzeros; 13064 integer variables (13060 binary)
Coefficient ranges:
  Matrix  [2e-01, 8e+01]
  Cost    [1e+00, 2e+03]
  Bound   [1e+00, 1e+00]
  RHS     [1e+00, 2e+02]
Presolving model
18086 rows, 10644 cols, 200818 nonzeros 0s
11323 rows, 7089 cols, 108215 nonzeros 0s
9363 rows, 6054 cols, 45426 nonzeros 1s
9197 rows, 5993 cols, 45886 nonzeros 1s
Presolve reductions: rows 9197(-21337); columns 5993(-12651); nonzeros 45886(-337712) 

Solving MIP model with:
   9197 rows
   5993 cols (3562 binary, 4 integer, 8 implied int., 2419 continuous, 0 domain fixed)
   45886 nonzeros

Src: B => Branching; C => Central rounding; F => Feasibility pump; H => Heuristic;
     I => Shifting; J => Feasibility jump; L => Sub-MIP; P => Empty MIP; R => Randomized rounding;
     S => Solve LP; T => Evaluate node; U => Unbounded; X => User solution; Y => HiGHS solution;
     Z => ZI Round; l => Trivial lower; p => Trivial point; u => Trivial upper; z => Trivial zero

        Nodes      |    B&B Tree     |            Objective Bounds              |  Dynamic Constraints |       Work      
Src  Proc. InQueue |  Leaves   Expl. | BestBound       BestSol              Gap |   Cuts   InLp Confl. | LpIters     Time

         0       0         0   0.00%   0               inf                  inf        0      0      0         0     2.5s
         0       0         0   0.00%   363.2341134     inf                  inf        0      0      4      4086     3.8s
         0       0         0   0.00%   367.4164147     inf                  inf     3639    121    288      6057     9.0s
         0       0         0   0.00%   372.7443655     inf                  inf     5386    221    308      8702    14.5s
         0       0         0   0.00%   373.5109005     inf                  inf     5761    178    343      9902    19.9s
         0       0         0   0.00%   373.5956414     inf                  inf     5910    188    360     10483    25.0s
 L       0       0         0   0.00%   373.5956414     2206.268344       83.07%     5910    188    360     53592   103.9s

1.1% inactive integer columns, restarting
Model after restart has 9050 rows, 5905 cols (3513 bin., 4 int., 8 impl., 2380 cont., 0 dom.fix.), and 45250 nonzeros

         0       0         0   0.00%   373.6030015     2206.268344       83.07%       73      0      0     71182   105.5s
         0       0         0   0.00%   373.6045308     2206.268344       83.07%       73     53      3     73101   106.3s
         0       0         0   0.00%   373.6443705     2206.268344       83.06%      586    106      3     73427   111.7s
        11       0         1   0.10%   373.6468925     2206.268344       83.06%      852     67     21    186957   215.5s
        48       0        12   0.10%   373.6468925     2206.268344       83.06%      853     67    156    194250   220.9s
        92       2        27   0.15%   373.6468925     2206.268344       83.06%      855     67    275    202318   227.4s
       142      32        31   0.15%   373.6468925     2206.268344       83.06%      877     83    313    215007   237.1s
       196      42        47   0.15%   373.6468925     2206.268344       83.06%      880     83    496    220067   242.1s
       214      84        54   0.54%   373.6808498     2206.268344       83.06%     2532    166    554    253712   280.4s
       250      84        64   0.54%   373.6808498     2206.268344       83.06%     2536    166    631    258189   285.6s
       293      86        76   0.54%   373.6808498     2206.268344       83.06%     2537    166    813    262430   290.7s
       327     125        83   0.54%   373.6808498     2206.268344       83.06%     2926    223    866    271860   300.0s
       357     125        92   0.54%   373.6808498     2206.268344       83.06%     2931    223    944    279351   308.0s

        Nodes      |    B&B Tree     |            Objective Bounds              |  Dynamic Constraints |       Work      
Src  Proc. InQueue |  Leaves   Expl. | BestBound       BestSol              Gap |   Cuts   InLp Confl. | LpIters     Time

       403     128       100   0.54%   373.6808498     2206.268344       83.06%     2936    223    978    284526   314.3s
 L     421     183       104   0.54%   373.6808498     1684.509434       77.82%     3351    141   1015    286891   359.0s
       437     184       106   0.55%   373.6808498     1684.509434       77.82%     3352    141   1032    316054   364.1s
       489     186       115   0.55%   373.6808498     1684.509434       77.82%     3354    141   1083    320535   369.8s
       529     237       127   0.65%   373.6808498     1684.509434       77.82%     3459    147   1174    352185   441.3s
       574     241       136   1.06%   373.6808498     1684.509434       77.82%     3465    147   1227    360477   446.5s
       635     266       159   1.15%   373.6808498     1684.509434       77.82%     3946     96   1440    365732   451.5s
       710     273       178   1.16%   373.6808498     1684.509434       77.82%     3948     96   1592    372289   456.5s
 L     725     301       185   1.16%   373.6808498     1623.509434       76.98%     5773    150   1635    373919   472.8s
       771     303       198   1.27%   373.6808498     1623.509434       76.98%     5777    150   1885    400097   477.9s
       835     316       220   1.28%   373.6808498     1623.509434       76.98%     7030    162   2024    411826   485.1s
       909     318       244   1.28%   373.6808498     1623.509434       76.98%     7031    162   2271    419835   490.1s
       936     349       252   1.29%   373.6808498     1623.509434       76.98%     7125    182   2361    460287   533.8s
       978     354       264   1.29%   373.6808498     1623.509434       76.98%     7134    182   2499    465147   538.9s
      1008     355       279   1.29%   373.6808498     1623.509434       76.98%     7148    182   2799    469552   543.9s
      1022     356       284   1.29%   373.6808498     1623.509434       76.98%     7164    182   3033    474226   549.7s
      1033     367       288   1.29%   373.6808498     1623.509434       76.98%     8336    170   3056    480132   556.6s
      1090     370       299   1.29%   373.6808498     1623.509434       76.98%     8338    170   3129    486669   562.8s
      1148     408       315   1.30%   373.6808498     1623.509434       76.98%     9055    271   3260    503554   576.1s
      1213     418       334   1.30%   373.6808498     1623.509434       76.98%     9058    271   3441    512805   582.5s

        Nodes      |    B&B Tree     |            Objective Bounds              |  Dynamic Constraints |       Work      
Src  Proc. InQueue |  Leaves   Expl. | BestBound       BestSol              Gap |   Cuts   InLp Confl. | LpIters     Time

      1235     442       341   1.30%   375.1405713     1623.509434       76.89%    10237    409   3500    527023   591.4s
      1286     448       358   1.30%   375.1405713     1623.509434       76.89%    10240    409   3533    533405   596.5s
      1330     468       372   1.30%   375.1405713     1623.509434       76.89%    10248    409   3602    540538   601.5s
      1349     468       375   1.30%   375.1405713     1623.509434       76.89%     9781    249   3845    547532   606.5s
      1394     471       392   1.30%   375.1405713     1623.509434       76.89%     9794    249   3930    554030   611.9s
      1437     492       408   1.30%   375.1405713     1623.509434       76.89%     9922    351   4175    597763   640.0s
      1466     499       417   1.30%   375.1405713     1623.509434       76.89%     9931    351   4235    606719   645.4s
      1508     505       436   1.30%   375.1405713     1623.509434       76.89%     9939    351   4316    612754   650.7s

Restarting search from the root node
Model after restart has 9034 rows, 5891 cols (3503 bin., 4 int., 8 impl., 2376 cont., 0 dom.fix.), and 45325 nonzeros

      1530       0         0   0.00%   375.1405713     1623.509434       76.89%      351      0      0    617877   654.2s
      1530       0         0   0.00%   382.7648731     1623.509434       76.42%      351     21      3    619218   654.5s
      1530       0         0   0.00%   391.4206925     1623.509434       75.89%     4047    248      3    622747   659.6s
      1570       0         6   0.00%   391.4206925     1623.509434       75.89%     4053     87     47    634931   664.8s
      1634      39        23   0.79%   391.4206925     1623.509434       75.89%     5534    211    215    646792   671.4s
      1681      40        34   0.79%   391.4206925     1623.509434       75.89%     5537    211    326    658875   676.5s
      1734      79        50   2.35%   391.4206925     1623.509434       75.89%     4692    202    412    669801   681.8s
      1784      82        60   3.14%   391.4206925     1623.509434       75.89%     4696    202    515    681668   687.2s
      1837     122        76   3.14%   391.4206925     1623.509434       75.89%     5061    195    607    690603   692.7s
      1895     128        91   3.14%   391.4206925     1623.509434       75.89%     5075    195    760    699539   697.9s
      1938     146       106   3.14%   391.4206925     1623.509434       75.89%     6028    273    988    709075   703.1s
      1951     144       108   3.15%   391.4206925     1623.509434       75.89%     6573    276   1026    725844   710.8s

        Nodes      |    B&B Tree     |            Objective Bounds              |  Dynamic Constraints |       Work      
Src  Proc. InQueue |  Leaves   Expl. | BestBound       BestSol              Gap |   Cuts   InLp Confl. | LpIters     Time

      1998     145       128   3.16%   391.4206925     1623.509434       75.89%     6578    276   1340    736949   716.3s
      2042     160       146   3.16%   391.4206925     1623.509434       75.89%     7676    368   1514    749609   724.4s
      2087     161       153   3.16%   391.4206925     1623.509434       75.89%     7679    368   1586    760336   729.6s
      2146     202       171   6.28%   391.4206925     1623.509434       75.89%     8842    316   1731    777060   738.4s
      2176     203       175   6.28%   391.4206925     1623.509434       75.89%     8846    316   1782    788640   743.5s
      2230     209       198   6.28%   391.4206925     1623.509434       75.89%     8862    316   2233    796543   748.6s
      2248     232       204   7.85%   391.4206925     1623.509434       75.89%     9759    318   2335    805498   754.7s
      2299     242       215   7.85%   391.4206925     1623.509434       75.89%     9764    318   2520    812758   759.8s
      2351     252       236   7.85%   391.4206925     1623.509434       75.89%     9611    364   2736    825168   766.5s
      2410     257       247   7.85%   391.4206925     1623.509434       75.89%     9621    364   2856    835590   772.1s
      2451     289       256   7.85%   391.4206925     1623.509434       75.89%     9864    257   2983    843298   777.2s
      2519     290       267   7.85%   391.4206925     1623.509434       75.89%     9871    257   3107    852486   782.8s
      2565     328       282   7.85%   391.4206925     1623.509434       75.89%     9934    302   3343    858935   788.0s
      2620     334       298   7.85%   391.4206925     1623.509434       75.89%     9951    302   3579    865849   793.2s
      2652     355       313   7.85%   391.4206925     1623.509434       75.89%    10032    246   3697    873910   798.4s
      2705     360       329   7.85%   391.4206925     1623.509434       75.89%    10042    246   3840    882441   803.6s
      2755     400       341  14.10%   391.4206925     1623.509434       75.89%     9099    494   3879    902417   814.6s
      2794     401       349  14.29%   391.4206925     1623.509434       75.89%     9102    494   3962    914701   820.3s
      2849     404       364  14.29%   391.4206925     1623.509434       75.89%     9109    494   4094    923897   825.4s
      2875     428       371  14.29%   391.4206925     1623.509434       75.89%     8785    366   4191    934213   830.8s

        Nodes      |    B&B Tree     |            Objective Bounds              |  Dynamic Constraints |       Work      
Src  Proc. InQueue |  Leaves   Expl. | BestBound       BestSol              Gap |   Cuts   InLp Confl. | LpIters     Time

      2890     429       381  14.29%   391.4206925     1623.509434       75.89%     8789    366   4751    941447   836.2s
      2906     426       392  14.29%   391.4206925     1623.509434       75.89%     9126    278   5005    953708   843.7s
      2968     426       407  14.29%   391.4206925     1623.509434       75.89%     9149    278   5168    964733   850.0s
      3014     464       416  14.29%   391.4206925     1623.509434       75.89%     9568    265   5240    972493   855.8s
      3090     468       432  14.29%   391.4206925     1623.509434       75.89%     9579    265   5424    981135   861.1s
      3117     514       437  14.29%   391.4206925     1623.509434       75.89%     9756    344   5504    989567   866.7s
      3152     516       443  14.29%   391.4206925     1623.509434       75.89%    10204    323   5625     1002k   874.8s
      3199     521       461  14.29%   391.4206925     1623.509434       75.89%    10213    323   5757     1012k   880.2s
      3252     529       482  14.29%   391.4206925     1623.509434       75.89%    10375    409   5832     1023k   887.2s
      3303     536       502  14.29%   391.4206925     1623.509434       75.89%    10380    409   5952     1032k   892.7s
      3351     557       515  15.86%   391.4206925     1623.509434       75.89%    10219    466   6013     1054k   902.6s
      3391     558       524  15.86%   391.4206925     1623.509434       75.89%    10227    466   6187     1065k   907.8s
      3465     589       542  15.86%   391.4206925     1623.509434       75.89%    10237    338   6435     1088k   918.5s
      3515     592       557  15.86%   391.4206925     1623.509434       75.89%    10252    338   6646     1098k   924.2s
      3568     624       573  15.86%   391.4206925     1623.509434       75.89%    10418    382   6875     1115k   933.6s
      3623     635       593  15.86%   391.4206925     1623.509434       75.89%    10428    382   6952     1122k   938.7s
      3669     640       611  15.86%   391.4206925     1623.509434       75.89%     9945    358   7740     1138k   947.5s
      3727     648       632  15.86%   391.4206925     1623.509434       75.89%     9951    358   7893     1144k   952.5s
      3771     659       645  15.86%   391.4206925     1623.509434       75.89%    10280    411   8003     1158k   960.3s
      3819     659       663  15.86%   391.4206925     1623.509434       75.89%    10286    411   8173     1165k   965.3s

        Nodes      |    B&B Tree     |            Objective Bounds              |  Dynamic Constraints |       Work      
Src  Proc. InQueue |  Leaves   Expl. | BestBound       BestSol              Gap |   Cuts   InLp Confl. | LpIters     Time

      3880     668       681  15.86%   391.4206925     1623.509434       75.89%    10793    479   8310     1192k   977.2s
      3942     669       699  15.86%   391.4206925     1623.509434       75.89%    10803    479   8540     1201k   982.3s
      3970     697       714  15.86%   391.4206925     1623.509434       75.89%     8449    295   8840     1208k   987.7s
      3998     688       725  15.86%   391.4206925     1623.509434       75.89%     9877    340   8907     1234k   998.9s
      4042     689       738  15.86%   391.4206925     1623.509434       75.89%     9889    340   9188     1246k  1004.0s
      4088     719       754  15.86%   391.4206925     1623.509434       75.89%     8790    330   9431     1256k  1009.5s
      4135     723       772  15.86%   391.4206925     1623.509434       75.89%     8801    330   9608     1262k  1014.6s
      4174     726       788  15.86%   391.4206925     1623.509434       75.89%     8825    330   9754     1269k  1019.6s
      4203     738       795  15.86%   391.4206925     1623.509434       75.89%     9579    285   9822     1277k  1024.7s
      4257     743       818  15.86%   391.4206925     1623.509434       75.89%     9589    285   9718     1283k  1030.4s
      4301     755       835  15.86%   391.4206925     1623.509434       75.89%     9440    300   9873     1290k  1036.2s
      4347     756       855  15.86%   391.4206925     1623.509434       75.89%     9452    300   9560     1295k  1041.3s
      4381     757       869  15.86%   391.4206925     1623.509434       75.89%     9459    300   9851     1301k  1046.3s
      4393     758       875  15.86%   391.4206925     1623.509434       75.89%     7758    335   9950     1311k  1053.9s
      4425     759       889  15.86%   391.4206925     1623.509434       75.89%     7770    335   9339     1316k  1059.1s
      4444     758       895  15.86%   391.4206925     1623.509434       75.89%     8127    237   9412     1324k  1064.2s
      4479     756       903  18.98%   391.4206925     1623.509434       75.89%     9232    434   9508     1347k  1077.7s
      4524     757       912  18.98%   391.4206925     1623.509434       75.89%     9243    434   9574     1357k  1082.9s
      4562     761       930  18.98%   391.4206925     1623.509434       75.89%     9255    434   9782     1366k  1088.0s
      4582     784       939  18.98%   392.7208159     1623.509434       75.81%     9388    288   9953     1377k  1094.1s

        Nodes      |    B&B Tree     |            Objective Bounds              |  Dynamic Constraints |       Work      
Src  Proc. InQueue |  Leaves   Expl. | BestBound       BestSol              Gap |   Cuts   InLp Confl. | LpIters     Time

      4624     787       949  18.98%   392.7208159     1623.509434       75.81%     9399    288   9466     1386k  1099.3s
      4681     811       970  18.98%   392.7208159     1623.509434       75.81%     9894    334   9590     1397k  1106.6s
      4737     814       984  18.98%   392.7208159     1623.509434       75.81%     9903    334   9716     1405k  1112.0s
      4784     842      1001  18.98%   392.7208159     1623.509434       75.81%     9443    307   9815     1412k  1117.6s
      4859     849      1018  18.98%   392.7208159     1623.509434       75.81%     9452    307   9953     1420k  1122.6s
      4884     885      1029  18.98%   392.7208159     1623.509434       75.81%     9721    319   9982     1425k  1127.7s
      4925     896      1039  18.98%   392.7208159     1623.509434       75.81%     9724    319   9410     1433k  1133.7s
      4970     899      1050  18.98%   392.7208159     1623.509434       75.81%     9726    319   9480     1438k  1138.8s
      4988     911      1055  18.98%   392.7208159     1623.509434       75.81%     9425    366   9592     1446k  1147.6s
      5023     911      1073  18.98%   392.7208159     1623.509434       75.81%     9445    366   9951     1450k  1152.7s
      5047     913      1085  18.98%   392.7208159     1623.509434       75.81%     9461    366   9477     1453k  1158.7s
      5061     912      1091  18.98%   392.7208159     1623.509434       75.81%     9763    381   9534     1458k  1164.2s
      5126     914      1107  18.98%   392.7208159     1623.509434       75.81%     9769    381   9760     1461k  1169.2s
      5159     937      1122  18.98%   392.7208159     1623.509434       75.81%    10186    252   9600     1468k  1177.2s
      5190     938      1133  18.98%   392.7208159     1623.509434       75.81%    10196    252   9809     1473k  1182.5s
      5237     947      1148  18.98%   392.7208159     1623.509434       75.81%    10203    252   9247     1477k  1188.1s
      5262     961      1161  31.48%   392.7208159     1623.509434       75.81%     9906    482   9406     1496k  1205.2s
      5277     961      1163  33.05%   392.7208159     1623.509434       75.81%     9907    482   9424     1502k  1210.2s
      5305     961      1172  33.05%   392.7208159     1623.509434       75.81%     9922    482   9584     1507k  1215.5s
      5334     962      1184  33.05%   392.7208159     1623.509434       75.81%     9931    482   9776     1514k  1220.9s

        Nodes      |    B&B Tree     |            Objective Bounds              |  Dynamic Constraints |       Work      
Src  Proc. InQueue |  Leaves   Expl. | BestBound       BestSol              Gap |   Cuts   InLp Confl. | LpIters     Time

      5366     976      1198  33.05%   395.4573863     1623.509434       75.64%    10036    375   9903     1524k  1228.5s
      5421     982      1217  33.05%   395.4573863     1623.509434       75.64%    10046    375   9608     1531k  1234.7s
      5467     991      1233  33.05%   395.4573863     1623.509434       75.64%     9675    275   9754     1546k  1244.2s
      5526     995      1257  33.05%   395.4573863     1623.509434       75.64%     9686    275   9880     1552k  1249.5s
      5566    1000      1273  33.05%   395.4573863     1623.509434       75.64%    10228    298   9796     1562k  1256.9s
      5593    1000      1286  33.05%   395.4573863     1623.509434       75.64%     9177    530   9399     1583k  1270.9s
      5602    1000      1288  33.05%   395.4573863     1623.509434       75.64%     8498    378   9420     1595k  1277.2s
      5632    1002      1300  33.05%   395.4573863     1623.509434       75.64%     8504    378   9554     1605k  1282.4s
      5670    1005      1314  33.05%   395.4573863     1623.509434       75.64%     8504    378   9773     1617k  1288.3s
      5696    1009      1325  33.05%   395.4573863     1623.509434       75.64%     8783    366   9873     1630k  1295.2s
      5735    1010      1329  33.05%   395.4573863     1623.509434       75.64%     8516    433   9920     1660k  1310.1s
      5772    1011      1350  33.05%   395.4573863     1623.509434       75.64%     8537    433   8953     1670k  1315.2s
      5812    1025      1365  33.05%   396.0565471     1623.509434       75.60%     8457    505   9184     1686k  1322.5s
      5829    1028      1370  33.05%   396.0565471     1623.509434       75.60%     8462    505   9265     1695k  1328.0s
      5856    1031      1378  33.05%   396.0565471     1623.509434       75.60%     8292    301   9371     1704k  1333.2s
      5893    1036      1392  33.05%   396.0565471     1623.509434       75.60%     8300    301   9498     1714k  1338.2s
      5951    1049      1410  33.05%   396.0565471     1623.509434       75.60%     8084    317   9697     1724k  1345.8s
      6014    1056      1434  33.05%   396.0565471     1623.509434       75.60%     8104    317   9431     1733k  1351.0s
      6061    1066      1448  33.05%   396.0565471     1623.509434       75.60%     8028    336   9528     1744k  1356.6s
      6123    1069      1468  33.05%   396.0565471     1623.509434       75.60%     8040    336   9702     1751k  1361.7s

        Nodes      |    B&B Tree     |            Objective Bounds              |  Dynamic Constraints |       Work      
Src  Proc. InQueue |  Leaves   Expl. | BestBound       BestSol              Gap |   Cuts   InLp Confl. | LpIters     Time

      6171    1085      1484  33.05%   396.0565471     1623.509434       75.60%     7739    351   9997     1758k  1367.1s
      6216    1090      1501  33.05%   396.0565471     1623.509434       75.60%     7754    351   9472     1765k  1372.2s
      6259    1122      1510  33.05%   396.0565471     1623.509434       75.60%     7777    442   9606     1785k  1384.6s
      6300    1122      1523  33.05%   396.0565471     1623.509434       75.60%     7790    442   9673     1792k  1389.9s
      6326    1123      1533  33.05%   396.0565471     1623.509434       75.60%     7801    442   9718     1801k  1396.1s
      6353    1125      1542  33.05%   396.0565471     1623.509434       75.60%     7813    442   9779     1809k  1401.1s
      6362    1133      1545  33.24%   396.0565471     1623.509434       75.60%     9499    517   9810     1828k  1409.5s
      6385    1137      1550  33.25%   396.0565471     1623.509434       75.60%     9504    517   9883     1834k  1414.6s
      6412    1140      1557  33.25%   396.0565471     1623.509434       75.60%     9507    517   9743     1839k  1420.0s
      6445    1147      1571  33.26%   396.0565471     1623.509434       75.60%     9520    517   9381     1847k  1425.3s
      6459    1162      1575  33.26%   396.0565471     1623.509434       75.60%    10155    479   9409     1865k  1440.2s
      6489    1165      1589  33.26%   396.0565471     1623.509434       75.60%    10167    479   9467     1870k  1445.3s
      6508    1165      1595  33.26%   396.0565471     1623.509434       75.60%    10173    479   9545     1877k  1450.3s
      6544    1167      1610  33.26%   396.0565471     1623.509434       75.60%    10184    479   9650     1881k  1455.6s
      6559    1180      1616  33.26%   396.0565471     1623.509434       75.60%    10247    384   9739     1888k  1461.3s
      6566    1179      1617  33.26%   396.0565471     1623.509434       75.60%     9935    527   9749     1898k  1468.6s
      6598    1182      1628  33.26%   396.0565471     1623.509434       75.60%     9948    527   9868     1907k  1474.4s
      6632    1182      1641  33.26%   396.0565471     1623.509434       75.60%     9961    527   9995     1913k  1479.7s
      6662    1198      1650  33.35%   396.0565471     1623.509434       75.60%    10449    482   9972     1924k  1489.9s
      6681    1198      1653  33.38%   396.0565471     1623.509434       75.60%    10451    482   9800     1932k  1495.1s

        Nodes      |    B&B Tree     |            Objective Bounds              |  Dynamic Constraints |       Work      
Src  Proc. InQueue |  Leaves   Expl. | BestBound       BestSol              Gap |   Cuts   InLp Confl. | LpIters     Time

      6712    1199      1661  33.38%   396.0565471     1623.509434       75.60%    10454    482   9891     1937k  1500.3s
      6744    1201      1675  33.38%   396.0565471     1623.509434       75.60%    10469    482   9535     1942k  1505.6s
      6767    1217      1683  33.38%   396.0565471     1623.509434       75.60%     9507    540   9582     1950k  1511.7s
      6787    1218      1689  33.38%   396.0565471     1623.509434       75.60%     9525    540   9683     1957k  1517.1s
      6809    1219      1696  33.38%   396.0565471     1623.509434       75.60%     9541    540   9846     1963k  1522.7s
      6826    1220      1704  33.38%   396.0565471     1623.509434       75.60%     9563    540   9925     1969k  1528.5s
      6846    1220      1713  33.38%   396.0565471     1623.509434       75.60%     9583    540   9993     1975k  1533.6s
      6867    1237      1719  33.38%   396.0565471     1623.509434       75.60%     9515    328   9673     1984k  1541.1s
      6906    1241      1732  33.38%   396.0565471     1623.509434       75.60%     9527    328   9815     1991k  1546.6s
      6956    1246      1750  33.38%   396.0565471     1623.509434       75.60%     8722    320   9939     2007k  1558.5s
      6975    1248      1758  33.38%   396.0565471     1623.509434       75.60%     8726    320   9982     2014k  1564.2s
      7010    1249      1772  33.38%   396.0565471     1623.509434       75.60%     8737    320   9918     2023k  1569.5s
      7029    1250      1779  33.38%   396.0565471     1623.509434       75.60%     8752    320   9341     2030k  1574.6s
      7051    1258      1789  33.38%   396.0565471     1623.509434       75.60%     8755    320   9379     2035k  1579.6s
      7063    1255      1792  33.38%   396.0565471     1623.509434       75.60%     8653    499   9421     2057k  1594.7s
      7085    1257      1800  33.39%   396.0565471     1623.509434       75.60%     8659    499   9559     2071k  1602.3s
      7118    1261      1812  33.39%   396.0565471     1623.509434       75.60%     8686    499   9723     2077k  1608.1s
      7151    1263      1823  33.39%   396.0565471     1623.509434       75.60%     8712    499   9867     2083k  1613.8s
      7157    1276      1825  33.39%   396.0565471     1623.509434       75.60%     9026    479   9986     2093k  1621.8s
      7196    1280      1841  33.39%   396.0565471     1623.509434       75.60%     9031    479   9612     2098k  1627.0s

        Nodes      |    B&B Tree     |            Objective Bounds              |  Dynamic Constraints |       Work      
Src  Proc. InQueue |  Leaves   Expl. | BestBound       BestSol              Gap |   Cuts   InLp Confl. | LpIters     Time

      7229    1284      1857  33.39%   396.0565471     1623.509434       75.60%     9043    479   9871     2104k  1632.0s
      7243    1285      1862  33.39%   396.0565471     1623.509434       75.60%     9045    479   9455     2107k  1638.3s

Restarting search from the root node
Model after restart has 9029 rows, 5888 cols (3500 bin., 4 int., 8 impl., 2376 cont., 0 dom.fix.), and 46245 nonzeros

      7253       0         0   0.00%   396.0565471     1623.509434       75.60%      479      0      0     2108k  1641.3s
      7253       0         0   0.00%   396.0565471     1623.509434       75.60%      479     90      3     2109k  1642.3s
      7253       0         0   0.00%   396.0565471     1623.509434       75.60%     1626    252      3     2112k  1647.5s
      7253       0         0   0.00%   396.0565471     1623.509434       75.60%     3365    269      3     2114k  1653.1s
      7253       0         0   0.00%   396.0565471     1623.509434       75.60%     4567    287      3     2115k  1658.2s
      7269       0         2   3.13%   396.0565471     1623.509434       75.60%     4403    137     23     2125k  1665.3s
      7328       4        22   3.14%   396.0565471     1623.509434       75.60%     4417    137    229     2132k  1670.6s
      7355      23        35   3.14%   396.0565471     1623.509434       75.60%     6018    335    417     2138k  1676.9s
      7358      22        36   3.14%   396.0565471     1623.509434       75.60%     7288    420    451     2149k  1685.5s
      7373      22        40   3.14%   396.0565471     1623.509434       75.60%     7290    420    497     2156k  1691.0s
      7410      23        54   3.14%   396.0565471     1623.509434       75.60%     7290    420    617     2158k  1696.2s
      7443      25        66   3.14%   396.0565471     1623.509434       75.60%     7291    420    719     2163k  1701.4s
      7464      33        73   3.15%   396.0565471     1623.509434       75.60%     7330    245    810     2167k  1707.2s
      7490      33        83   3.16%   396.0565471     1623.509434       75.60%     7332    245    929     2173k  1712.8s
      7515      35        94   3.16%   396.0565471     1623.509434       75.60%     7337    245   1010     2180k  1718.3s
      7547      37       102   3.16%   396.0565471     1623.509434       75.60%     7339    245   1086     2188k  1723.6s
      7570      51       111   3.17%   396.0565471     1623.509434       75.60%     7333    267   1209     2194k  1729.7s
      7612      53       124   3.17%   396.0565471     1623.509434       75.60%     7337    267   1353     2199k  1735.0s

        Nodes      |    B&B Tree     |            Objective Bounds              |  Dynamic Constraints |       Work      
Src  Proc. InQueue |  Leaves   Expl. | BestBound       BestSol              Gap |   Cuts   InLp Confl. | LpIters     Time

      7654      56       141   3.17%   396.0565471     1623.509434       75.60%     7343    267   1498     2205k  1740.2s
      7663      63       144   3.19%   396.0565471     1623.509434       75.60%     7996    291   1549     2210k  1745.7s
      7689      65       154   3.20%   396.0565471     1623.509434       75.60%     7999    291   1674     2221k  1752.2s
      7714      68       164   3.21%   396.0565471     1623.509434       75.60%     8005    291   1773     2234k  1757.9s
      7764      86       180   3.21%   396.0565471     1623.509434       75.60%     8329    314   1891     2245k  1764.1s
      7773      86       181   3.22%   396.0565471     1623.509434       75.60%     8999    332   1932     2259k  1770.4s
      7816      90       199   3.23%   396.0565471     1623.509434       75.60%     9018    332   2081     2268k  1775.7s
      7859      99       215   3.23%   396.0565471     1623.509434       75.60%     9035    332   2201     2276k  1780.8s
      7891     108       228   3.33%   396.0565471     1623.509434       75.60%     8352    354   2364     2289k  1786.4s
      7928     112       239   3.34%   396.0565471     1623.509434       75.60%     8357    354   2461     2303k  1792.3s
      7972     127       255   3.44%   396.0565471     1623.509434       75.60%     8760    389   2646     2314k  1798.0s
      8023     132       274   3.57%   396.0565471     1623.509434       75.60%     8770    389   3048     2325k  1803.2s
      8056     142       286   3.57%   396.0565471     1623.509434       75.60%     8772    389   3176     2329k  1808.4s
      8083     151       292   6.80%   396.0565471     1623.509434       75.60%     9088    270   3238     2343k  1814.0s
      8111     154       300   6.80%   396.0565471     1623.509434       75.60%     9090    270   3307     2355k  1819.1s
      8177     178       322   6.82%   396.0565471     1623.509434       75.60%     9398    318   3642     2389k  1835.8s
      8228     184       337   6.84%   396.0565471     1623.509434       75.60%     9404    318   3802     2400k  1840.9s
      8279     197       355   6.86%   396.0565471     1623.509434       75.60%     8970    356   4117     2414k  1847.6s
      8322     205       370   6.87%   396.0565471     1623.509434       75.60%     8977    356   4304     2425k  1852.6s
      8365     210       385   6.87%   396.0565471     1623.509434       75.60%     9042    356   5237     2444k  1862.9s

        Nodes      |    B&B Tree     |            Objective Bounds              |  Dynamic Constraints |       Work      
Src  Proc. InQueue |  Leaves   Expl. | BestBound       BestSol              Gap |   Cuts   InLp Confl. | LpIters     Time

      8376     215       391   6.89%   396.0565471     1623.509434       75.60%     8715    310   5374     2460k  1868.9s
      8450     220       419   6.91%   396.0565471     1623.509434       75.60%     8731    310   5679     2468k  1874.0s
      8501     229       439   6.91%   396.0565471     1623.509434       75.60%     8432    363   5829     2478k  1879.2s
      8553     235       457   6.91%   396.0565471     1623.509434       75.60%     8448    363   7322     2489k  1887.0s
      8578     247       465   6.91%   396.0565471     1623.509434       75.60%     8290    282   7525     2504k  1894.2s
      8631     251       486   6.91%   396.0565471     1623.509434       75.60%     8295    282   7999     2514k  1899.4s
      8671     254       501   6.91%   396.0565471     1623.509434       75.60%     8299    282   8127     2525k  1904.6s
      8690     260       504   6.91%   396.0565471     1623.509434       75.60%     8525    327   8177     2599k  1937.3s
      8757     266       534   6.91%   396.0565471     1623.509434       75.60%     8536    327   8845     2607k  1942.3s
      8789     281       544   6.94%   396.0565471     1623.509434       75.60%     8701    480   9084     2622k  1953.0s
      8854     284       565   6.94%   396.0565471     1623.509434       75.60%     8712    480   9236     2631k  1958.2s
      8884     311       574   6.94%   397.387417      1623.509434       75.52%     9066    490   9453     2645k  1965.4s
      8892     311       578   6.96%   397.387417      1623.509434       75.52%     9095    490   9623     2663k  1974.2s
      8900     311       582   6.97%   397.387417      1623.509434       75.52%     9153    490   9763     2677k  1982.0s
      8946     316       600   6.98%   397.387417      1623.509434       75.52%     9158    490   9881     2686k  1987.1s
      8983     321       617   6.98%   397.387417      1623.509434       75.52%     8976    597   9487     2696k  1992.5s
      9004     321       625   6.99%   397.387417      1623.509434       75.52%     9264    464   9544     2708k  1997.6s
      9084     342       656   6.99%   397.387417      1623.509434       75.52%     9288    464   9739     2717k  2002.7s
      9097     343       659   6.99%   397.387417      1623.509434       75.52%     8847    372   9773     2724k  2008.9s
      9100     343       662   6.99%   397.387417      1623.509434       75.52%     8849    372   9826     2733k  2015.1s

        Nodes      |    B&B Tree     |            Objective Bounds              |  Dynamic Constraints |       Work      
Src  Proc. InQueue |  Leaves   Expl. | BestBound       BestSol              Gap |   Cuts   InLp Confl. | LpIters     Time

      9110     344       666   6.99%   397.387417      1623.509434       75.52%     8853    372   9926     2741k  2021.1s
      9120     344       671   6.99%   397.387417      1623.509434       75.52%     8856    372   9286     2749k  2027.6s
      9124     343       675   6.99%   397.387417      1623.509434       75.52%     8932    411   9389     2760k  2035.1s
      9151     343       686   6.99%   397.387417      1623.509434       75.52%     8520    273   9828     2767k  2040.8s
      9184     343       704   6.99%   397.387417      1623.509434       75.52%     9335    333   9960     2779k  2047.5s
      9219     345       712   7.01%   397.387417      1623.509434       75.52%     9563    391   9685     2793k  2052.5s
      9286     373       733   7.01%   397.387417      1623.509434       75.52%     9579    391   9994     2802k  2057.7s
      9308     374       738   7.01%   397.387417      1623.509434       75.52%    10034    286   9048     2810k  2062.9s
      9395     395       767   7.01%   397.387417      1623.509434       75.52%    10349    417   9282     2870k  2090.6s
      9439     400       785   7.01%   397.387417      1623.509434       75.52%    10365    417   9636     2881k  2096.7s
      9472     403       801   7.01%   397.387417      1623.509434       75.52%    10378    417   9848     2889k  2101.8s
      9493     410       808   7.02%   397.387417      1623.509434       75.52%    10247    310   9994     2898k  2107.4s
      9582     415       840   7.02%   397.387417      1623.509434       75.52%    10262    310   9724     2907k  2112.4s
      9603     420       847   7.03%   397.387417      1623.509434       75.52%    10069    423   9813     2919k  2117.6s
      9663     426       873   7.03%   397.387417      1623.509434       75.52%    10105    423   8809     2928k  2122.6s
      9733     438       897   7.03%   397.387417      1623.509434       75.52%     9639    192   8934     2935k  2127.9s
      9800     447       926   8.59%   397.387417      1623.509434       75.52%     9936    336   9119     2953k  2135.4s
      9852     448       945   9.03%   397.387417      1623.509434       75.52%     9946    336   9499     2963k  2141.3s
      9876     450       955   9.03%   397.387417      1623.509434       75.52%     9952    336   9959     2971k  2147.1s
      9914     460       973   9.08%   397.387417      1623.509434       75.52%     9764    335   7945     2983k  2153.3s

        Nodes      |    B&B Tree     |            Objective Bounds              |  Dynamic Constraints |       Work      
Src  Proc. InQueue |  Leaves   Expl. | BestBound       BestSol              Gap |   Cuts   InLp Confl. | LpIters     Time

      9956     462       990   9.27%   397.387417      1623.509434       75.52%     9776    335   8125     2993k  2158.6s
     10020     481      1008   9.31%   397.387417      1623.509434       75.52%     9508    426   8280     3005k  2165.1s
     10113     511      1037   9.31%   397.387417      1623.509434       75.52%     9788    292   8490     3038k  2186.0s
     10181     515      1058   9.31%   397.387417      1623.509434       75.52%     9792    292   8645     3044k  2191.1s
     10223     528      1069   9.31%   397.387417      1623.509434       75.52%     9582    318   8788     3054k  2197.1s
     10256     532      1079   9.31%   397.387417      1623.509434       75.52%     9590    318   8852     3062k  2202.6s
     10314     561      1092   9.31%   397.387417      1623.509434       75.52%     9430    308   9066     3079k  2221.0s
     10341     561      1100   9.31%   397.387417      1623.509434       75.52%     9432    308   9105     3085k  2226.0s
     10396     564      1124   9.31%   397.387417      1623.509434       75.52%     9435    308   9257     3091k  2231.1s
     10438     579      1142   9.31%   397.387417      1623.509434       75.52%     9455    320   9466     3097k  2236.4s
     10473     587      1154   9.31%   397.387417      1623.509434       75.52%     9461    320   8579     3102k  2241.6s
     10509     594      1171   9.31%   397.387417      1623.509434       75.52%     9480    320   9070     3107k  2246.7s
     10545     596      1182   9.31%   397.387417      1623.509434       75.52%     9921    335   9187     3111k  2251.8s
     10585     598      1193   9.31%   397.387417      1623.509434       75.52%     9924    335   9318     3117k  2257.4s
     10616     608      1205   9.31%   397.387417      1623.509434       75.52%     9967    211   9588     3125k  2265.9s
     10666     611      1223   9.31%   397.387417      1623.509434       75.52%     9967    211   9205     3128k  2271.0s
     10692     613      1232   9.31%   397.387417      1623.509434       75.52%     9968    211   9786     3137k  2279.4s

Restarting search from the root node
Model after restart has 9026 rows, 5884 cols (3497 bin., 4 int., 8 impl., 2375 cont., 0 dom.fix.), and 45943 nonzeros

     10712       0         0   0.00%   397.387417      1623.509434       75.52%      210      0      0     3138k  2282.2s
     10712       0         0   0.00%   397.387417      1623.509434       75.52%      210     19      1     3139k  2282.6s
     10712       0         0   0.00%   397.387417      1623.509434       75.52%     5537    249      1     3144k  2287.6s

        Nodes      |    B&B Tree     |            Objective Bounds              |  Dynamic Constraints |       Work      
Src  Proc. InQueue |  Leaves   Expl. | BestBound       BestSol              Gap |   Cuts   InLp Confl. | LpIters     Time

     10712       0         0   0.00%   397.387417      1623.509434       75.52%     7408    304      1     3147k  2292.7s
     10712       0         0   0.00%   397.387417      1623.509434       75.52%     9177    292      1     3150k  2297.8s
     10746       0        11  13.33%   397.387417      1623.509434       75.52%     8467    127     40     3156k  2302.8s
     10815      27        34  13.33%   397.387417      1623.509434       75.52%     8477    127    182     3163k  2308.0s
     10820      24        37  13.72%   397.387417      1623.509434       75.52%     6845    403    209     3173k  2316.2s
     10856      26        47  13.80%   397.387417      1623.509434       75.52%     6848    403    299     3181k  2321.4s
     10866      28        51  13.96%   397.387417      1623.509434       75.52%     6848    403    314     3192k  2327.1s
     10868      28        52  13.97%   397.387417      1623.509434       75.52%     6848    403    323     3203k  2334.2s
     10901      27        62  15.59%   397.387417      1623.509434       75.52%     7231    333    413     3216k  2343.3s
     10924      30        67  15.74%   397.387417      1623.509434       75.52%     7231    333    443     3225k  2348.5s
     10948      34        74  15.74%   397.387417      1623.509434       75.52%     7235    333    662     3230k  2354.2s
     10957      35        79  15.74%   397.387417      1623.509434       75.52%     7235    333   1023     3232k  2359.3s
     10973      37        85  15.74%   397.387417      1623.509434       75.52%     7239    333   1402     3236k  2366.0s
     11001      51        94  16.52%   397.387417      1623.509434       75.52%     7238    399   1461     3280k  2390.2s
     11027      51       100  17.01%   397.387417      1623.509434       75.52%     7239    399   1502     3289k  2396.1s
     11070      53       115  17.03%   397.387417      1623.509434       75.52%     7244    399   1626     3296k  2401.1s
     11107      62       128  17.08%   397.387417      1623.509434       75.52%     6881    343   1817     3308k  2410.1s
     11145      66       143  17.13%   397.387417      1623.509434       75.52%     6890    343   2094     3314k  2415.2s
     11205      84       168  17.13%   397.387417      1623.509434       75.52%     6902    343   2847     3320k  2420.4s
     11214      83       170  17.33%   397.387417      1623.509434       75.52%     5841    322   2856     3330k  2427.9s

        Nodes      |    B&B Tree     |            Objective Bounds              |  Dynamic Constraints |       Work      
Src  Proc. InQueue |  Leaves   Expl. | BestBound       BestSol              Gap |   Cuts   InLp Confl. | LpIters     Time

     11244      84       176  17.50%   397.387417      1623.509434       75.52%     5846    322   2954     3341k  2437.2s
     11301      94       198  17.69%   397.387417      1623.509434       75.52%     6803    356   3486     3349k  2449.0s
     11336     101       208  18.49%   397.387417      1623.509434       75.52%     6810    356   3582     3357k  2454.2s
     11390     102       226  22.18%   397.387417      1623.509434       75.52%     6709    387   3695     3443k  2501.7s
     11437     107       241  22.60%   397.387417      1623.509434       75.52%     6722    387   4117     3450k  2506.8s
     11490     126       264  22.79%   397.387417      1623.509434       75.52%     6272    436   4723     3458k  2514.8s
     11532     129       276  22.80%   397.387417      1623.509434       75.52%     6276    436   4796     3467k  2520.2s
     11590     152       299  22.80%   397.387417      1623.509434       75.52%     5953    473   5256     3473k  2525.9s
     11620     157       309  22.80%   397.387417      1623.509434       75.52%     5957    473   5462     3478k  2531.4s
     11669     174       320  22.80%   397.387417      1623.509434       75.52%     5848    187   5581     3484k  2536.5s
     11699     175       334  22.80%   397.387417      1623.509434       75.52%     5854    187   5981     3488k  2541.6s
     11749     196       354  22.80%   397.387417      1623.509434       75.52%     5859    187   6516     3492k  2546.7s
     11809     204       374  22.80%   397.387417      1623.509434       75.52%     5717    209   6840     3499k  2551.9s
     11853     217       393  22.80%   397.387417      1623.509434       75.52%     6452    298   7706     3526k  2571.6s
     11875     220       402  22.80%   397.387417      1623.509434       75.52%     6454    298   7972     3529k  2577.0s
     11892     222       408  22.80%   397.387417      1623.509434       75.52%     6312    155   9472     3544k  2590.2s
     11945     225       427  22.80%   397.387417      1623.509434       75.52%     6325    155   9544     3550k  2595.3s
     11993     238       448  25.93%   397.387417      1623.509434       75.52%     6638    206   9733     3560k  2601.5s
     12059     241       474  27.69%   397.387417      1623.509434       75.52%     6648    206   9896     3568k  2607.0s
     12092     248       490  27.77%   397.387417      1623.509434       75.52%     6703    235   9935     3579k  2613.9s

        Nodes      |    B&B Tree     |            Objective Bounds              |  Dynamic Constraints |       Work      
Src  Proc. InQueue |  Leaves   Expl. | BestBound       BestSol              Gap |   Cuts   InLp Confl. | LpIters     Time

     12135     253       506  27.77%   397.387417      1623.509434       75.52%     6716    235   8982     3586k  2619.3s
     12188     256       530  27.77%   397.387417      1623.509434       75.52%     6736    235   9258     3592k  2624.4s
     12197     261       533  27.77%   397.387417      1623.509434       75.52%     6966    205   9865     3605k  2635.3s
     12233     264       546  27.77%   397.387417      1623.509434       75.52%     6973    205   8847     3610k  2640.4s
     12284     269       569  27.77%   397.387417      1623.509434       75.52%     6977    205   9180     3613k  2645.5s
     12313     280       580  27.77%   397.387417      1623.509434       75.52%     6776    226   9238     3618k  2650.8s
     12358     284       599  27.77%   397.387417      1623.509434       75.52%     6789    226   9335     3623k  2656.0s
     12385     286       610  27.77%   397.387417      1623.509434       75.52%     6773    252   9419     3628k  2661.9s
     12423     287       627  27.77%   397.387417      1623.509434       75.52%     6779    252   9584     3632k  2667.0s
     12435     286       631  27.77%   397.387417      1623.509434       75.52%     6981    213   9741     3638k  2674.3s
     12481     292       651  27.77%   397.387417      1623.509434       75.52%     6986    213   9875     3643k  2679.4s
     12523     295       670  27.77%   397.387417      1623.509434       75.52%     6999    213   9691     3648k  2684.7s
     12533     296       676  27.77%   397.387417      1623.509434       75.52%     6842    303   9912     3654k  2690.1s
     12598     296       706  27.77%   397.387417      1623.509434       75.52%     6838    323   8627     3659k  2695.1s
     12635     296       724  27.77%   397.387417      1623.509434       75.52%     7150    292   8864     3664k  2700.7s
     12695     298       750  27.77%   397.387417      1623.509434       75.52%     7167    292   9018     3670k  2706.0s
     12726     299       765  27.77%   397.387417      1623.509434       75.52%     7181    292   9096     3677k  2711.2s
     12748     302       769  27.78%   397.387417      1623.509434       75.52%     7742    344   9127     3690k  2717.5s
     12796     306       786  27.78%   397.387417      1623.509434       75.52%     7748    344   9508     3697k  2722.5s
     12839     322       804  27.78%   397.387417      1623.509434       75.52%     7560    408   9886     3707k  2730.1s

        Nodes      |    B&B Tree     |            Objective Bounds              |  Dynamic Constraints |       Work      
Src  Proc. InQueue |  Leaves   Expl. | BestBound       BestSol              Gap |   Cuts   InLp Confl. | LpIters     Time

     12865     323       816  27.78%   397.387417      1623.509434       75.52%     7564    408   9999     3711k  2735.2s
     12888     323       827  27.78%   397.387417      1623.509434       75.52%     7611    255   8816     3717k  2740.6s
     12899     322       831  27.78%   397.387417      1623.509434       75.52%     7358    302   8908     3722k  2745.7s
     12938     324       850  27.78%   397.387417      1623.509434       75.52%     7367    302   9008     3727k  2750.8s
     12944     322       852  27.78%   397.387417      1623.509434       75.52%     7509    359   9122     3736k  2757.8s
     12992     326       870  27.78%   397.387417      1623.509434       75.52%     7526    359   9241     3744k  2763.3s
     13051     332       894  27.79%   397.387417      1623.509434       75.52%     7970    239   9487     3756k  2772.0s
     13075     332       905  27.80%   397.387417      1623.509434       75.52%     7978    239   9610     3767k  2780.6s
     13090     333       912  27.84%   397.387417      1623.509434       75.52%     7981    239   9670     3780k  2789.7s
     13141     357       929  27.84%   397.387417      1623.509434       75.52%     7989    239  10000     3786k  2794.9s
     13166     354       941  27.84%   397.387417      1623.509434       75.52%     8159    295   8679     3798k  2806.4s
     13190     355       953  27.84%   397.387417      1623.509434       75.52%     8175    295   8998     3802k  2811.5s
     13237     356       974  27.84%   397.387417      1623.509434       75.52%     8196    295   9142     3810k  2817.4s
     13258     361       984  27.84%   397.387417      1623.509434       75.52%     8302    323   9253     3823k  2826.7s
     13265     360       988  27.84%   397.387417      1623.509434       75.52%     8753    302   9343     3833k  2834.7s
     13300     362      1002  27.84%   397.387417      1623.509434       75.52%     8756    302   9494     3839k  2839.8s
     13354     364      1027  27.84%   397.387417      1623.509434       75.52%     8759    302   9635     3843k  2844.9s
     13367     371      1032  27.84%   397.387417      1623.509434       75.52%     9392    339   9741     3855k  2853.7s
     13381     370      1038  27.84%   397.387417      1623.509434       75.52%     9668    391   9775     3868k  2863.3s
     13414     372      1053  27.84%   397.387417      1623.509434       75.52%     9669    391   8013     3877k  2870.4s

        Nodes      |    B&B Tree     |            Objective Bounds              |  Dynamic Constraints |       Work      
Src  Proc. InQueue |  Leaves   Expl. | BestBound       BestSol              Gap |   Cuts   InLp Confl. | LpIters     Time

     13483     380      1080  27.85%   397.387417      1623.509434       75.52%    10209    450   8476     3904k  2888.9s
     13534     384      1100  27.85%   397.387417      1623.509434       75.52%    10224    450   9006     3910k  2894.2s
     13580     400      1120  27.85%   397.387417      1623.509434       75.52%    10302    331   9367     3920k  2902.8s
     13607     400      1131  27.86%   397.387417      1623.509434       75.52%    10311    331   9421     3928k  2907.9s
     13650     403      1148  27.86%   397.387417      1623.509434       75.52%    10321    331   9592     3934k  2913.0s
     13679     414      1160  27.86%   397.387417      1623.509434       75.52%    10226    400   9890     3948k  2925.2s
     13691     413      1166  27.86%   397.387417      1623.509434       75.52%     9167    231   9996     3962k  2935.0s
     13713     414      1175  27.86%   397.387417      1623.509434       75.52%     9234    251   8842     3969k  2940.7s
     13749     417      1191  27.86%   397.387417      1623.509434       75.52%     9247    251   8938     3977k  2946.0s
     13780     418      1201  27.86%   397.387417      1623.509434       75.52%     9251    251   9270     3983k  2951.1s
     13810     426      1216  27.86%   397.387417      1623.509434       75.52%     9702    290   9593     3988k  2956.3s
     13819     426      1221  27.86%   397.387417      1623.509434       75.52%     9704    290   9615     4006k  2972.8s
     13854     429      1237  27.86%   397.387417      1623.509434       75.52%     9706    290   9655     4010k  2978.0s
     13879     429      1249  27.86%   397.387417      1623.509434       75.52%     9706    290   9677     4015k  2983.1s
     13897     429      1258  27.86%   397.387417      1623.509434       75.52%     9707    290   9697     4019k  2988.7s
     13909     430      1264  27.86%   397.387417      1623.509434       75.52%     9778    313   9727     4024k  2996.9s
     13921     430      1270  27.86%   397.387417      1623.509434       75.52%     9780    313   9783     4025k  3002.6s
     13934     431      1275  27.86%   397.387417      1623.509434       75.52%     9781    313   9834     4027k  3009.2s
     13943     431      1280  27.86%   397.387417      1623.509434       75.52%     9782    313   9881     4028k  3015.2s
     13950     432      1283  27.86%   397.387417      1623.509434       75.52%     9782    313   9911     4029k  3021.5s

        Nodes      |    B&B Tree     |            Objective Bounds              |  Dynamic Constraints |       Work      
Src  Proc. InQueue |  Leaves   Expl. | BestBound       BestSol              Gap |   Cuts   InLp Confl. | LpIters     Time

     13956     432      1286  27.86%   397.387417      1623.509434       75.52%     9782    313   9941     4031k  3028.5s
     13962     432      1289  27.86%   397.387417      1623.509434       75.52%     9782    313   9971     4032k  3035.1s
     13968     432      1292  27.86%   397.387417      1623.509434       75.52%     9782    313   9561     4033k  3040.6s
     13977     432      1296  27.86%   397.387417      1623.509434       75.52%     9782    313   9601     4035k  3045.7s
     13984     432      1299  27.86%   397.387417      1623.509434       75.52%     9783    313   9618     4036k  3050.7s
     14001     433      1305  27.86%   397.387417      1623.509434       75.52%     9784    313   9662     4038k  3057.3s
     14009     439      1309  27.86%   397.387417      1623.509434       75.52%    10177    225   9723     4041k  3071.0s
     14017     439      1313  27.86%   397.387417      1623.509434       75.52%    10179    225   9750     4042k  3076.1s
     14028     439      1318  27.86%   397.387417      1623.509434       75.52%    10183    225   9815     4044k  3081.8s
     14038     441      1322  27.86%   397.387417      1623.509434       75.52%    10187    225   9922     4046k  3087.4s
     14043     439      1325  27.86%   397.387417      1623.509434       75.52%     9830    305   9955     4053k  3109.9s
     14056     439      1331  27.86%   397.387417      1623.509434       75.52%     9831    305   9984     4055k  3115.0s
     14062     439      1334  27.86%   397.387417      1623.509434       75.52%     9832    305   8972     4060k  3127.2s
     14081     444      1341  27.86%   397.387417      1623.509434       75.52%     9835    305   9086     4061k  3132.3s
     14105     445      1352  27.86%   397.387417      1623.509434       75.52%     9835    305   9195     4062k  3137.4s
     14133     445      1366  27.86%   397.387417      1623.509434       75.52%     9836    305   9344     4062k  3142.7s
     14152     447      1371  27.86%   397.387417      1623.509434       75.52%     9901    432   9378     4156k  3319.6s
     14163     447      1376  27.90%   397.387417      1623.509434       75.52%     9906    432   9405     4158k  3324.8s
     14174     448      1379  27.91%   397.387417      1623.509434       75.52%     9908    432   9422     4160k  3329.9s
     14189     448      1384  27.91%   397.387417      1623.509434       75.52%     9909    432   9470     4162k  3335.1s

        Nodes      |    B&B Tree     |            Objective Bounds              |  Dynamic Constraints |       Work      
Src  Proc. InQueue |  Leaves   Expl. | BestBound       BestSol              Gap |   Cuts   InLp Confl. | LpIters     Time

     14206     449      1390  27.91%   397.387417      1623.509434       75.52%     9909    432   9526     4165k  3341.3s
     14221     449      1396  27.91%   397.387417      1623.509434       75.52%     9910    432   9576     4168k  3346.8s
     14246     469      1403  27.93%   397.387417      1623.509434       75.52%    10548    604   9672     4177k  3371.8s
     14251     468      1406  27.93%   397.387417      1623.509434       75.52%    10527    666   9695     4182k  3387.9s
     14256     469      1407  27.93%   397.387417      1623.509434       75.52%    10528    666   9699     4186k  3394.9s
     14262     469      1410  27.93%   397.387417      1623.509434       75.52%    10531    666   9716     4189k  3401.2s
     14269     469      1414  27.93%   397.387417      1623.509434       75.52%    10533    666   9760     4192k  3406.3s
     14280     470      1419  27.93%   397.387417      1623.509434       75.52%    10534    666   9819     4194k  3412.3s
     14284     469      1421  27.93%   397.387417      1623.509434       75.52%    10617    233   9902     4198k  3421.2s
     14288     467      1424  27.93%   397.387417      1623.509434       75.52%    10065    362   9939     4201k  3429.5s
     14303     468      1431  27.93%   397.387417      1623.509434       75.52%    10072    362   9976     4203k  3434.7s
     14318     469      1438  27.93%   397.387417      1623.509434       75.52%    10079    362   9929     4206k  3440.4s
     14330     469      1444  27.93%   397.387417      1623.509434       75.52%    10085    362   9992     4209k  3445.7s
     14343     470      1450  27.93%   397.387417      1623.509434       75.52%    10091    362   9330     4212k  3451.5s
     14364     471      1458  27.93%   397.387417      1623.509434       75.52%    10097    362   9383     4214k  3456.8s
     14385     472      1468  27.93%   397.387417      1623.509434       75.52%    10106    362   9445     4216k  3462.0s
     14391     473      1472  27.93%   397.387417      1623.509434       75.52%     9348    253   9482     4220k  3468.5s
     14403     473      1477  27.93%   397.387417      1623.509434       75.52%     9353    253   9521     4223k  3473.6s
     14413     474      1482  27.93%   397.387417      1623.509434       75.52%     9357    253   9593     4227k  3479.2s
     14419     474      1484  27.93%   397.387417      1623.509434       75.52%     9359    253   9602     4231k  3484.3s

        Nodes      |    B&B Tree     |            Objective Bounds              |  Dynamic Constraints |       Work      
Src  Proc. InQueue |  Leaves   Expl. | BestBound       BestSol              Gap |   Cuts   InLp Confl. | LpIters     Time

     14449     474      1491  27.93%   397.387417      1623.509434       75.52%     9360    253   9658     4234k  3489.4s
     14481     475      1504  27.93%   397.387417      1623.509434       75.52%     9360    253   9736     4235k  3494.5s
     14493     493      1509  27.93%   397.387417      1623.509434       75.52%    10214    430   9784     4243k  3523.3s
     14497     493      1511  27.93%   397.387417      1623.509434       75.52%    10216    430   9795     4247k  3533.9s
     14502     493      1513  27.93%   397.387417      1623.509434       75.52%    10218    430   9798     4250k  3543.0s
     14512     493      1516  27.93%   397.387417      1623.509434       75.52%    10219    430   9802     4252k  3548.2s
     14522     494      1520  27.93%   397.387417      1623.509434       75.52%    10221    430   9811     4253k  3553.5s
     14534     494      1525  27.93%   397.387417      1623.509434       75.52%    10225    430   9908     4255k  3559.5s
     14540     494      1527  27.93%   397.387417      1623.509434       75.52%    10226    430   9915     4257k  3564.8s
     14551     496      1531  27.93%   397.387417      1623.509434       75.52%    10227    430   9929     4259k  3570.2s
     14557     496      1534  27.93%   397.387417      1623.509434       75.52%    10229    430   9974     4261k  3576.3s
     14572     497      1541  27.93%   397.387417      1623.509434       75.52%    10235    430   9125     4263k  3582.4s
     14580     498      1544  27.93%   397.387417      1623.509434       75.52%    10235    430   9139     4267k  3588.9s
     14590     511      1547  27.93%   397.387417      1623.509434       75.52%     9662    501   9229     4273k  3600.6s
     14590     511      1547  27.93%   397.387417      1623.509434       75.52%     9662    501   9229     4273k  3600.6s

Solving report
  Status            Time limit reached
  Primal bound      1623.50943396
  Dual bound        397.387417041
  Gap               75.52% (tolerance: 0.01%)
  P-D integral      2667.84525932
  Solution status   feasible
                    1623.50943396 (objective)
                    0 (bound viol.)
                    0 (int. viol.)
                    0 (row viol.)
  Timing            3600.56
  Max sub-MIP depth 9
  Nodes             14590
  Repair LPs        0
  LP iterations     4273043
                    1367109 (strong br.)
                    285664 (separation)
                    216423 (heuristics)
