Running HiGHS 1.14.0 (git hash: 7df0786de3): Copyright (c) 2026 under Apache 2.0 license terms
Using BLAS: blastrampoline 
MIP has 13829 rows; 8365 cols; 186617 nonzeros; 5956 integer variables (5954 binary)
Coefficient ranges:
  Matrix  [2e-01, 8e+01]
  Cost    [1e+00, 2e+03]
  Bound   [1e+00, 1e+00]
  RHS     [1e+00, 2e+02]
Presolving model
7989 rows, 4556 cols, 96571 nonzeros 0s
5374 rows, 3161 cols, 51704 nonzeros 0s
4685 rows, 2485 cols, 52914 nonzeros 0s
3668 rows, 2417 cols, 21735 nonzeros 1s
Presolve reductions: rows 3668(-10161); columns 2417(-5948); nonzeros 21735(-164882) 

Solving MIP model with:
   3668 rows
   2417 cols (1447 binary, 2 integer, 6 implied int., 962 continuous, 0 domain fixed)
   21735 nonzeros

Src: B => Branching; C => Central rounding; F => Feasibility pump; H => Heuristic;
     I => Shifting; J => Feasibility jump; L => Sub-MIP; P => Empty MIP; R => Randomized rounding;
     S => Solve LP; T => Evaluate node; U => Unbounded; X => User solution; Y => HiGHS solution;
     Z => ZI Round; l => Trivial lower; p => Trivial point; u => Trivial upper; z => Trivial zero

        Nodes      |    B&B Tree     |            Objective Bounds              |  Dynamic Constraints |       Work      
Src  Proc. InQueue |  Leaves   Expl. | BestBound       BestSol              Gap |   Cuts   InLp Confl. | LpIters     Time

         0       0         0   0.00%   0               inf                  inf        0      0      0         0     1.9s
         0       0         0   0.00%   906.6100592     inf                  inf        0      0      4      2260     2.4s
         0       0         0   0.00%   1004.360748     inf                  inf     2878    205    232      5061     7.6s
 L       0       0         0   0.00%   1007.445314     7358.111111       86.31%     4354    222    265      6332    22.7s

0.1% inactive integer columns, restarting
Model after restart has 3663 rows, 2412 cols (1445 bin., 2 int., 6 impl., 959 cont., 0 dom.fix.), and 21650 nonzeros

         0       0         0   0.00%   1007.445314     7358.111111       86.31%       89      0      0     14049    23.2s
         0       0         0   0.00%   1007.445314     7358.111111       86.31%       89     72      4     15953    24.0s
         0       0         0   0.00%   1007.467515     7358.111111       86.31%      286     83      4     32467    44.7s
         7       0         1   1.56%   1007.467515     7358.111111       86.31%      286     83      5    140068   110.2s
       112      29        33   2.42%   1007.679873     7358.111111       86.31%      369     86    561    149438   117.3s
       188      38        57   2.54%   1007.679873     7358.111111       86.31%      398     86    921    153750   122.4s
       209      54        66   3.52%   1007.679939     7358.111111       86.31%      510     97   1074    162614   127.8s
       260      74        75   3.96%   1007.679939     7358.111111       86.31%      878    114   1239    170990   133.3s
       341      84       109   7.11%   1007.679939     7358.111111       86.31%     1621    126   1600    177630   139.6s
       422      87       138   7.35%   1007.679939     7358.111111       86.31%     1663    126   2111    184139   144.7s
       476     105       155   8.52%   1007.679939     7358.111111       86.31%     2163    132   2375    190485   149.7s
       553     114       182   8.53%   1007.679939     7358.111111       86.31%     3418    178   2738    202289   157.6s
       612     132       204   8.65%   1007.679939     7358.111111       86.31%     3442    178   2950    207738   162.7s
       659     149       215   8.66%   1007.679939     7358.111111       86.31%     4492    181   3197    218896   171.3s
       704     155       234   8.67%   1007.679939     7358.111111       86.31%     4514    181   3455    223937   176.3s
       772     186       245   8.67%   1007.679939     7358.111111       86.31%     4669    158   3603    240814   186.0s

        Nodes      |    B&B Tree     |            Objective Bounds              |  Dynamic Constraints |       Work      
Src  Proc. InQueue |  Leaves   Expl. | BestBound       BestSol              Gap |   Cuts   InLp Confl. | LpIters     Time

       871     260       265   8.67%   1007.679939     7358.111111       86.31%     4693    158   3762    247617   192.0s
       896     260       266   8.67%   1007.679939     7358.111111       86.31%     5319    178   3767    255462   197.9s
       950     275       285   8.67%   1007.679939     7358.111111       86.31%     5337    178   4087    261727   202.9s
       989     305       294   8.67%   1007.679939     7358.111111       86.31%     5320    212   4246    275521   213.5s
      1058     323       315   8.68%   1007.679939     7358.111111       86.31%     5345    212   4560    280886   218.6s
 L    1075     163       318   8.73%   1014.72084      5913.352201       82.84%     5456    246   4612    282115   238.4s
      1134     173       330   8.73%   1014.72084      5913.352201       82.84%     5466    246   4705    301761   243.5s
      1187     198       349   8.73%   1014.72084      5913.352201       82.84%     5535    108   4920    307397   248.7s
      1261     213       376   8.73%   1014.72084      5913.352201       82.84%     5568    108   5292    311838   253.8s
      1306     230       390   8.74%   1014.72084      5913.352201       82.84%     6062    127   5593    317921   259.3s
      1340     247       400   8.75%   1014.72084      5913.352201       82.84%     6814    210   5866    329566   267.7s
      1402     271       419   8.77%   1014.72084      5913.352201       82.84%     6832    210   6110    337789   272.7s
      1443     286       431   8.81%   1014.72084      5913.352201       82.84%     6903    237   6211    344852   277.9s
      1512     296       459   8.96%   1014.72084      5913.352201       82.84%     6926    237   6552    353621   284.4s
      1555     317       468  10.65%   1014.72084      5913.352201       82.84%     6934    245   6680    364037   289.8s
      1634     323       500  10.65%   1014.72084      5913.352201       82.84%     6954    245   7031    369936   294.9s
      1693     341       514  10.65%   1014.72084      5913.352201       82.84%     7366    158   7266    377939   299.9s
      1757     381       531  10.65%   1014.72084      5913.352201       82.84%     7980    257   7517    386741   307.0s
      1813     384       553  10.66%   1014.72084      5913.352201       82.84%     8005    257   7682    396832   312.8s
      1852     391       570  10.88%   1014.72084      5913.352201       82.84%     8166    171   7823    408506   318.7s

        Nodes      |    B&B Tree     |            Objective Bounds              |  Dynamic Constraints |       Work      
Src  Proc. InQueue |  Leaves   Expl. | BestBound       BestSol              Gap |   Cuts   InLp Confl. | LpIters     Time

      1905     394       585  10.98%   1014.72084      5913.352201       82.84%     8185    171   8059    416546   323.8s
      1975     427       602  10.98%   1014.72084      5913.352201       82.84%     6902    271   8397    455705   356.6s
      2058     474       626  10.99%   1016.134272     5913.352201       82.82%     7285    317   8595    465843   364.2s
      2131     477       653  11.01%   1016.134272     5913.352201       82.82%     7303    317   8950    472401   369.3s
      2154     485       660  11.22%   1016.134272     5913.352201       82.82%     7043    278   9066    485103   377.5s
      2185     487       667  11.36%   1016.134272     5913.352201       82.82%     7047    278   9145    495243   383.6s
      2198     486       671  11.49%   1016.134272     5913.352201       82.82%     7338    242   9253    503516   389.4s
      2227     486       683  11.49%   1016.134272     5913.352201       82.82%     7352    242   9355    512074   394.5s
      2243     487       690  11.49%   1016.134272     5913.352201       82.82%     7358    242   9460    519574   399.7s
      2256     487       694  11.51%   1016.134272     5913.352201       82.82%     7523    309   9529    527991   407.6s
      2329     487       723  11.61%   1016.134272     5913.352201       82.82%     7540    309   9818    533289   412.8s
      2353     501       733  11.66%   1016.134272     5913.352201       82.82%     6891    242   9925    539212   418.3s
 B    2410     385       749  11.71%   1016.134272     5564.111111       81.74%     6910    242   9557    542269   421.6s
 T    2450     382       769  11.71%   1016.134272     5554.111111       81.70%     6940    242   9662    543512   423.7s
      2489     398       779  11.71%   1016.134272     5554.111111       81.70%     6952    340   9975    560205   439.7s
      2578     422       814  11.72%   1016.134272     5554.111111       81.70%     6959    340   9530    565538   444.9s
      2600     420       819  11.72%   1016.134272     5554.111111       81.70%     6817    112   9637    583538   457.7s
      2642     421       838  11.73%   1016.134272     5554.111111       81.70%     6850    112   9980    588163   462.8s
      2688     441       857  11.75%   1016.134272     5554.111111       81.70%     6865    112   9087    593675   468.1s
      2700     436       862  11.91%   1016.134272     5554.111111       81.70%     7368    249   9138    607755   486.8s

        Nodes      |    B&B Tree     |            Objective Bounds              |  Dynamic Constraints |       Work      
Src  Proc. InQueue |  Leaves   Expl. | BestBound       BestSol              Gap |   Cuts   InLp Confl. | LpIters     Time

      2730     436       874  11.94%   1016.134272     5554.111111       81.70%     7380    249   9225    614995   491.8s
      2782     436       897  11.94%   1016.134272     5554.111111       81.70%     7394    249   9396    622681   496.9s
 T    2876     459       935  11.94%   1016.134272     5550.111111       81.69%     7369    280   9716    628741   501.5s
      2896     465       946  11.96%   1016.134272     5550.111111       81.69%     7300    285   9769    656279   518.9s
 T    2907     460       948  11.98%   1016.134272     5534.111111       81.64%     7301    285   9804    656449   519.1s
      3009     465       994  12.00%   1016.134272     5534.111111       81.64%     7686    117   9165    675153   526.6s
      3110     517      1020  12.00%   1016.134272     5534.111111       81.64%     7690    222   9387    686197   531.7s
      3208     521      1057  12.02%   1016.134272     5534.111111       81.64%     7573    277   9906    700426   538.7s
      3275     515      1086  14.55%   1016.134272     5534.111111       81.64%     8037    235   9525    721213   546.3s
      3373     526      1125  14.68%   1016.134272     5534.111111       81.64%     7721    247   9934    741350   553.2s
      3465     548      1157  14.68%   1016.134272     5534.111111       81.64%     8090    273   9416    755931   558.2s
      3559     548      1196  14.70%   1016.134272     5534.111111       81.64%     8688    216   9802    767530   563.2s
      3608     553      1210  14.72%   1016.134272     5534.111111       81.64%     8975    298   9967    782340   568.2s
      3675     561      1238  14.74%   1016.134272     5534.111111       81.64%     9155    227   9561    795352   573.3s
      3741     564      1258  14.86%   1016.134272     5534.111111       81.64%     9208    260   9772    809398   578.4s
      3795     571      1280  14.91%   1016.134272     5534.111111       81.64%     9028    244   9924    820347   583.4s
      3842     563      1299  15.30%   1016.134272     5534.111111       81.64%     9265    251   9330    837370   590.0s
      3899     564      1320  15.30%   1016.134272     5534.111111       81.64%     9276    251   9596    847749   595.1s
      3981     577      1357  15.70%   1016.134272     5534.111111       81.64%     8959    159   9978    861218   601.7s
      4043     578      1379  15.70%   1016.134272     5534.111111       81.64%     8976    159   9392    876421   607.7s

        Nodes      |    B&B Tree     |            Objective Bounds              |  Dynamic Constraints |       Work      
Src  Proc. InQueue |  Leaves   Expl. | BestBound       BestSol              Gap |   Cuts   InLp Confl. | LpIters     Time

      4113     583      1412  15.75%   1016.134272     5534.111111       81.64%     9592    249   9715    887075   612.7s
      4195     583      1445  15.75%   1016.134272     5534.111111       81.64%     9742    270   9403    927654   631.9s
      4269     591      1473  15.75%   1016.134272     5534.111111       81.64%     9767    270   9632    933670   637.0s
      4316     616      1497  15.75%   1016.134272     5534.111111       81.64%     9130    214   9854    943456   642.5s
      4389     618      1529  15.75%   1016.134272     5534.111111       81.64%     8855    238   9409    956886   648.9s
      4471     618      1559  15.76%   1016.134272     5534.111111       81.64%     8491    181   9616    968842   654.0s
      4552     629      1587  15.76%   1016.134272     5534.111111       81.64%     8521    245   9867    981269   659.1s
      4644     643      1622  15.78%   1016.134272     5534.111111       81.64%     8648    185   9625    996396   664.2s
      4740     658      1659  15.84%   1016.134272     5534.111111       81.64%     9052    246   9862     1008k   669.2s
      4810     664      1689  15.89%   1016.134272     5534.111111       81.64%     8917    244   9355     1021k   674.6s
      4894     674      1715  16.00%   1016.134272     5534.111111       81.64%     9541    237   9638     1036k   679.9s
      4951     682      1736  16.00%   1016.134272     5534.111111       81.64%     9966    274   9893     1072k   699.0s
      5090     686      1793  16.00%   1016.134272     5534.111111       81.64%     9411    300   9700     1090k   704.1s
      5190     697      1836  16.01%   1016.134272     5534.111111       81.64%     8937    201   9875     1130k   714.5s
      5328     707      1887  16.01%   1016.134272     5534.111111       81.64%     9511    154   9406     1145k   719.6s

Restarting search from the root node
Model after restart has 3662 rows, 2410 cols (1443 bin., 2 int., 6 impl., 959 cont., 0 dom.fix.), and 21582 nonzeros

      5411       0         0   0.00%   1016.134272     5534.111111       81.64%      149      0      0     1159k   723.4s
      5411       0         0   0.00%   1016.134272     5534.111111       81.64%      149     29      1     1159k   723.5s
      5411       0         0   0.00%   1016.134272     5534.111111       81.64%     4811    170      1     1163k   728.5s
      5519      15        44   2.22%   1016.134272     5534.111111       81.64%     4578    122    756     1176k   733.6s
      5659      23       109   2.28%   1016.134272     5534.111111       81.64%     4810    153   1280     1192k   738.7s

        Nodes      |    B&B Tree     |            Objective Bounds              |  Dynamic Constraints |       Work      
Src  Proc. InQueue |  Leaves   Expl. | BestBound       BestSol              Gap |   Cuts   InLp Confl. | LpIters     Time

      5786      28       162   6.40%   1016.134272     5534.111111       81.64%     5006    159   1933     1208k   743.8s
      5823      37       178   6.51%   1016.134272     5534.111111       81.64%     6059    183   2200     1243k   752.6s
      6014      62       256   7.56%   1016.134272     5534.111111       81.64%     6116    193   2862     1259k   757.7s
      6069      74       274   7.64%   1016.134272     5534.111111       81.64%     7495    243   3289     1271k   763.4s
      6168      86       319   7.65%   1016.134272     5534.111111       81.64%     7547    208   3733     1285k   768.4s
      6323     102       388   7.65%   1016.134272     5534.111111       81.64%     5349    167   4372     1300k   773.8s
      6430     109       435   7.65%   1016.134272     5534.111111       81.64%     5918    259   4731     1327k   781.2s
      6526     124       475   7.66%   1016.134272     5534.111111       81.64%     5869    274   5176     1345k   786.7s
      6641     139       521   7.66%   1016.134272     5534.111111       81.64%     6496    251   5644     1358k   791.7s
      6736     152       557   7.71%   1016.134272     5534.111111       81.64%     6607    268   6190     1397k   801.7s
      6839     172       597   8.25%   1016.134272     5534.111111       81.64%     7865    293   6603     1409k   806.8s
      6990     192       659   8.35%   1016.134272     5534.111111       81.64%     8043    161   7203     1425k   811.8s
      7138     220       717   8.40%   1016.134272     5534.111111       81.64%     7388    215   7743     1443k   816.9s
      7232     228       760   8.60%   1016.134272     5534.111111       81.64%     6757    209   8186     1471k   824.2s
      7357     248       808  11.73%   1016.134272     5534.111111       81.64%     6162    214   8952     1486k   829.3s
      7542     283       879  11.93%   1016.134272     5534.111111       81.64%     5907    248   9616     1506k   835.9s
      7640     297       919  13.71%   1016.134272     5534.111111       81.64%     5667    287   9079     1525k   842.9s
      7741     304       962  13.73%   1016.134272     5534.111111       81.64%     5495    266   9448     1557k   852.5s
      7862     310      1018  13.73%   1016.134272     5534.111111       81.64%     5228    263   9851     1571k   857.5s
      7945     325      1052  13.73%   1016.134272     5534.111111       81.64%     5238    268   9489     1585k   862.6s

        Nodes      |    B&B Tree     |            Objective Bounds              |  Dynamic Constraints |       Work      
Src  Proc. InQueue |  Leaves   Expl. | BestBound       BestSol              Gap |   Cuts   InLp Confl. | LpIters     Time

      8054     336      1100  13.76%   1016.134272     5534.111111       81.64%     5253    292   9928     1599k   867.6s
      8137     338      1141  13.76%   1016.134272     5534.111111       81.64%     5278    292   9309     1621k   873.8s
      8244     344      1192  13.76%   1016.134272     5534.111111       81.64%     5250    292   9623     1635k   879.1s
      8399     359      1259  13.76%   1016.134272     5534.111111       81.64%     5590    221   9044     1647k   884.2s
      8524     366      1316  13.77%   1016.134272     5534.111111       81.64%     5889    221   9439     1661k   889.2s
      8547     372      1322  13.86%   1016.134272     5534.111111       81.64%     6068    247   9501     1688k   895.8s
      8648     396      1359  13.98%   1016.134272     5534.111111       81.64%     5953    278   9840     1702k   900.9s
      8776     407      1416  13.99%   1016.134272     5534.111111       81.64%     6041    293   9375     1716k   905.9s
      8890     415      1466  13.99%   1016.134272     5534.111111       81.64%     6289    245   9664     1729k   911.0s
      9038     429      1526  13.99%   1016.134272     5534.111111       81.64%     6936    160   9996     1743k   916.0s
      9139     444      1569  13.99%   1016.134272     5534.111111       81.64%     7263    188   9466     1758k   921.0s
      9230     456      1604  13.99%   1016.134272     5534.111111       81.64%     7343    131   9857     1772k   926.2s
      9299     466      1637  14.11%   1016.134272     5534.111111       81.64%     7708    183   9155     1792k   931.9s
      9359     469      1665  14.15%   1016.134272     5534.111111       81.64%     8053    212   9313     1810k   937.0s
      9440     473      1699  14.16%   1016.134272     5534.111111       81.64%     8088    212   9592     1829k   942.0s

Restarting search from the root node
Model after restart has 3662 rows, 2410 cols (1443 bin., 2 int., 6 impl., 959 cont., 0 dom.fix.), and 21573 nonzeros

      9452       0         0   0.00%   1016.134272     5534.111111       81.64%      212      0      0     1830k   942.6s
      9452       0         0   0.00%   1016.134272     5534.111111       81.64%      212     32      4     1830k   942.8s
      9527       4        31   3.74%   1016.134272     5534.111111       81.64%     2137     65    241     1840k   947.8s
      9564      16        45   5.16%   1016.134272     5534.111111       81.64%     3647    211    349     1870k   956.7s
      9674      25        87  10.96%   1016.134272     5534.111111       81.64%     3527    261    778     1889k   961.7s

        Nodes      |    B&B Tree     |            Objective Bounds              |  Dynamic Constraints |       Work      
Src  Proc. InQueue |  Leaves   Expl. | BestBound       BestSol              Gap |   Cuts   InLp Confl. | LpIters     Time

      9795      35       138  11.14%   1016.134272     5534.111111       81.64%     4324    195   1160     1904k   966.7s
      9864      40       169  11.34%   1016.134272     5534.111111       81.64%     4913    212   1467     1922k   971.9s
      9965      52       213  11.46%   1016.134272     5534.111111       81.64%     5297    232   1763     1969k   982.9s
     10084      61       266  11.71%   1016.134272     5534.111111       81.64%     5426    243   2209     1988k   988.3s
     10194      75       315  11.71%   1016.134272     5534.111111       81.64%     5668    217   2573     2005k   993.5s
     10330      79       379  11.73%   1016.134272     5534.111111       81.64%     5722    181   3124     2023k   998.6s
     10385      82       405  11.77%   1016.134272     5534.111111       81.64%     5725    205   3329     2045k  1003.6s
     10515      86       467  11.77%   1016.134272     5534.111111       81.64%     6028    194   3646     2064k  1008.7s
     10640      96       522  15.68%   1016.134272     5534.111111       81.64%     6286    212   4351     2082k  1013.7s
     10766     106       580  15.78%   1016.134272     5534.111111       81.64%     6478    201   4793     2101k  1019.2s
     10870     112       626  15.97%   1016.134272     5534.111111       81.64%     6870    249   5106     2119k  1024.9s
     10978     134       669  16.00%   1016.134272     5534.111111       81.64%     7047    186   5365     2132k  1030.0s
     11069     139       706  16.00%   1016.134272     5534.111111       81.64%     6954    201   5710     2149k  1035.1s
     11155     145       743  16.00%   1016.134272     5534.111111       81.64%     7001    201   5942     2170k  1040.2s
     11273     156       792  16.01%   1016.134272     5534.111111       81.64%     7336    218   6237     2194k  1047.6s
     11371     164       829  16.06%   1016.134272     5534.111111       81.64%     7452    269   6828     2212k  1053.0s
     11537     171       904  16.06%   1016.134272     5534.111111       81.64%     7753    209   7246     2228k  1058.2s
     11585     176       918  16.06%   1016.134272     5534.111111       81.64%     8044    229   7359     2250k  1064.0s
     11718     193       967  16.07%   1016.134272     5534.111111       81.64%     8626    194   7834     2266k  1069.6s
     11829     209      1010  16.10%   1016.134272     5534.111111       81.64%     9856    247   8038     2282k  1074.8s

        Nodes      |    B&B Tree     |            Objective Bounds              |  Dynamic Constraints |       Work      
Src  Proc. InQueue |  Leaves   Expl. | BestBound       BestSol              Gap |   Cuts   InLp Confl. | LpIters     Time

     11906     216      1043  16.11%   1016.134272     5534.111111       81.64%     9687    196   8419     2298k  1079.9s
     12021     226      1084  16.13%   1016.134272     5534.111111       81.64%     9879    221   8708     2316k  1085.0s
     12128     236      1132  16.13%   1016.134272     5534.111111       81.64%     9834    228   9015     2329k  1090.1s
     12260     239      1179  16.13%   1016.134272     5534.111111       81.64%     9808    199   9321     2346k  1095.2s
     12383     250      1230  16.23%   1016.134272     5534.111111       81.64%     9299    275   9628     2362k  1102.4s
     12443     249      1248  16.23%   1016.134272     5534.111111       81.64%     9252    297   9727     2377k  1107.8s
     12518     271      1271  16.26%   1016.134272     5534.111111       81.64%     8361    217   9884     2391k  1112.9s
     12623     288      1312  16.26%   1016.134272     5534.111111       81.64%     7627    220   9652     2401k  1117.9s
     12684     293      1335  16.27%   1016.134272     5534.111111       81.64%     7694    220   9865     2411k  1122.9s
     12757     300      1358  16.27%   1016.134272     5534.111111       81.64%     7510    253   9367     2423k  1128.0s
     12875     308      1406  16.27%   1016.134272     5534.111111       81.64%     7820    289   9771     2436k  1133.4s
     12988     314      1458  16.27%   1016.134272     5534.111111       81.64%     8387    210   9360     2448k  1138.5s
     13037     317      1476  16.27%   1016.134272     5534.111111       81.64%     8436    176   9990     2459k  1143.7s
     13091     323      1500  16.27%   1016.134272     5534.111111       81.64%     8455    176   9530     2484k  1150.2s
     13162     325      1524  16.29%   1016.134272     5534.111111       81.64%     8808    271   9736     2497k  1155.3s
     13259     346      1561  16.74%   1016.134272     5534.111111       81.64%     9060    220   9419     2509k  1160.4s
     13341     357      1594  17.55%   1016.134272     5534.111111       81.64%     9080    220   9593     2525k  1165.4s

Restarting search from the root node
Model after restart has 3662 rows, 2410 cols (1443 bin., 2 int., 6 impl., 959 cont., 0 dom.fix.), and 21561 nonzeros

     13341       0         0   0.00%   1016.134272     5534.111111       81.64%      220      0      0     2525k  1165.7s
     13341       0         0   0.00%   1016.134272     5534.111111       81.64%      220     53      2     2525k  1165.9s
     13341       0         0   0.00%   1016.134272     5534.111111       81.64%     2147     85      2     2632k  1229.9s

        Nodes      |    B&B Tree     |            Objective Bounds              |  Dynamic Constraints |       Work      
Src  Proc. InQueue |  Leaves   Expl. | BestBound       BestSol              Gap |   Cuts   InLp Confl. | LpIters     Time

     13403       6        22   0.92%   1016.134272     5534.111111       81.64%     2163     85    107     2643k  1235.0s
     13448      17        41   1.71%   1016.134272     5534.111111       81.64%     2701    233    233     2696k  1266.7s
     13534      17        80   1.79%   1016.134272     5534.111111       81.64%     2731    233    582     2704k  1271.8s
     13569      27        95   1.96%   1016.134272     5534.111111       81.64%     2926    283    717     2712k  1276.9s
     13651      33       133   2.06%   1016.134272     5534.111111       81.64%     3044    311   1152     2720k  1282.2s
     13726      40       165   2.27%   1016.134272     5534.111111       81.64%     3124    188   1442     2729k  1287.8s
     13809      45       203   2.41%   1016.134272     5534.111111       81.64%     3420    284   2257     2742k  1295.2s
     13910      50       248   3.19%   1016.134272     5534.111111       81.64%     4099    307   2741     2752k  1300.4s
     14011      57       295   3.91%   1016.134272     5534.111111       81.64%     4360    349   3065     2765k  1305.9s
     14112      63       339   3.91%   1016.134272     5534.111111       81.64%     4781    215   3785     2775k  1311.1s
     14237      68       395   3.91%   1016.134272     5534.111111       81.64%     4713    243   4562     2784k  1316.1s
     14341      76       440   5.32%   1016.134272     5534.111111       81.64%     5029    280   4986     2798k  1321.1s
     14419      86       470   6.17%   1016.134272     5534.111111       81.64%     5389    256   5302     2852k  1335.8s
     14521      97       512   7.37%   1016.134272     5534.111111       81.64%     5248    266   5609     2868k  1342.2s
     14622     104       556   7.47%   1016.134272     5534.111111       81.64%     5335    314   6129     2887k  1348.8s
     14720     116       598   7.51%   1016.134272     5534.111111       81.64%     6168    286   6407     2905k  1354.4s
     14847     127       653   7.62%   1016.134272     5534.111111       81.64%     6301    311   6877     2920k  1359.4s
     14964     140       705   9.48%   1016.134272     5534.111111       81.64%     6675    201   7260     2938k  1364.4s
     15058     151       743   9.82%   1016.134272     5534.111111       81.64%     6739    214   7569     2958k  1369.4s
     15124     159       771   9.91%   1016.134272     5534.111111       81.64%     7530    282   7868     2995k  1378.6s

        Nodes      |    B&B Tree     |            Objective Bounds              |  Dynamic Constraints |       Work      
Src  Proc. InQueue |  Leaves   Expl. | BestBound       BestSol              Gap |   Cuts   InLp Confl. | LpIters     Time

     15229     168       818   9.96%   1016.134272     5534.111111       81.64%     7591    279   8209     3013k  1383.8s
     15330     174       865  11.78%   1016.134272     5534.111111       81.64%     7788    298   8466     3035k  1389.3s
     15402     175       899  13.93%   1016.134272     5534.111111       81.64%     7800    298   8666     3070k  1400.0s
     15453     180       921  15.16%   1016.134272     5534.111111       81.64%     6141    355   8801     3082k  1405.0s
     15528     188       955  15.31%   1016.134272     5534.111111       81.64%     6537    297   9241     3099k  1411.2s
     15629     196      1001  15.38%   1016.134272     5534.111111       81.64%     6565    258   9715     3113k  1416.9s
     15730     200      1048  15.52%   1016.134272     5534.111111       81.64%     6026    320   9545     3132k  1423.3s
     15804     203      1082  15.73%   1016.134272     5534.111111       81.64%     6046    320   9790     3147k  1428.4s
     15858     205      1107  15.86%   1016.134272     5534.111111       81.64%     5664    261   9944     3219k  1446.5s
     15944     210      1148  15.91%   1016.134272     5534.111111       81.64%     5640    286   9526     3234k  1451.5s
     16031     216      1184  15.93%   1016.134272     5534.111111       81.64%     5826    297   9974     3248k  1456.8s
     16106     220      1220  15.93%   1016.134272     5534.111111       81.64%     5847    297   9998     3258k  1461.9s
     16155     222      1242  16.00%   1016.134272     5534.111111       81.64%     6149    262   8855     3268k  1466.9s
     16253     233      1282  18.44%   1016.134272     5534.111111       81.64%     6200    243   9175     3281k  1472.1s
     16362     243      1329  19.47%   1016.134272     5534.111111       81.64%     6303    268   9523     3294k  1477.2s
     16435     251      1362  19.49%   1016.134272     5534.111111       81.64%     6013    365   9760     3307k  1487.8s
     16517     255      1398  19.58%   1016.134272     5534.111111       81.64%     6035    365   8610     3317k  1493.1s
     16588     264      1428  19.69%   1016.134272     5534.111111       81.64%     6002    244   8846     3326k  1498.2s
     16626     264      1446  19.70%   1016.134272     5534.111111       81.64%     6015    244   9068     3338k  1503.2s
     16682     268      1468  19.70%   1016.134272     5534.111111       81.64%     5996    271   9308     3345k  1508.3s

        Nodes      |    B&B Tree     |            Objective Bounds              |  Dynamic Constraints |       Work      
Src  Proc. InQueue |  Leaves   Expl. | BestBound       BestSol              Gap |   Cuts   InLp Confl. | LpIters     Time

     16741     277      1495  19.70%   1016.134272     5534.111111       81.64%     6015    272   9550     3354k  1513.5s
     16814     277      1529  19.70%   1016.134272     5534.111111       81.64%     6027    272   9802     3364k  1518.5s
     16849     281      1545  19.72%   1016.134272     5534.111111       81.64%     5301    307   9879     3375k  1523.5s
     16869     282      1553  19.72%   1016.134272     5534.111111       81.64%     5312    307   9960     3388k  1528.7s
     16918     282      1573  19.72%   1016.134272     5534.111111       81.64%     5325    307   9394     3399k  1533.7s
     16937     288      1582  19.72%   1016.134272     5534.111111       81.64%     5331    307   9452     3413k  1539.1s
     16951     289      1585  19.72%   1016.134272     5534.111111       81.64%     4444    321   9473     3422k  1544.3s
     17019     292      1615  19.72%   1016.134272     5534.111111       81.64%     4462    321   9728     3431k  1549.3s
     17046     298      1626  19.72%   1016.134272     5534.111111       81.64%     4473    349   9772     3448k  1556.7s
     17130     304      1658  19.72%   1016.134272     5534.111111       81.64%     4499    349   9198     3458k  1561.7s
     17187     314      1686  19.72%   1016.134272     5534.111111       81.64%     4904    308   9376     3467k  1566.7s
     17244     318      1710  19.73%   1016.134272     5534.111111       81.64%     5571    328   9545     3495k  1579.1s
     17292     322      1729  20.21%   1016.134272     5534.111111       81.64%     5791    281   9648     3505k  1584.1s
     17374     326      1769  20.90%   1016.134272     5534.111111       81.64%     6085    332   9806     3521k  1593.9s
     17431     331      1795  20.97%   1016.134272     5534.111111       81.64%     6096    332   9969     3531k  1599.6s
     17468     331      1812  20.99%   1016.134272     5534.111111       81.64%     6105    332   9461     3543k  1604.7s
     17503     335      1827  21.03%   1016.134272     5534.111111       81.64%     5703    283   9602     3551k  1610.0s
     17546     343      1846  21.03%   1016.134272     5534.111111       81.64%     5721    283   9815     3564k  1615.8s
     17576     346      1859  21.03%   1016.134272     5534.111111       81.64%     6267    349   9900     3615k  1635.4s
     17664     347      1901  21.03%   1016.134272     5534.111111       81.64%     6299    349   9533     3627k  1640.5s

        Nodes      |    B&B Tree     |            Objective Bounds              |  Dynamic Constraints |       Work      
Src  Proc. InQueue |  Leaves   Expl. | BestBound       BestSol              Gap |   Cuts   InLp Confl. | LpIters     Time

     17683     350      1908  21.03%   1016.134272     5534.111111       81.64%     6553    373   9627     3638k  1645.9s
     17751     353      1938  21.03%   1016.134272     5534.111111       81.64%     6579    373   9985     3648k  1650.9s
     17803     359      1962  21.03%   1016.134272     5534.111111       81.64%     6550    276   9508     3660k  1656.1s
     17871     363      1993  21.03%   1016.134272     5534.111111       81.64%     6571    276   9770     3672k  1661.3s
     17936     367      2023  21.03%   1016.134272     5534.111111       81.64%     6572    288   9503     3685k  1666.4s
     18004     375      2050  21.03%   1016.134272     5534.111111       81.64%     6430    301   9815     3697k  1671.9s
     18080     380      2084  21.03%   1016.134272     5534.111111       81.64%     6183    267   9116     3724k  1682.5s
     18174     389      2129  21.03%   1016.134272     5534.111111       81.64%     6217    267   9382     3735k  1687.6s
     18274     398      2173  21.03%   1016.134272     5534.111111       81.64%     6126    233   9864     3747k  1692.7s
     18278     397      2174  21.81%   1016.134272     5534.111111       81.64%     5354    412   9875     3762k  1699.1s
     18311     398      2189  24.66%   1016.134272     5534.111111       81.64%     5372    412   9983     3776k  1704.2s
     18357     398      2211  24.69%   1016.134272     5534.111111       81.64%     5388    412   9672     3793k  1713.4s
     18402     404      2231  24.69%   1016.157969     5534.111111       81.64%     5145    437   9841     3803k  1718.6s
     18444     407      2249  24.69%   1016.157969     5534.111111       81.64%     5157    437   9962     3813k  1723.7s
     18481     414      2265  24.69%   1016.157969     5534.111111       81.64%     5203    262   9596     3850k  1742.3s
     18573     419      2308  24.69%   1016.157969     5534.111111       81.64%     5237    262   9253     3862k  1747.4s
     18593     424      2316  24.72%   1016.157969     5534.111111       81.64%     5619    371   9300     3871k  1752.5s
     18651     424      2341  24.73%   1016.157969     5534.111111       81.64%     5636    371   9420     3879k  1757.7s
     18685     429      2354  24.74%   1016.157969     5534.111111       81.64%     5902    325   9493     3895k  1766.1s
     18739     431      2377  24.74%   1016.157969     5534.111111       81.64%     5923    325   9657     3904k  1771.3s

        Nodes      |    B&B Tree     |            Objective Bounds              |  Dynamic Constraints |       Work      
Src  Proc. InQueue |  Leaves   Expl. | BestBound       BestSol              Gap |   Cuts   InLp Confl. | LpIters     Time

     18792     439      2398  24.74%   1016.157969     5534.111111       81.64%     5895    354   9787     3912k  1776.3s
     18841     440      2422  24.74%   1016.157969     5534.111111       81.64%     5915    354   9801     3922k  1781.7s
     18866     441      2432  24.74%   1016.157969     5534.111111       81.64%     5923    354   9884     3937k  1787.8s
     18916     448      2455  24.74%   1016.157969     5534.111111       81.64%     5906    249   9856     3947k  1792.9s
     18951     448      2469  24.74%   1016.157969     5534.111111       81.64%     5847    262   9370     3956k  1798.0s
     18985     452      2485  24.74%   1016.157969     5534.111111       81.64%     5769    278   9573     3966k  1803.0s
     19028     454      2503  24.74%   1016.157969     5534.111111       81.64%     5788    278   9737     3978k  1808.4s
     19066     461      2520  24.74%   1016.157969     5534.111111       81.64%     5870    272   9923     3990k  1813.4s
     19138     471      2550  24.74%   1016.157969     5534.111111       81.64%     5894    272   9807     4003k  1818.5s
     19173     474      2563  24.74%   1016.157969     5534.111111       81.64%     6007    320   9897     4026k  1826.9s
     19266     482      2607  24.78%   1016.157969     5534.111111       81.64%     6108    338   9374     4039k  1832.8s
     19319     482      2628  24.80%   1016.157969     5534.111111       81.64%     6160    338   9794     4055k  1838.4s
     19367     487      2651  24.81%   1016.157969     5534.111111       81.64%     5573    327   9943     4066k  1843.8s
     19469     493      2696  24.81%   1016.157969     5534.111111       81.64%     5385    255   9889     4079k  1849.7s
     19568     501      2740  24.81%   1016.157969     5534.111111       81.64%     5348    265   9678     4096k  1855.4s
     19637     503      2772  24.81%   1016.157969     5534.111111       81.64%     5405    265   9990     4111k  1860.4s
     19768     518      2825  24.81%   1016.157969     5534.111111       81.64%     5659    183   9666     4126k  1865.7s
     19944     547      2893  24.81%   1016.157969     5534.111111       81.64%     5702    193   9836     4143k  1870.8s
     20152     597      2958  24.81%   1016.157969     5534.111111       81.64%     4941    183   9686     4158k  1875.9s
     20269     629      3003  24.87%   1016.157969     5534.111111       81.64%     5177    211   9752     4175k  1880.9s

        Nodes      |    B&B Tree     |            Objective Bounds              |  Dynamic Constraints |       Work      
Src  Proc. InQueue |  Leaves   Expl. | BestBound       BestSol              Gap |   Cuts   InLp Confl. | LpIters     Time

     20407     640      3058  24.87%   1016.157969     5534.111111       81.64%     5725    225   9587     4191k  1885.9s
     20548     654      3118  24.87%   1016.157969     5534.111111       81.64%     6025    268   9610     4206k  1890.9s
     20678     673      3171  24.87%   1016.157969     5534.111111       81.64%     6290    302   9584     4225k  1896.5s
     20714     673      3185  24.87%   1016.157969     5534.111111       81.64%     6306    302   9857     4246k  1901.6s
     20779     689      3207  24.87%   1016.157969     5534.111111       81.64%     6500    206   9864     4263k  1907.1s
     20830     693      3229  24.87%   1016.157969     5534.111111       81.64%     6282    281   9506     4280k  1912.1s
     20910     698      3266  24.87%   1016.157969     5534.111111       81.64%     6325    281   9814     4299k  1917.2s
     21025     710      3315  24.88%   1016.157969     5534.111111       81.64%     6491    301   9783     4315k  1922.6s
     21186     717      3388  24.90%   1016.157969     5534.111111       81.64%     6393    212   9773     4332k  1927.6s
     21323     738      3448  24.90%   1016.157969     5534.111111       81.64%     6559    245   9507     4351k  1932.8s
     21447     742      3505  24.90%   1016.157969     5534.111111       81.64%     6429    277   9900     4367k  1937.8s
     21525     747      3539  24.90%   1016.157969     5534.111111       81.64%     6409    251   9986     4404k  1945.8s
     21587     751      3565  24.90%   1016.157969     5534.111111       81.64%     6444    251   9992     4424k  1950.9s
     21699     767      3612  24.94%   1016.157969     5534.111111       81.64%     5840    266   9879     4441k  1957.0s
     21791     769      3654  24.94%   1016.157969     5534.111111       81.64%     5878    266   9890     4460k  1962.2s
     21891     777      3698  24.94%   1016.157969     5534.111111       81.64%     6819    252   9789     4477k  1967.4s
     22019     789      3756  24.94%   1016.157969     5534.111111       81.64%     7606    324   9765     4500k  1973.7s
     22117     799      3801  24.95%   1016.157969     5534.111111       81.64%     7897    341   9794     4520k  1980.8s
     22220     805      3848  24.96%   1016.157969     5534.111111       81.64%     7630    330   9692     4543k  1988.3s
     22320     811      3895  24.97%   1016.157969     5534.111111       81.64%     6827    283   9794     4587k  2002.3s

        Nodes      |    B&B Tree     |            Objective Bounds              |  Dynamic Constraints |       Work      
Src  Proc. InQueue |  Leaves   Expl. | BestBound       BestSol              Gap |   Cuts   InLp Confl. | LpIters     Time

     22395     814      3926  24.97%   1016.157969     5534.111111       81.64%     6849    283   9781     4603k  2007.3s
     22470     826      3957  24.97%   1016.157969     5534.111111       81.64%     6347    280   9757     4617k  2012.3s
     22562     839      3996  24.97%   1016.157969     5534.111111       81.64%     4564    277   9597     4629k  2017.4s
     22624     846      4022  24.97%   1016.157969     5534.111111       81.64%     4411    320   9854     4646k  2023.1s
     22720     858      4066  24.97%   1016.157969     5534.111111       81.64%     4364    335   9818     4665k  2028.6s
     22854     863      4126  24.97%   1016.157969     5534.111111       81.64%     4215    347   9840     4681k  2033.7s
     22922     875      4153  24.97%   1016.157969     5534.111111       81.64%     4848    354   9582     4704k  2040.6s
     23027     892      4193  24.97%   1016.157969     5534.111111       81.64%     5040    386   9618     4723k  2046.0s
     23127     899      4237  24.98%   1016.157969     5534.111111       81.64%     6149    300   9450     4741k  2051.9s
     23244     914      4283  24.98%   1016.157969     5534.111111       81.64%     6235    294   9774     4755k  2057.0s

Restarting search from the root node
Model after restart has 3662 rows, 2410 cols (1443 bin., 2 int., 6 impl., 959 cont., 0 dom.fix.), and 21553 nonzeros

     23321       0         0   0.00%   1016.157969     5534.111111       81.64%      293      0      0     4767k  2060.9s
     23321       0         0   0.00%   1016.157969     5534.111111       81.64%      293     44      3     4769k  2061.2s
     23321       0         0   0.00%   1016.157969     5534.111111       81.64%     3417     94      3     5054k  2157.6s
     23429      14        42   8.45%   1016.157969     5534.111111       81.64%     3728    155    474     5071k  2163.1s
     23543      23        93  14.40%   1016.157969     5534.111111       81.64%     3594    167    840     5086k  2168.2s
     23633      28       133  15.03%   1016.157969     5534.111111       81.64%     2831    234   1135     5100k  2173.7s
     23731      42       175  18.35%   1016.157969     5534.111111       81.64%     3493    263   1493     5116k  2179.6s
     23823      45       219  22.25%   1016.157969     5534.111111       81.64%     3511    263   1703     5134k  2184.6s
     23888      48       247  23.00%   1016.157969     5534.111111       81.64%     4292    298   1902     5149k  2189.7s
     23974      61       284  23.16%   1016.157969     5534.111111       81.64%     4082    288   2140     5163k  2194.7s

        Nodes      |    B&B Tree     |            Objective Bounds              |  Dynamic Constraints |       Work      
Src  Proc. InQueue |  Leaves   Expl. | BestBound       BestSol              Gap |   Cuts   InLp Confl. | LpIters     Time

     24060      65       323  23.34%   1016.157969     5534.111111       81.64%     4095    329   2446     5181k  2199.9s
     24156      68       368  24.11%   1016.157969     5534.111111       81.64%     4169    218   2809     5199k  2205.1s
     24262      75       416  24.67%   1016.157969     5534.111111       81.64%     4237    238   3174     5216k  2210.2s
     24372      80       467  24.68%   1016.157969     5534.111111       81.64%     4872    253   3656     5233k  2215.6s
     24471      88       511  24.68%   1016.157969     5534.111111       81.64%     5181    296   4052     5250k  2220.7s
     24593      95       567  24.68%   1016.157969     5534.111111       81.64%     5435    195   4382     5266k  2225.8s
     24696      98       614  31.10%   1016.157969     5534.111111       81.64%     5638    223   4697     5282k  2230.8s
     24773     112       647  31.53%   1016.157969     5534.111111       81.64%     5944    229   5127     5296k  2236.1s
     24834     119       676  31.93%   1016.157969     5534.111111       81.64%     6333    358   5370     5381k  2266.7s
     24901     119       706  31.96%   1016.157969     5534.111111       81.64%     6357    358   5582     5392k  2272.0s
     24956     124       732  32.01%   1016.157969     5534.111111       81.64%     6349    297   5774     5401k  2277.0s
     25039     130       772  32.03%   1016.157969     5534.111111       81.64%     6388    308   6161     5410k  2282.1s
     25110     133       801  32.03%   1016.157969     5534.111111       81.64%     6405    308   6381     5415k  2287.2s
     25172     143       828  32.04%   1016.157969     5534.111111       81.64%     6661    316   6551     5424k  2292.2s
     25239     146       862  32.05%   1016.157969     5534.111111       81.64%     6181    329   6889     5433k  2297.2s
     25311     146       897  32.05%   1016.157969     5534.111111       81.64%     6211    329   7193     5441k  2302.3s
     25365     151       919  32.05%   1016.157969     5534.111111       81.64%     5103    204   7542     5451k  2307.4s
     25438     159       951  32.05%   1016.157969     5534.111111       81.64%     5597    300   7825     5464k  2314.9s
     25493     162       977  32.05%   1016.157969     5534.111111       81.64%     5623    300   8124     5474k  2320.1s
     25526     166       988  32.05%   1016.157969     5534.111111       81.64%     5629    300   8207     5485k  2325.4s

        Nodes      |    B&B Tree     |            Objective Bounds              |  Dynamic Constraints |       Work      
Src  Proc. InQueue |  Leaves   Expl. | BestBound       BestSol              Gap |   Cuts   InLp Confl. | LpIters     Time

     25593     178      1014  32.05%   1016.157969     5534.111111       81.64%     5577    235   8545     5493k  2330.6s
     25630     182      1027  32.83%   1016.157969     5534.111111       81.64%     5554    261   8664     5505k  2335.7s
     25702     184      1063  37.91%   1016.157969     5534.111111       81.64%     5572    261   8876     5514k  2340.7s
     25734     189      1077  37.96%   1016.157969     5534.111111       81.64%     6496    311   8988     5522k  2345.8s
     25819     189      1116  37.96%   1016.157969     5534.111111       81.64%     6532    311   9189     5530k  2350.8s
     25866     191      1137  37.96%   1016.157969     5534.111111       81.64%     6588    305   9331     5540k  2355.9s
     25936     197      1166  37.96%   1016.157969     5534.111111       81.64%     6745    232   9559     5549k  2361.1s
     26007     201      1196  37.96%   1016.157969     5534.111111       81.64%     6765    232   9732     5560k  2366.2s
     26102     226      1232  37.96%   1016.157969     5534.111111       81.64%     7295    259   9969     5567k  2371.2s
     26136     235      1247  38.00%   1016.157969     5534.111111       81.64%     7296    273   9252     5579k  2376.3s
     26194     236      1276  38.01%   1016.157969     5534.111111       81.64%     7323    273   9363     5590k  2381.3s
     26247     245      1296  38.01%   1016.157969     5534.111111       81.64%     7256    275   9462     5600k  2386.4s
     26314     252      1323  38.01%   1016.157969     5534.111111       81.64%     7275    275   9671     5612k  2391.4s
     26366     264      1342  38.01%   1016.157969     5534.111111       81.64%     7559    316   9874     5627k  2397.1s
     26399     270      1355  38.01%   1016.157969     5534.111111       81.64%     7568    316   9353     5640k  2402.3s
     26443     284      1369  38.01%   1016.157969     5534.111111       81.64%     7849    229   9420     5651k  2407.3s
     26509     294      1395  38.01%   1016.157969     5534.111111       81.64%     7860    229   9596     5665k  2412.5s
     26539     299      1405  38.01%   1016.157969     5534.111111       81.64%     7667    268   9682     5678k  2418.0s
     26592     316      1425  38.01%   1016.157969     5534.111111       81.64%     7678    268   9864     5688k  2423.3s
     26611     318      1433  38.20%   1016.157969     5534.111111       81.64%     7992    299   9903     5719k  2434.3s

        Nodes      |    B&B Tree     |            Objective Bounds              |  Dynamic Constraints |       Work      
Src  Proc. InQueue |  Leaves   Expl. | BestBound       BestSol              Gap |   Cuts   InLp Confl. | LpIters     Time

     26688     320      1467  38.51%   1016.157969     5534.111111       81.64%     8025    299   9736     5729k  2439.5s
     26733     335      1485  38.51%   1016.157969     5534.111111       81.64%     8031    311   9808     5742k  2444.6s
     26814     347      1519  38.51%   1016.157969     5534.111111       81.64%     8169    242   9962     5755k  2450.7s
     26882     356      1546  38.51%   1016.157969     5534.111111       81.64%     8180    242   9420     5768k  2456.1s
     26916     361      1558  38.51%   1016.157969     5534.111111       81.64%     8103    298   9604     5784k  2462.8s
     26996     363      1596  38.51%   1016.157969     5534.111111       81.64%     8129    298   9924     5793k  2467.8s
     27016     365      1604  38.51%   1016.157969     5534.111111       81.64%     7941    222   9266     5807k  2473.0s
     27116     373      1648  38.53%   1016.157969     5534.111111       81.64%     8029    283   9492     5820k  2479.5s
     27181     374      1678  38.55%   1016.157969     5534.111111       81.64%     8058    283   9828     5831k  2484.7s
     27216     379      1694  38.56%   1016.157969     5534.111111       81.64%     8451    247   9973     5859k  2495.7s
     27297     391      1727  38.56%   1016.157969     5534.111111       81.64%     8477    247   9423     5870k  2500.7s
     27368     403      1754  39.12%   1016.157969     5534.111111       81.64%     8603    275   9581     5880k  2505.7s
     27447     420      1787  39.13%   1016.157969     5534.111111       81.64%     7902    231   9845     5892k  2512.3s
     27484     428      1801  39.13%   1016.157969     5534.111111       81.64%     8439    266   9896     5904k  2517.4s
     27546     438      1826  39.13%   1016.157969     5534.111111       81.64%     8455    266   9997     5916k  2522.5s
     27595     444      1846  39.15%   1016.157969     5534.111111       81.64%     8299    311   9452     5929k  2528.0s
     27663     449      1879  39.15%   1016.157969     5534.111111       81.64%     8328    311   9779     5939k  2533.1s
     27708     448      1901  39.15%   1016.157969     5534.111111       81.64%     8446    244   9980     5947k  2538.1s
     27767     455      1926  39.15%   1016.157969     5534.111111       81.64%     8805    290   9288     5960k  2544.0s
     27838     456      1961  39.16%   1016.157969     5534.111111       81.64%     8834    290   9538     5970k  2549.1s

        Nodes      |    B&B Tree     |            Objective Bounds              |  Dynamic Constraints |       Work      
Src  Proc. InQueue |  Leaves   Expl. | BestBound       BestSol              Gap |   Cuts   InLp Confl. | LpIters     Time

     27869     459      1975  39.16%   1016.157969     5534.111111       81.64%     8843    303   9672     5983k  2554.5s
     27952     461      2014  39.17%   1016.157969     5534.111111       81.64%     8875    303   9923     5993k  2559.7s
     28007     468      2039  39.17%   1016.157969     5534.111111       81.64%     8922    322   9348     6003k  2564.9s
     28060     470      2063  39.17%   1016.157969     5534.111111       81.64%     8943    322   9531     6013k  2570.0s
     28102     473      2079  39.25%   1016.157969     5534.111111       81.64%     9013    346   9723     6024k  2575.0s
     28167     475      2107  39.25%   1016.157969     5534.111111       81.64%     9042    346   9965     6040k  2581.3s
     28225     482      2135  39.26%   1016.157969     5534.111111       81.64%     8996    243   9211     6051k  2586.4s
     28310     489      2170  39.26%   1016.157969     5534.111111       81.64%     8939    321   9421     6061k  2591.6s
     28359     491      2194  39.26%   1016.157969     5534.111111       81.64%     8969    321   9668     6072k  2597.0s
     28392     494      2209  39.26%   1016.157969     5534.111111       81.64%     9198    341   9796     6088k  2603.0s
     28457     494      2240  39.26%   1016.157969     5534.111111       81.64%     9225    341   9987     6100k  2608.1s
     28490     495      2256  39.26%   1016.157969     5534.111111       81.64%     9348    309   9208     6111k  2613.2s
     28544     497      2282  39.26%   1016.157969     5534.111111       81.64%     9372    309   9372     6124k  2618.3s
     28575     500      2295  39.26%   1016.157969     5534.111111       81.64%     9107    300   9516     6156k  2632.2s
     28639     502      2325  39.26%   1016.157969     5534.111111       81.64%     9031    318   9771     6168k  2637.3s
     28711     502      2361  39.26%   1016.157969     5534.111111       81.64%     9061    318   9432     6179k  2642.4s
     28762     505      2381  39.26%   1016.157969     5534.111111       81.64%     8930    330   9562     6192k  2647.4s
     28841     516      2416  39.26%   1016.157969     5534.111111       81.64%     8930    343   9844     6203k  2652.4s
     28869     516      2431  39.26%   1016.157969     5534.111111       81.64%     8942    343   9422     6215k  2657.5s
     28924     520      2456  39.26%   1016.157969     5534.111111       81.64%     8358    310   9689     6225k  2662.5s

        Nodes      |    B&B Tree     |            Objective Bounds              |  Dynamic Constraints |       Work      
Src  Proc. InQueue |  Leaves   Expl. | BestBound       BestSol              Gap |   Cuts   InLp Confl. | LpIters     Time

     29020     526      2498  39.26%   1016.157969     5534.111111       81.64%     8386    310   9988     6236k  2667.5s
     29032     530      2500  39.26%   1016.157969     5534.111111       81.64%     8398    335   9545     6257k  2674.6s
     29127     548      2539  39.26%   1016.157969     5534.111111       81.64%     8587    199   9853     6269k  2679.8s
     29206     549      2577  39.27%   1016.157969     5534.111111       81.64%     8615    199   9991     6281k  2684.9s
     29230     553      2586  39.27%   1016.157969     5534.111111       81.64%     8440    271   9474     6301k  2692.2s
     29306     561      2615  39.27%   1016.157969     5534.111111       81.64%     8460    271   9625     6314k  2697.2s
     29351     578      2632  39.27%   1016.157969     5534.111111       81.64%     8588    289   9792     6328k  2702.7s
     29396     578      2655  39.27%   1016.157969     5534.111111       81.64%     8610    289   9986     6340k  2707.7s
     29430     580      2670  39.27%   1016.157969     5534.111111       81.64%     8967    297   9816     6358k  2716.1s
     29530     594      2709  39.27%   1016.157969     5534.111111       81.64%     9013    325   9788     6370k  2721.8s
     29595     601      2734  39.27%   1016.157969     5534.111111       81.64%     9032    325   9575     6381k  2726.9s
     29646     616      2754  39.27%   1016.157969     5534.111111       81.64%     8759    259   9721     6391k  2732.1s
     29706     616      2783  39.27%   1016.157969     5534.111111       81.64%     8781    259   9908     6403k  2737.1s
     29735     617      2798  39.27%   1016.157969     5534.111111       81.64%     8928    299   9802     6415k  2742.2s
     29786     617      2822  39.27%   1016.157969     5534.111111       81.64%     8948    299   9966     6426k  2747.3s
     29829     621      2842  39.27%   1016.157969     5534.111111       81.64%     8783    268   9911     6436k  2752.3s
     29920     622      2885  39.27%   1016.157969     5534.111111       81.64%     8815    268   9740     6447k  2757.3s
     29954     623      2901  39.27%   1016.157969     5534.111111       81.64%     9201    321   9882     6458k  2762.4s
     30011     625      2925  39.27%   1016.157969     5534.111111       81.64%     9225    321   9407     6470k  2767.5s
     30038     633      2934  39.27%   1016.157969     5534.111111       81.64%     9288    264   9462     6486k  2774.2s

        Nodes      |    B&B Tree     |            Objective Bounds              |  Dynamic Constraints |       Work      
Src  Proc. InQueue |  Leaves   Expl. | BestBound       BestSol              Gap |   Cuts   InLp Confl. | LpIters     Time

     30124     633      2976  39.27%   1016.157969     5534.111111       81.64%     9323    264   9812     6494k  2779.3s
     30195     643      3009  39.27%   1016.157969     5534.111111       81.64%     9799    304   9918     6506k  2784.3s
     30235     655      3023  39.27%   1016.157969     5534.111111       81.64%    10015    285   9748     6519k  2789.5s
     30293     656      3052  39.27%   1016.157969     5534.111111       81.64%    10041    285   9860     6531k  2794.5s
     30344     658      3075  39.27%   1016.157969     5534.111111       81.64%     9939    329   9507     6544k  2799.9s
     30435     676      3112  39.27%   1016.157969     5534.111111       81.64%     9962    329   9763     6554k  2804.9s
     30486     676      3135  39.27%   1016.157969     5534.111111       81.64%    10075    256   9999     6564k  2809.9s
     30542     683      3159  39.27%   1016.157969     5534.111111       81.64%     9896    294   9848     6575k  2815.0s
     30611     687      3189  39.27%   1016.157969     5534.111111       81.64%     9920    294   9454     6588k  2820.5s
     30690     702      3218  39.27%   1016.157969     5534.111111       81.64%     9907    269   9626     6600k  2825.5s
     30740     720      3235  39.27%   1016.157969     5534.111111       81.64%     9789    312   9956     6630k  2837.8s
     30777     723      3250  39.27%   1016.157969     5534.111111       81.64%     9805    312   9968     6639k  2842.8s
     30841     731      3279  39.27%   1016.157969     5534.111111       81.64%     9939    208   9712     6666k  2854.1s
     30884     736      3296  39.27%   1016.157969     5534.111111       81.64%     9949    208   9911     6677k  2859.1s
     30946     749      3321  39.27%   1016.157969     5534.111111       81.64%    10006    287   9419     6687k  2864.2s
     31004     749      3349  39.27%   1016.157969     5534.111111       81.64%    10029    287   9616     6699k  2869.2s
     31049     749      3369  39.28%   1016.157969     5534.111111       81.64%    10236    315   9717     6711k  2874.3s
     31131     754      3405  39.28%   1016.157969     5534.111111       81.64%    10243    315   9995     6720k  2879.5s
     31141     760      3410  39.28%   1016.157969     5534.111111       81.64%     9371    274   9687     6729k  2884.5s
     31201     763      3435  39.28%   1016.157969     5534.111111       81.64%     9384    274   9889     6739k  2889.5s

        Nodes      |    B&B Tree     |            Objective Bounds              |  Dynamic Constraints |       Work      
Src  Proc. InQueue |  Leaves   Expl. | BestBound       BestSol              Gap |   Cuts   InLp Confl. | LpIters     Time

     31254     771      3459  39.29%   1016.157969     5534.111111       81.64%     9748    351   9515     6749k  2894.8s
     31262     769      3464  39.29%   1016.157969     5534.111111       81.64%     9939    258   9592     6760k  2899.8s
     31304     774      3482  39.29%   1016.157969     5534.111111       81.64%     9950    258   9661     6774k  2905.0s
     31383     789      3514  39.29%   1016.157969     5534.111111       81.64%    10054    269   9876     6782k  2910.0s
     31464     796      3551  39.29%   1016.157969     5534.111111       81.64%    10025    285   9575     6790k  2915.1s
     31561     802      3594  39.29%   1016.157969     5534.111111       81.64%    10148    308   9758     6801k  2920.7s
     31604     805      3614  39.29%   1016.157969     5534.111111       81.64%    10178    308   9580     6811k  2926.4s
     31660     816      3637  39.29%   1016.157969     5534.111111       81.64%    10153    232   9756     6824k  2932.8s
     31761     822      3682  39.29%   1016.157969     5534.111111       81.64%     9903    276   9535     6837k  2939.6s
     31850     834      3720  39.29%   1016.157969     5534.111111       81.64%     9929    276   9668     6844k  2944.6s
     31903     835      3743  39.29%   1016.157969     5534.111111       81.64%    10186    307   9778     6857k  2949.7s
     31973     845      3772  39.29%   1016.157969     5534.111111       81.64%    10116    184   9947     6867k  2954.7s
     32063     854      3814  39.29%   1016.157969     5534.111111       81.64%     9938    194   9911     6877k  2960.1s
     32164     867      3857  39.29%   1016.157969     5534.111111       81.64%    10050    180   9851     6888k  2966.0s
     32272     872      3908  39.29%   1016.157969     5534.111111       81.64%     9784    150   9999     6899k  2971.1s
     32364     876      3953  39.29%   1016.157969     5534.111111       81.64%     9490    256   9866     6911k  2978.7s
     32465     887      3994  39.29%   1016.157969     5534.111111       81.64%     9522    256   9873     6919k  2984.2s
     32524     888      4020  39.29%   1016.157969     5534.111111       81.64%     9625    293   9725     6930k  2989.2s
     32576     897      4042  39.29%   1016.157969     5534.111111       81.64%     9553    194   9914     6941k  2995.0s
     32676     917      4080  39.29%   1016.157969     5534.111111       81.64%     9589    226   9837     6952k  3000.5s

        Nodes      |    B&B Tree     |            Objective Bounds              |  Dynamic Constraints |       Work      
Src  Proc. InQueue |  Leaves   Expl. | BestBound       BestSol              Gap |   Cuts   InLp Confl. | LpIters     Time

     32789     931      4126  39.29%   1016.157969     5534.111111       81.64%     9552    259   9834     6963k  3005.6s
     32878     938      4169  39.29%   1016.157969     5534.111111       81.64%     9903    226   9900     6975k  3013.1s
     32980     964      4205  39.29%   1016.157969     5534.111111       81.64%    10085    301   9766     6989k  3019.4s
     33054     971      4237  39.29%   1016.157969     5534.111111       81.64%    10195    335   9987     6997k  3024.4s

Restarting search from the root node
Model after restart has 3661 rows, 2410 cols (1443 bin., 2 int., 6 impl., 959 cont., 0 dom.fix.), and 21277 nonzeros

     33088       0         0   0.00%   1016.157969     5534.111111       81.64%      332      0      0     7000k  3026.1s
     33088       0         0   0.00%   1016.157969     5534.111111       81.64%      332     66      5     7001k  3026.5s
     33088       0         0   0.00%   1016.157969     5534.111111       81.64%     1906    154      5     7003k  3031.8s
     33088       0         0   0.00%   1016.157969     5534.111111       81.64%     3028    179      5     7005k  3037.4s
     33095       0         2   9.38%   1016.157969     5534.111111       81.64%     2579     93     25     7011k  3042.4s
     33135       1        21  12.49%   1016.157969     5534.111111       81.64%     2589     93    157     7018k  3048.0s
     33176       2        42  24.18%   1016.157969     5534.111111       81.64%     2606     93    297     7022k  3053.2s
     33197       4        49  24.30%   1016.157969     5534.111111       81.64%     2577    179    362     7027k  3060.3s
     33231       5        63  29.11%   1016.157969     5534.111111       81.64%     2591    179    447     7030k  3065.6s
     33272       5        84  29.12%   1016.157969     5534.111111       81.64%     2611    179    633     7034k  3070.6s
     33294      14        93  29.52%   1016.157969     5534.111111       81.64%     2549    193    701     7037k  3076.4s
     33317      16       102  30.96%   1016.157969     5534.111111       81.64%     2557    193    804     7039k  3081.6s
     33339      17       111  30.97%   1016.157969     5534.111111       81.64%     2566    193    845     7041k  3087.6s
     33359      17       120  30.97%   1016.157969     5534.111111       81.64%     2573    193    896     7041k  3093.1s
     33383      19       131  30.97%   1016.157969     5534.111111       81.64%     2584    193    993     7044k  3099.3s
     33394      29       135  31.17%   1016.157969     5534.111111       81.64%     2607    206   1032     7045k  3106.0s

        Nodes      |    B&B Tree     |            Objective Bounds              |  Dynamic Constraints |       Work      
Src  Proc. InQueue |  Leaves   Expl. | BestBound       BestSol              Gap |   Cuts   InLp Confl. | LpIters     Time

     33407      29       141  31.56%   1016.157969     5534.111111       81.64%     2612    206   1077     7047k  3111.3s
     33432      30       151  31.62%   1016.157969     5534.111111       81.64%     2621    206   1123     7049k  3116.4s
     33450      31       159  31.63%   1016.157969     5534.111111       81.64%     2628    206   1183     7052k  3121.6s
     33468      32       169  32.44%   1016.157969     5534.111111       81.64%     2636    206   1308     7054k  3126.7s
     33480      32       172  32.83%   1016.157969     5534.111111       81.64%     2639    206   1329     7057k  3131.9s
     33491      39       177  32.86%   1016.157969     5534.111111       81.64%     3101    202   1356     7060k  3139.3s
     33516      39       188  32.87%   1016.157969     5534.111111       81.64%     3111    202   1438     7062k  3144.6s
     33539      39       199  32.88%   1016.157969     5534.111111       81.64%     3119    202   1513     7065k  3150.2s
     33543      43       200  33.08%   1016.157969     5534.111111       81.64%     3118    234   1517     7067k  3155.3s
     33558      43       205  33.19%   1016.157969     5534.111111       81.64%     3121    234   1568     7070k  3160.4s
     33592      44       221  33.20%   1016.157969     5534.111111       81.64%     3129    234   1686     7072k  3165.5s
     33635      44       242  33.20%   1016.157969     5534.111111       81.64%     3137    234   1781     7074k  3170.6s
     33648      49       246  33.25%   1016.157969     5534.111111       81.64%     3235    189   1801     7078k  3178.2s
     33675      49       256  33.32%   1016.157969     5534.111111       81.64%     3245    189   1884     7082k  3184.2s
     33700      50       266  33.33%   1016.157969     5534.111111       81.64%     3253    189   1976     7086k  3189.5s
     33729      52       280  33.33%   1016.157969     5534.111111       81.64%     3264    189   2067     7088k  3194.8s
     33747      60       287  33.43%   1016.157969     5534.111111       81.64%     3207    214   2118     7092k  3201.6s
     33772      62       296  33.90%   1016.157969     5534.111111       81.64%     3213    214   2187     7096k  3207.1s
     33797      64       307  33.90%   1016.157969     5534.111111       81.64%     3222    214   2228     7099k  3212.2s
     33824      67       319  33.91%   1016.157969     5534.111111       81.64%     3230    214   2276     7102k  3217.6s

        Nodes      |    B&B Tree     |            Objective Bounds              |  Dynamic Constraints |       Work      
Src  Proc. InQueue |  Leaves   Expl. | BestBound       BestSol              Gap |   Cuts   InLp Confl. | LpIters     Time

     33846      72       329  34.00%   1016.157969     5534.111111       81.64%     3246    197   2336     7108k  3227.1s
     33885      73       346  34.05%   1016.157969     5534.111111       81.64%     3261    197   2418     7111k  3232.2s
     33918      75       362  34.05%   1016.157969     5534.111111       81.64%     3276    197   2543     7115k  3237.3s
     33948      81       374  34.06%   1016.157969     5534.111111       81.64%     3219    217   2646     7119k  3245.3s
     33974      81       386  34.08%   1016.157969     5534.111111       81.64%     3229    217   2788     7123k  3250.6s
     34009      81       402  34.08%   1016.157969     5534.111111       81.64%     3238    217   2909     7126k  3255.8s
     34047      90       419  34.08%   1016.157969     5534.111111       81.64%     3312    190   3061     7130k  3262.8s
     34089      94       436  34.09%   1016.157969     5534.111111       81.64%     3323    190   3160     7134k  3268.0s
     34124      97       451  34.09%   1016.157969     5534.111111       81.64%     3331    190   3253     7137k  3273.2s
     34149     103       461  35.65%   1016.157969     5534.111111       81.64%     3390    205   3346     7143k  3279.6s
     34184     107       474  39.18%   1016.157969     5534.111111       81.64%     3398    205   3447     7146k  3284.8s
     34215     109       489  39.20%   1016.157969     5534.111111       81.64%     3412    205   3601     7150k  3290.0s
     34248     116       502  40.23%   1016.157969     5534.111111       81.64%     3812    194   3696     7157k  3300.7s
     34299     116       526  40.24%   1016.157969     5534.111111       81.64%     3826    194   3813     7158k  3305.8s
     34337     116       544  40.24%   1016.157969     5534.111111       81.64%     3836    194   3943     7162k  3311.6s
     34346     123       547  40.24%   1016.157969     5534.111111       81.64%     4328    259   3964     7166k  3318.4s
     34398     124       569  40.24%   1016.157969     5534.111111       81.64%     4340    259   4141     7169k  3323.5s
     34436     126       585  40.24%   1016.157969     5534.111111       81.64%     4346    259   4268     7174k  3328.8s
     34446     128       590  40.24%   1016.157969     5534.111111       81.64%     4050    224   4326     7176k  3334.5s
     34469     128       599  40.24%   1016.157969     5534.111111       81.64%     4059    224   4400     7181k  3339.9s

        Nodes      |    B&B Tree     |            Objective Bounds              |  Dynamic Constraints |       Work      
Src  Proc. InQueue |  Leaves   Expl. | BestBound       BestSol              Gap |   Cuts   InLp Confl. | LpIters     Time

     34545     155       626  40.24%   1016.157969     5534.111111       81.64%     4061    224   4585     7184k  3345.8s
     34552     154       628  40.24%   1016.157969     5534.111111       81.64%     4681    200   4601     7190k  3351.4s
     34601     157       649  40.24%   1016.157969     5534.111111       81.64%     4696    200   4731     7193k  3356.6s
     34649     165       670  40.24%   1016.157969     5534.111111       81.64%     5411    278   4871     7200k  3368.2s
     34679     165       683  40.24%   1016.157969     5534.111111       81.64%     5422    278   4943     7204k  3373.3s
     34737     168       708  40.24%   1016.157969     5534.111111       81.64%     5432    278   5090     7207k  3378.4s
     34760     181       715  40.24%   1016.157969     5534.111111       81.64%     5079    294   5138     7210k  3383.5s
     34809     185       733  40.24%   1016.157969     5534.111111       81.64%     5084    294   5213     7213k  3388.8s
     34850     207       749  40.24%   1016.157969     5534.111111       81.64%     5249    267   5285     7217k  3397.4s
     34876     207       761  40.25%   1016.157969     5534.111111       81.64%     5261    267   5437     7220k  3402.7s
     34903     207       774  40.25%   1016.157969     5534.111111       81.64%     5271    267   5563     7223k  3407.7s
     34938     207       791  40.25%   1016.157969     5534.111111       81.64%     5282    267   5716     7225k  3413.1s
     34963     215       797  40.25%   1016.157969     5534.111111       81.64%     5189    279   5748     7228k  3418.1s
     35010     219       820  40.25%   1016.157969     5534.111111       81.64%     5196    279   5899     7230k  3423.3s
     35037     220       833  40.25%   1016.157969     5534.111111       81.64%     5205    279   6040     7234k  3428.4s
     35056     228       838  40.25%   1016.157969     5534.111111       81.64%     5418    209   6070     7237k  3434.0s
     35110     231       862  40.25%   1016.157969     5534.111111       81.64%     5430    209   6337     7241k  3439.1s
     35152     241       881  40.25%   1016.157969     5534.111111       81.64%     5443    209   6439     7245k  3444.5s
     35158     240       882  41.03%   1016.157969     5534.111111       81.64%     5538    232   6451     7253k  3451.5s
     35194     241       898  41.66%   1016.157969     5534.111111       81.64%     5553    232   6727     7256k  3456.5s

        Nodes      |    B&B Tree     |            Objective Bounds              |  Dynamic Constraints |       Work      
Src  Proc. InQueue |  Leaves   Expl. | BestBound       BestSol              Gap |   Cuts   InLp Confl. | LpIters     Time

     35231     241       915  41.73%   1016.157969     5534.111111       81.64%     5569    232   6952     7259k  3462.0s
     35256     247       927  42.47%   1016.157969     5534.111111       81.64%     5928    241   7079     7266k  3472.9s
     35306     251       947  42.47%   1016.157969     5534.111111       81.64%     5939    241   7213     7270k  3478.0s
     35355     267       966  42.47%   1016.157969     5534.111111       81.64%     5307    232   7306     7273k  3485.9s
     35405     270       985  42.47%   1016.157969     5534.111111       81.64%     5314    232   7446     7276k  3491.0s
     35442     274      1001  42.47%   1016.157969     5534.111111       81.64%     5323    232   7567     7281k  3496.2s
     35469     279      1012  42.47%   1016.157969     5534.111111       81.64%     5613    261   7675     7285k  3501.3s
     35528     281      1039  42.47%   1016.157969     5534.111111       81.64%     5624    261   7909     7289k  3506.4s
     35561     288      1052  42.47%   1016.157969     5534.111111       81.64%     5494    289   7999     7294k  3511.7s
     35632     292      1086  42.47%   1016.157969     5534.111111       81.64%     5514    289   8332     7297k  3516.9s
     35656     295      1097  42.47%   1016.157969     5534.111111       81.64%     5801    266   8373     7301k  3522.9s
     35711     300      1118  42.47%   1016.157969     5534.111111       81.64%     5809    170   8647     7308k  3529.9s
     35751     300      1136  42.47%   1016.157969     5534.111111       81.64%     5822    170   8896     7313k  3535.1s
     35815     303      1159  42.57%   1016.157969     5534.111111       81.64%     5744    349   9073     7324k  3551.3s
     35865     304      1184  42.66%   1016.157969     5534.111111       81.64%     5760    349   9344     7326k  3556.3s
     35896     304      1199  42.85%   1016.157969     5534.111111       81.64%     5773    349   9480     7329k  3561.6s
     35911     311      1205  42.85%   1016.157969     5534.111111       81.64%     6054    225   9581     7333k  3568.3s
     35929     311      1214  42.85%   1016.157969     5534.111111       81.64%     6060    225   9628     7336k  3573.4s
     35952     312      1224  42.85%   1016.157969     5534.111111       81.64%     6130    212   9742     7343k  3592.5s
     35971     312      1233  42.85%   1016.157969     5534.111111       81.64%     6134    212   9778     7346k  3597.8s

        Nodes      |    B&B Tree     |            Objective Bounds              |  Dynamic Constraints |       Work      
Src  Proc. InQueue |  Leaves   Expl. | BestBound       BestSol              Gap |   Cuts   InLp Confl. | LpIters     Time

     35980     315      1237  42.85%   1016.157969     5534.111111       81.64%     6138    212   9834     7347k  3600.0s

Solving report
  Status            Time limit reached
  Primal bound      5534.11111111
  Dual bound        1016.15796875
  Gap               81.64% (tolerance: 0.01%)
  P-D integral      2932.79191679
  Solution status   feasible
                    5534.11111111 (objective)
                    0 (bound viol.)
                    3.5527136788e-15 (int. viol.)
                    0 (row viol.)
  Timing            3600.03
  Max sub-MIP depth 5
  Nodes             35980
  Repair LPs        0
  LP iterations     7347072
                    1869722 (strong br.)
                    380981 (separation)
                    490468 (heuristics)
