Running HiGHS 1.14.0 (git hash: 7df0786de3): Copyright (c) 2026 under Apache 2.0 license terms
Using BLAS: blastrampoline 
MIP has 5961 rows; 3847 cols; 51136 nonzeros; 2594 integer variables (2593 binary)
Coefficient ranges:
  Matrix  [2e-01, 8e+01]
  Cost    [1e+00, 2e+03]
  Bound   [1e+00, 1e+00]
  RHS     [1e+00, 2e+02]
Presolving model
3182 rows, 1751 cols, 46942 nonzeros 0s
2699 rows, 1411 cols, 25332 nonzeros 0s
2166 rows, 1307 cols, 9473 nonzeros 0s
2065 rows, 1279 cols, 9366 nonzeros 0s
Presolve reductions: rows 2065(-3896); columns 1279(-2568); nonzeros 9366(-41770) 

Solving MIP model with:
   2065 rows
   1279 cols (683 binary, 1 integer, 3 implied int., 592 continuous, 0 domain fixed)
   9366 nonzeros

Src: B => Branching; C => Central rounding; F => Feasibility pump; H => Heuristic;
     I => Shifting; J => Feasibility jump; L => Sub-MIP; P => Empty MIP; R => Randomized rounding;
     S => Solve LP; T => Evaluate node; U => Unbounded; X => User solution; Y => HiGHS solution;
     Z => ZI Round; l => Trivial lower; p => Trivial point; u => Trivial upper; z => Trivial zero

        Nodes      |    B&B Tree     |            Objective Bounds              |  Dynamic Constraints |       Work      
Src  Proc. InQueue |  Leaves   Expl. | BestBound       BestSol              Gap |   Cuts   InLp Confl. | LpIters     Time

         0       0         0   0.00%   0               inf                  inf        0      0      0         0     0.3s
         0       0         0   0.00%   441.596654      inf                  inf        0      0      4       971     0.3s
 C       0       0         0   0.00%   449.1715554     7652              94.13%     1709     83    193      1296     0.5s
 L       0       0         0   0.00%   481.7425978     7296.161426       93.40%     4948    139    193      4221     3.2s

1.2% inactive integer columns, restarting
Model after restart has 2022 rows, 1251 cols (672 bin., 1 int., 3 impl., 575 cont., 0 dom.fix.), and 9179 nonzeros

         0       0         0   0.00%   481.7425978     7296.161426       93.40%       71      0      0      9214     3.3s
         0       0         0   0.00%   481.7425978     7296.161426       93.40%       71     58      2      9813     3.3s
 L       0       0         0   0.00%   482.1716112     3599.268344       86.60%     1117    113      2     10203     5.6s
        13       0         1   0.02%   482.1855925     3599.268344       86.60%     1143     56   3003     87262    15.5s
        19       1         6   0.59%   482.1855925     3599.268344       86.60%     1174     56   6606    125807    21.2s
 L     100      20        36   0.61%   482.2323484     3140.268344       84.64%     1556     87   7113    140612    26.1s
 L     302      38       113   1.21%   482.2993391     2789.93501        82.71%     2358    140   7860    165996    33.2s
 L     503      53       192   1.41%   482.2993391     2776.93501        82.63%     5570    150   8764    196914    37.9s
 L     604      51       236   1.46%   482.2993391     2327.93501        79.28%     5827    166   9810    216024    41.5s
 L     605      43       237   1.47%   482.2993391     1807.176101       73.31%     6189    225   9932    222143    43.4s
       682      40       266  12.82%   482.2993391     1807.176101       73.31%     5598    135   3350    252321    48.4s
       845      45       339  13.18%   482.2993391     1807.176101       73.31%     8905    233   4845    284574    54.1s
      1118      53       459  22.66%   482.2993391     1807.176101       73.31%     9475    187   6211    318563    59.2s
      1241      55       518  36.65%   482.6985725     1807.176101       73.29%     6998    268   7674    350422    64.3s
      1316      52       557  39.86%   482.6985725     1807.176101       73.29%     6933    241   8516    373083    69.3s
      1544      59       651  43.80%   482.6985725     1807.176101       73.29%     7228    185   9310    405164    74.4s

        Nodes      |    B&B Tree     |            Objective Bounds              |  Dynamic Constraints |       Work      
Src  Proc. InQueue |  Leaves   Expl. | BestBound       BestSol              Gap |   Cuts   InLp Confl. | LpIters     Time

 T    1849      80       776  45.52%   482.6985725     1615.509434       70.12%     5686    180   9356    421815    78.0s
 B    2126      89       899  45.56%   482.6985725     1602.509434       69.88%     3952    108   9000    429725    79.8s
 T    2137      89       900  45.56%   482.6985725     1602.509434       69.88%     3954    108   9000    429930    79.8s
 T    2151      93       905  45.56%   482.6985725     1602.509434       69.88%     3958    108   9000    429980    79.9s
      2623     166      1089  47.65%   482.6985725     1602.509434       69.88%     4778    157   9978    460820    84.9s
      2977     203      1241  48.80%   484.3483051     1602.509434       69.78%     6498    159   9894    485965    89.9s
      3266     226      1364  49.17%   484.3483051     1602.509434       69.78%     5542    231   8987    516673    95.3s
      3563     252      1488  49.18%   484.3483051     1602.509434       69.78%     5296    220   8796    547742   100.4s
      3832     274      1605  49.74%   484.3483051     1602.509434       69.78%     3754    224   9590    585659   105.5s
      4137     292      1737  49.75%   484.8556312     1602.509434       69.74%     3900    193   9854    628263   110.6s
      4354     298      1833  50.15%   484.8556312     1602.509434       69.74%     7219    188   9750    664918   115.6s
      4574     307      1935  50.20%   484.8556312     1602.509434       69.74%     8071    271   9912    692766   121.3s
      5084     381      2141  50.54%   484.8556312     1602.509434       69.74%     7428    226   9591    722722   126.7s

Restarting search from the root node
Model after restart has 2021 rows, 1251 cols (672 bin., 1 int., 3 impl., 575 cont., 0 dom.fix.), and 9175 nonzeros

      5529       0         0   0.00%   484.8556312     1602.509434       69.74%      157      0      0    740085   130.5s
      5529       0         0   0.00%   484.8556312     1602.509434       69.74%      157     37      3    740333   130.5s
 T    5665      11        53  25.97%   484.8556312     1598.509434       69.67%     3591    164    510    762683   134.5s
      6062      53       220  30.70%   484.8556312     1598.509434       69.67%     3451     53   2780    794025   139.5s
      6728     100       521  42.68%   484.8556312     1598.509434       69.67%     6385    167   4752    820197   144.5s
      7087     138       662  61.02%   484.8556312     1598.509434       69.67%     8319    184   6026    848783   149.6s
      7367     183       784  62.08%   484.8556312     1598.509434       69.67%     7395    202   6945    881932   154.7s

        Nodes      |    B&B Tree     |            Objective Bounds              |  Dynamic Constraints |       Work      
Src  Proc. InQueue |  Leaves   Expl. | BestBound       BestSol              Gap |   Cuts   InLp Confl. | LpIters     Time

      7643     215       892  63.31%   484.8556312     1598.509434       69.67%     6298    173   7712    915223   159.7s
      8175     339      1079  63.44%   484.8556312     1598.509434       69.67%     5303    144   8722    942010   164.8s
      8704     450      1274  64.95%   484.8556312     1598.509434       69.67%     6215    175   9670    976742   170.3s
      9396     538      1570  65.93%   486.1628211     1598.509434       69.59%     7003    110   9469     1002k   175.4s
      9864     612      1755  66.11%   489.9155726     1598.509434       69.35%     6970    153   9834     1032k   180.4s
 T    9878     473      1757  66.19%   489.9155726     1503.643606       67.42%     6972    153   9846     1033k   181.6s
     10445     576      1978  72.44%   489.9155726     1503.643606       67.42%     7401    230   9870     1071k   187.4s
     10851     630      2135  77.15%   496.1076692     1503.643606       67.01%     6673    161   9631     1097k   192.4s
     11633     752      2435  77.23%   496.1076692     1503.643606       67.01%     6653    157   9957     1121k   197.4s
     12267     853      2680  77.23%   505.2149772     1503.643606       66.40%     8529    157   9968     1144k   202.4s

Restarting search from the root node
Model after restart has 1976 rows, 1228 cols (663 bin., 1 int., 4 impl., 560 cont., 0 dom.fix.), and 9031 nonzeros

     12449       0         0   0.00%   505.2149772     1503.643606       66.40%      141      0      0     1149k   203.7s
     12449       0         0   0.00%   505.2149772     1503.643606       66.40%      141     20      5     1150k   203.7s
     12685      24        89  44.26%   505.2149772     1503.643606       66.40%     5319    182    708     1186k   208.7s
     13014      57       229  78.30%   505.2149772     1503.643606       66.40%     6519    226   1658     1219k   213.8s
     13323      89       360  79.35%   505.2149772     1503.643606       66.40%     6575    194   2299     1257k   218.8s
     13631     125       488  79.79%   505.2149772     1503.643606       66.40%     6598    156   3141     1294k   223.8s
 T   13971     189       611  79.79%   505.2149772     1500.643606       66.33%     5977     96   4014     1305k   226.2s
 T   14221     225       714  79.79%   505.2149772     1498.643606       66.29%     5551     73   5043     1310k   227.6s
 T   14279     237       734  79.79%   505.2149772     1492.643606       66.15%     5630     87   5434     1316k   228.2s
 T   14785     145       936  86.74%   508.7602898     1348.976939       62.29%     7049    117   7304     1338k   232.2s

        Nodes      |    B&B Tree     |            Objective Bounds              |  Dynamic Constraints |       Work      
Src  Proc. InQueue |  Leaves   Expl. | BestBound       BestSol              Gap |   Cuts   InLp Confl. | LpIters     Time

 L   15198     220      1083  86.75%   508.7602898     1330.976939       61.78%     6831    182   8989     1353k   243.1s
     15548     257      1227  86.75%   511.7234009     1330.976939       61.55%     6927    173   9444     1410k   248.1s
     16008     339      1396  86.76%   513.7836593     1330.976939       61.40%     7262    188   9630     1433k   253.2s
     16612     416      1643  86.76%   513.7836593     1330.976939       61.40%     4297    120   9490     1456k   258.2s
     17067     449      1839  86.76%   516.0147416     1330.976939       61.23%     5137    172   9520     1483k   263.2s
     17464     505      2001  86.76%   516.0147416     1330.976939       61.23%     5493    157   9652     1507k   268.3s
     17778     541      2125  86.76%   516.4807377     1330.976939       61.20%     6554    269   9188     1530k   273.3s

Restarting search from the root node
Model after restart has 1955 rows, 1212 cols (656 bin., 1 int., 4 impl., 551 cont., 0 dom.fix.), and 8864 nonzeros

     18044       0         0   0.00%   516.4807377     1330.976939       61.20%      206      0      0     1547k   276.8s
     18044       0         0   0.00%   516.4807377     1330.976939       61.20%      206     30      2     1547k   276.9s
     18151       6        48  49.87%   516.4807377     1330.976939       61.20%     3122    150    259     1578k   282.1s
     18374      16       151  89.85%   516.4807377     1330.976939       61.20%     4039    151    790     1610k   287.1s
     18646      43       265  91.01%   516.4807377     1330.976939       61.20%     5054    179   1424     1641k   292.2s
     19033     126       409  91.01%   516.4807377     1330.976939       61.20%     5499    164   2453     1671k   297.2s
     19257     143       509  91.06%   516.4807377     1330.976939       61.20%     6964    173   3057     1701k   302.6s
     19564     158       648  91.08%   516.4807377     1330.976939       61.20%     6182    170   3860     1731k   307.6s
     19813     181       757  91.09%   516.4807377     1330.976939       61.20%     7495    171   4511     1757k   312.9s
     20118     203       884  91.10%   516.4807377     1330.976939       61.20%     6626    142   5278     1782k   318.1s
     20451     243      1026  91.10%   516.4807377     1330.976939       61.20%     5826    194   6150     1808k   323.1s
     20940     333      1218  91.10%   541.5989187     1330.976939       59.31%     6363    195   7477     1832k   328.1s
     21534     391      1472  91.88%   672.0198518     1330.976939       49.51%     6148     57   9266     1856k   333.1s

        Nodes      |    B&B Tree     |            Objective Bounds              |  Dynamic Constraints |       Work      
Src  Proc. InQueue |  Leaves   Expl. | BestBound       BestSol              Gap |   Cuts   InLp Confl. | LpIters     Time

     22008     397      1700  91.91%   678.3553467     1330.976939       49.03%     6022     60   9724     1881k   338.1s
     22480     408      1931  95.03%   777.0753884     1330.976939       41.62%     7288    105   9943     1909k   343.2s
     22966     451      2145  97.38%   929.2266046     1330.976939       30.18%     8252    200   9634     1940k   348.2s
     23602     540      2393  97.38%   929.2266046     1330.976939       30.18%     7698    148   9883     1964k   353.2s
     23982     549      2577  97.38%   932.9238709     1330.976939       29.91%     7914     56   9720     1991k   358.2s
     24353     569      2745  97.38%   937.3322225     1330.976939       29.58%     6828    127   9690     2024k   363.2s
     24858     590      2982  97.43%   940.2552108     1330.976939       29.36%     6407     58   9806     2058k   368.3s
 L   25032     562      3066  97.43%   940.2552108     1327.976939       29.20%     5777    103   9562     2070k   377.0s
     25362     573      3213  97.43%   940.2552108     1327.976939       29.20%     6507    158   9843     2119k   382.0s
     26005     658      3495  97.44%   940.2552108     1327.976939       29.20%     8081    237   9966     2145k   387.1s
     26496     698      3713  97.44%   940.2552108     1327.976939       29.20%     9701    223   9973     2176k   392.2s
     27214     762      4022  97.44%   945.6657173     1327.976939       28.79%     8915    104   9779     2200k   397.2s
     27905     839      4308  97.44%   947.2847522     1327.976939       28.67%     5550     83   9976     2222k   402.3s
     28572     896      4599  97.44%   947.9257254     1327.976939       28.62%     5467     42   9928     2255k   407.3s
     29170     952      4844  97.44%   952.4926748     1327.976939       28.27%     6583     84   9968     2287k   412.3s
     29626    1015      5030  97.44%   954.7377008     1327.976939       28.11%     7375    125   9448     2317k   417.4s
     30170    1073      5267  97.44%   961.9156107     1327.976939       27.57%     6887     75   9596     2350k   422.4s
     30673    1098      5489  97.45%   963.1284027     1327.976939       27.47%     5987     81   9658     2381k   427.5s
     31042    1111      5667  97.45%   964.5171903     1327.976939       27.37%     5467    113   9710     2414k   432.5s
 L   31093    1110      5693  97.45%   964.5171903     1327.976938       27.37%     5411    120   9847     2422k   443.1s

        Nodes      |    B&B Tree     |            Objective Bounds              |  Dynamic Constraints |       Work      
Src  Proc. InQueue |  Leaves   Expl. | BestBound       BestSol              Gap |   Cuts   InLp Confl. | LpIters     Time

     31585    1146      5914  97.45%   965.8234585     1327.976938       27.27%     5326    111   9854     2497k   448.1s
     32115    1147      6174  97.45%   969.6607825     1327.976938       26.98%     7322    112   9810     2523k   453.1s
     32564    1168      6388  97.45%   971.1960444     1327.976938       26.87%     8613    129   9761     2558k   458.1s
     32997    1196      6587  97.45%   971.3191122     1327.976938       26.86%     9632    118   9858     2599k   463.1s
     33472    1218      6805  97.45%   971.3191122     1327.976938       26.86%     9907     95   9988     2640k   468.1s
     33970    1253      7027  97.45%   971.5844254     1327.976938       26.84%    10046    106   9820     2675k   473.1s
     34515    1293      7277  97.45%   972.1741472     1327.976938       26.79%     8317    145   9841     2707k   478.3s
     35034    1331      7501  97.45%   973.1234091     1327.976938       26.72%     7443    130   9785     2743k   483.3s
     35581    1367      7749  97.45%   973.2385626     1327.976938       26.71%     7680     95   9911     2780k   488.3s
     35912    1386      7896  97.65%   973.8807904     1327.976938       26.66%     6622    144   9858     2814k   493.3s
     36455    1461      8122  97.65%   974.5563192     1327.976938       26.61%     7920    127   9976     2853k   498.3s
     37071    1516      8395  97.65%   975.4034627     1327.976938       26.55%     6282     88   9943     2877k   503.3s
     37574    1544      8627  97.65%   975.6066211     1327.976938       26.53%     6543     86   9866     2906k   508.4s
     38050    1620      8819  97.65%   976.7958113     1327.976938       26.44%     6861    109   9887     2933k   513.4s
     38553    1630      9061  97.65%   976.7958113     1327.976938       26.44%     6251    122   9879     2971k   518.5s
     38977    1661      9257  97.65%   976.8225839     1327.976938       26.44%     6590    113   9962     3001k   523.5s
     39362    1685      9438  97.65%   977.0182893     1327.976938       26.43%     7270     96   9963     3032k   528.6s
     39761    1699      9629  97.65%   977.2320091     1327.976938       26.41%     6953     85   9812     3066k   533.6s
     40198    1710      9840  97.69%   977.3094013     1327.976938       26.41%     7114     93   9929     3099k   538.6s
     40614    1738     10027  97.69%   977.5333501     1327.976938       26.39%     8133    106   9868     3123k   543.6s

        Nodes      |    B&B Tree     |            Objective Bounds              |  Dynamic Constraints |       Work      
Src  Proc. InQueue |  Leaves   Expl. | BestBound       BestSol              Gap |   Cuts   InLp Confl. | LpIters     Time

     41025    1756     10220  97.69%   978.2461538     1327.976938       26.34%     8387    100   9959     3153k   548.6s
     41438    1797     10403  97.69%   978.3953345     1327.976938       26.32%     7565    148   9762     3182k   553.6s
     41825    1822     10580  97.69%   979.0564582     1327.976938       26.27%     8082    135   9996     3214k   558.6s
 L   42251    1836     10780  97.69%   979.0843981     1327.976937       26.27%     8701    102   9896     3241k   580.8s
     42631    1857     10959  97.69%   979.0843981     1327.976937       26.27%     7390     98   9958     3305k   585.8s
     43056    1869     11164  97.69%   979.0843981     1327.976937       26.27%     5667     87   9803     3334k   590.8s
     43452    1872     11351  97.69%   979.0843981     1327.976937       26.27%     5936     74   9811     3372k   595.8s
     43820    1890     11529  97.69%   979.0843981     1327.976937       26.27%     6087    116   9906     3401k   600.8s
     44161    1893     11697  97.69%   979.0843981     1327.976937       26.27%     6751    126   9975     3431k   605.8s
     44565    1903     11890  97.69%   979.877627      1327.976937       26.21%     8048    133   9982     3457k   611.1s
     45043    1940     12105  97.69%   980.7947128     1327.976937       26.14%     8802    101   9956     3486k   616.2s
     45469    1971     12301  97.69%   980.7947128     1327.976937       26.14%     8104    103   9912     3514k   621.3s
     45800    1985     12455  97.69%   981.0074901     1327.976937       26.13%     8409    123   9799     3537k   626.3s
     46211    2027     12626  97.79%   981.3931155     1327.976937       26.10%     9469    125   9823     3562k   631.4s
     46614    2051     12819  97.79%   981.3931155     1327.976937       26.10%     8673     87   9929     3590k   636.4s
     46934    2061     12968  97.79%   981.3931155     1327.976937       26.10%     7951    105   9876     3617k   641.4s
     47318    2081     13147  97.79%   981.3931155     1327.976937       26.10%     7974     94   9798     3645k   646.4s
     47671    2107     13308  97.79%   981.3931155     1327.976937       26.10%     8263    103   9909     3679k   651.4s
     48121    2145     13512  97.79%   981.3931155     1327.976937       26.10%     8066     59   9969     3701k   656.6s
     48493    2168     13685  97.79%   981.3931155     1327.976937       26.10%     7813    143   9917     3728k   661.6s

        Nodes      |    B&B Tree     |            Objective Bounds              |  Dynamic Constraints |       Work      
Src  Proc. InQueue |  Leaves   Expl. | BestBound       BestSol              Gap |   Cuts   InLp Confl. | LpIters     Time

     48797    2169     13835  97.79%   981.3931155     1327.976937       26.10%     7658    143   9968     3755k   666.7s
     49184    2207     14006  97.79%   981.3931155     1327.976937       26.10%     7758     91   9836     3785k   671.7s
 L   49546    2208     14186  97.79%   981.3931155     1327.976936       26.10%     8065    103   9722     3804k   686.3s
     49972    2228     14383  97.79%   981.3931155     1327.976936       26.10%     6619     82   9856     3861k   691.3s
     50433    2232     14610  97.79%   981.456371      1327.976936       26.09%     6103     73   9993     3891k   696.3s
     50745    2243     14758  97.79%   982.93264       1327.976936       25.98%     7404     80   9911     3925k   701.3s
     51159    2265     14947  97.79%   982.93264       1327.976936       25.98%     8539     84   9863     3961k   706.4s
     51517    2299     15102  97.79%   983.6211838     1327.976936       25.93%     8077    108   9992     3988k   711.5s
     52137    2349     15384  97.83%   984.5001763     1327.976936       25.86%     7765     32   9959     4007k   716.5s
     52790    2424     15665  97.83%   984.5001763     1327.976936       25.86%     7107    107   9849     4029k   721.5s
     53433    2514     15928  97.83%   984.5001763     1327.976936       25.86%     6878     64   9902     4050k   726.5s
     53864    2583     16109  97.83%   985.5138226     1327.976936       25.79%     6483    123   9969     4079k   731.6s
     54294    2648     16284  97.83%   985.5138226     1327.976936       25.79%     6906    100   9871     4104k   736.6s
     54690    2664     16473  97.83%   985.5138226     1327.976936       25.79%     6443    104   9832     4132k   741.6s
     55092    2680     16665  97.83%   985.5138226     1327.976936       25.79%     5831     91   9867     4168k   746.6s
     55473    2702     16835  97.83%   985.5138226     1327.976936       25.79%     4399     80   9676     4202k   751.6s
     55997    2747     17062  97.83%   985.8712105     1327.976936       25.76%     5322     90   9794     4228k   756.7s
     56499    2766     17294  97.83%   986.4027371     1327.976936       25.72%     6199     86   9722     4250k   761.7s
     56829    2802     17436  97.83%   986.7989438     1327.976936       25.69%     7201     57   9992     4327k   801.4s
     57250    2836     17624  97.83%   988.3243911     1327.976936       25.58%     7388     80   9889     4349k   806.4s

        Nodes      |    B&B Tree     |            Objective Bounds              |  Dynamic Constraints |       Work      
Src  Proc. InQueue |  Leaves   Expl. | BestBound       BestSol              Gap |   Cuts   InLp Confl. | LpIters     Time

     57690    2872     17818  97.83%   988.8136791     1327.976936       25.54%     7114     61   9886     4370k   811.4s
     58166    2911     18027  97.83%   988.8136791     1327.976936       25.54%     7324    142   9926     4395k   816.4s
     58434    2931     18149  97.83%   989.2290768     1327.976936       25.51%     7842    159   9804     4423k   821.4s
     58651    2928     18257  97.83%   989.3358811     1327.976936       25.50%     6820    121   9682     4449k   826.4s
     58934    2932     18395  97.83%   989.8115376     1327.976936       25.46%     7301     88   9718     4471k   831.4s
     59328    2947     18577  97.83%   989.8321101     1327.976936       25.46%     6664     74   9408     4495k   836.5s
     59590    2946     18703  97.83%   990.3352898     1327.976936       25.43%     6291    127   9984     4520k   841.5s
     60022    2975     18899  97.83%   990.9298874     1327.976936       25.38%     7201    138   9781     4540k   846.7s
     60480    3009     19104  97.83%   991.2824544     1327.976936       25.35%     7984     73   9877     4564k   851.8s
     60789    3020     19252  97.83%   993.2186923     1327.976936       25.21%     7983    149   9732     4584k   856.8s
     61143    3067     19399  97.83%   993.3678878     1327.976936       25.20%     7009    114   9857     4610k   862.1s
     61514    3079     19568  97.84%   993.4823997     1327.976936       25.19%     7344    107   9964     4635k   867.1s
     61911    3121     19745  97.84%   993.9740396     1327.976936       25.15%     7567    131   9782     4660k   872.1s
     62238    3124     19903  97.84%   994.548249      1327.976936       25.11%     8342     73   9799     4685k   877.1s
     62789    3166     20145  97.84%   996.0592123     1327.976936       24.99%     8176     74   9880     4700k   882.1s
     63203    3236     20308  97.84%   996.1481859     1327.976936       24.99%     6878    117   9917     4721k   887.2s
     63500    3283     20432  97.84%   996.1481859     1327.976936       24.99%     5775     72   9772     4732k   892.2s
     63893    3337     20600  97.84%   996.4953557     1327.976936       24.96%     5242     84   9917     4755k   897.2s

Restarting search from the root node
Model after restart has 1939 rows, 1201 cols (653 bin., 1 int., 4 impl., 543 cont., 0 dom.fix.), and 8813 nonzeros

     64194       0         0   0.00%   996.4953557     1327.976936       24.96%       68      0      0     4769k   901.3s
     64194       0         0   0.00%   996.4953557     1327.976936       24.96%       68     12      4     4769k   901.3s

        Nodes      |    B&B Tree     |            Objective Bounds              |  Dynamic Constraints |       Work      
Src  Proc. InQueue |  Leaves   Expl. | BestBound       BestSol              Gap |   Cuts   InLp Confl. | LpIters     Time

     64427      33        87  16.20%   996.4953557     1327.976936       24.96%     5268    124    970     4797k   906.3s
     64884     114       263  22.90%   996.4953557     1327.976936       24.96%     6636    164   2956     4814k   911.5s
     65260     158       423  34.76%   996.4953557     1327.976936       24.96%     6256     74   3957     4836k   916.5s
     65602     180       569  62.52%   996.4953557     1327.976936       24.96%     6000    150   4832     4862k   921.6s
     65920     201       703  63.22%   996.4953557     1327.976936       24.96%     6278    177   5596     4888k   926.6s
     66337     258       870  72.55%   996.4953557     1327.976936       24.96%     5636    106   6762     4909k   931.7s
     66736     303      1034  72.81%   996.4953557     1327.976936       24.96%     5899    148   8776     4928k   936.7s
     67096     353      1191  74.33%   996.4953557     1327.976936       24.96%     6218    128   9022     4949k   941.7s
     67465     388      1355  74.44%   996.4953557     1327.976936       24.96%     5558    196   9656     4975k   946.7s
     67709     419      1453  75.45%   996.4953557     1327.976936       24.96%     6106    153   9617     4996k   951.9s
     67981     458      1565  77.28%   996.4953557     1327.976936       24.96%     6495    202   9989     5020k   956.9s
     68453     534      1753  81.11%   996.4953557     1327.976936       24.96%     6123    151   9815     5043k   961.9s
     69021     612      1978  82.44%   996.4953557     1327.976936       24.96%     5642    100   9477     5061k   966.9s
     69519     671      2186  83.32%   996.4953557     1327.976936       24.96%     6125    123   9828     5076k   972.0s
     70140     740      2453  83.55%   996.4953557     1327.976936       24.96%     6908    141   9862     5095k   977.4s
     70464     782      2585  84.34%   996.4953557     1327.976936       24.96%     7697    130   9954     5127k   982.4s
     71012     863      2805  84.37%   996.4953557     1327.976936       24.96%     7636     97   9494     5156k   987.4s
     71593     894      3076  84.78%   996.4953557     1327.976936       24.96%     7318     59   9761     5186k   992.4s
     72117     908      3328  85.56%   996.4953557     1327.976936       24.96%     7441     62   9465     5219k   997.5s
     72636     937      3567  85.64%   996.4953557     1327.976936       24.96%     7531     97   9348     5252k  1002.5s

        Nodes      |    B&B Tree     |            Objective Bounds              |  Dynamic Constraints |       Work      
Src  Proc. InQueue |  Leaves   Expl. | BestBound       BestSol              Gap |   Cuts   InLp Confl. | LpIters     Time

     73030     980      3729  86.22%   996.4953557     1327.976936       24.96%     9333    179   9568     5290k  1007.5s
 L   73081     951      3753  86.25%   996.4953557     1325.976939       24.85%     8591    147   9696     5295k  1019.3s
     73558     970      3977  88.32%   996.4953557     1325.976939       24.85%     7503     81   9691     5368k  1024.4s
     74145    1006      4230  88.88%   996.4953557     1325.976939       24.85%     7226    108   9826     5404k  1029.4s
     74834    1058      4540  89.25%   996.4953557     1325.976939       24.85%     7541     85   9813     5435k  1034.4s
     75467    1093      4839  89.56%   996.4953557     1325.976939       24.85%     7578     83   9911     5463k  1039.4s
 T   75958    1057      5067  90.34%   996.4953557     1323.976939       24.73%     8787     80   9998     5494k  1044.1s
     76500    1081      5323  90.73%   996.4953557     1323.976939       24.73%     9501    162   9706     5532k  1049.1s
     76948    1103      5534  91.11%   996.4953557     1323.976939       24.73%     9649     81   9925     5570k  1054.1s
     77386    1124      5740  91.30%   996.4953557     1323.976939       24.73%     8622     71   9960     5609k  1059.2s
     77879    1160      5958  91.37%   996.4953557     1323.976939       24.73%     9581    109   9965     5636k  1064.2s
     78419    1223      6192  91.70%   996.4953557     1323.976939       24.73%     9908    122   9969     5666k  1069.3s
     78935    1275      6420  92.04%   996.4953557     1323.976939       24.73%    10000     84   9923     5695k  1074.3s
     79315    1299      6591  94.33%   996.4953557     1323.976939       24.73%     8500    130   9833     5722k  1079.3s
     79788    1341      6801  94.33%   996.4953557     1323.976939       24.73%     8364     76   9880     5751k  1084.4s
     80256    1363      7021  94.35%   996.4953557     1323.976939       24.73%     8241     89   9590     5782k  1089.4s
     80786    1406      7261  94.68%   996.4953557     1323.976939       24.73%     9221    128   9849     5805k  1094.4s
     81326    1429      7507  94.75%   996.4953557     1323.976939       24.73%     9044    105   9867     5829k  1099.4s
     81926    1486      7774  94.83%   996.4953557     1323.976939       24.73%     9467    124   9888     5847k  1104.5s
     82401    1522      7991  94.83%   996.4953557     1323.976939       24.73%     8625     55   9956     5875k  1109.5s

        Nodes      |    B&B Tree     |            Objective Bounds              |  Dynamic Constraints |       Work      
Src  Proc. InQueue |  Leaves   Expl. | BestBound       BestSol              Gap |   Cuts   InLp Confl. | LpIters     Time

     82913    1582      8212  94.88%   996.4953557     1323.976939       24.73%     9163     94   9728     5891k  1114.5s
     83288    1607      8387  94.95%   996.4953557     1323.976939       24.73%    10051     79   9675     5922k  1119.6s
     83691    1641      8566  94.96%   996.4953557     1323.976939       24.73%     9287    233   9966     5943k  1124.7s
     83945    1654      8685  95.00%   996.4953557     1323.976939       24.73%     7823    200   9913     5972k  1129.7s
     84322    1677      8857  95.16%   996.4953557     1323.976939       24.73%     7758    143   9910     6004k  1134.8s
     84661    1701      9014  95.16%   996.4953557     1323.976939       24.73%     7606     92   9668     6032k  1139.8s
     84929    1721      9134  95.20%   996.4953557     1323.976939       24.73%     6265    182   9905     6059k  1144.8s
     85394    1750      9350  95.20%   996.4953557     1323.976939       24.73%     6745     90   9591     6082k  1149.8s
 L   85542    1661      9415  95.21%   996.4953557     1321.976939       24.62%     8467    230   9626     6094k  1163.2s
     86014    1693      9632  95.25%   996.4953557     1321.976939       24.62%     9125    128   9987     6144k  1168.3s
     86512    1722      9862  95.25%   996.4953557     1321.976939       24.62%     8670     91   9826     6167k  1173.3s
     86891    1751     10035  95.34%   996.4953557     1321.976939       24.62%     5582    117   9972     6191k  1178.3s
     87295    1768     10227  95.39%   996.4953557     1321.976939       24.62%     6707     56   9891     6218k  1183.3s
     87833    1794     10481  95.44%   996.4953557     1321.976939       24.62%     7345     77   9832     6237k  1188.3s
     88188    1804     10653  95.47%   996.4953557     1321.976939       24.62%     6676     94   9976     6271k  1193.4s
     88604    1823     10848  95.57%   996.4953557     1321.976939       24.62%     7397     84   9874     6301k  1198.4s
     89074    1852     11066  95.77%   996.4953557     1321.976939       24.62%     6866    158   9796     6343k  1203.7s
     89408    1881     11213  95.93%   996.4953557     1321.976939       24.62%     7723    140   9857     6369k  1208.7s
     89866    1916     11426  95.93%   996.4953557     1321.976939       24.62%     7549     70   9960     6394k  1213.7s
     90282    1953     11611  96.05%   996.4953557     1321.976939       24.62%     7201    137   9711     6417k  1218.7s

        Nodes      |    B&B Tree     |            Objective Bounds              |  Dynamic Constraints |       Work      
Src  Proc. InQueue |  Leaves   Expl. | BestBound       BestSol              Gap |   Cuts   InLp Confl. | LpIters     Time

     90769    1966     11839  96.15%   996.4953557     1321.976939       24.62%     6097    140   9906     6439k  1223.7s
     91125    1971     12013  96.21%   996.4953557     1321.976939       24.62%     6374    112   9936     6469k  1228.8s
     91531    2028     12172  96.24%   996.4953557     1321.976939       24.62%     7266    142   9992     6495k  1233.8s
     91928    2074     12344  96.24%   996.4953557     1321.976939       24.62%     7646    135   9921     6525k  1238.8s
 L   92053    2078     12405  96.24%   996.4953557     1321.976939       24.62%     7860     52   9910     6535k  1256.0s
     92379    2098     12550  96.27%   996.4953557     1321.976939       24.62%     8269    182   9840     6602k  1261.1s
     92713    2125     12702  96.27%   996.4953557     1321.976939       24.62%     8280    122   9970     6640k  1266.1s
     93093    2137     12883  96.27%   996.4953557     1321.976939       24.62%     8259    134   9914     6670k  1271.1s
     93581    2146     13115  96.28%   996.4953557     1321.976939       24.62%     6988     75   9987     6690k  1276.1s
     93857    2159     13247  96.48%   996.4953557     1321.976939       24.62%     7055    190   9891     6720k  1281.2s
     94208    2184     13408  96.49%   996.4953557     1321.976939       24.62%     7113     76   9876     6740k  1286.2s
     94598    2209     13585  96.57%   996.4953557     1321.976939       24.62%     7338    151   9814     6755k  1291.2s
     94969    2250     13749  96.57%   996.4953557     1321.976939       24.62%     7719    161   9856     6780k  1296.3s
     95367    2251     13947  96.58%   996.4953557     1321.976939       24.62%     7802     86   9702     6805k  1301.3s
     95716    2269     14109  96.58%   996.4953557     1321.976939       24.62%     8282    151   9913     6839k  1306.3s
     96093    2291     14275  96.59%   996.4953557     1321.976939       24.62%     7609    121   9985     6867k  1311.4s
     96473    2314     14457  96.59%   996.4953557     1321.976939       24.62%     6026    186   9797     6888k  1316.4s
     96842    2358     14614  96.61%   996.4953557     1321.976939       24.62%     6025     98   9884     6918k  1321.4s
     97129    2391     14731  96.62%   996.4953557     1321.976939       24.62%     5678    206   9911     6944k  1326.6s
     97493    2416     14892  96.62%   996.4953557     1321.976939       24.62%     5553     91   9919     6981k  1331.6s

        Nodes      |    B&B Tree     |            Objective Bounds              |  Dynamic Constraints |       Work      
Src  Proc. InQueue |  Leaves   Expl. | BestBound       BestSol              Gap |   Cuts   InLp Confl. | LpIters     Time

     97929    2431     15098  96.63%   996.4953557     1321.976939       24.62%     6758    111   9822     7011k  1336.7s
     98340    2462     15280  96.83%   996.4953557     1321.976939       24.62%     7348    116   9587     7046k  1341.7s
     98750    2495     15464  96.84%   996.4953557     1321.976939       24.62%     7359    159   9873     7073k  1346.7s
     99121    2521     15634  96.85%   996.4953557     1321.976939       24.62%     6902     85   9948     7104k  1351.7s
     99482    2555     15791  96.86%   996.4953557     1321.976939       24.62%     7482     65   9786     7142k  1356.7s
     99842    2561     15964  96.86%   996.4953557     1321.976939       24.62%     6218    102   9912     7177k  1361.9s
    100265    2589     16161  96.96%   996.4953557     1321.976939       24.62%     6492     83   9942     7208k  1367.0s
    100656    2615     16337  96.97%   996.4953557     1321.976939       24.62%     7885     86   9935     7244k  1372.0s
 L  101229    2623     16622  96.97%   996.4953557     1321.976938       24.62%     7542    108   9854     7271k  1419.5s
    101641    2645     16807  96.97%   996.4953557     1321.976938       24.62%     7192     52   9851     7376k  1424.5s
    102040    2656     16997  96.98%   996.4953557     1321.976938       24.62%     7817    124   9837     7407k  1429.5s
    102416    2666     17180  96.98%   996.4953557     1321.976938       24.62%     7938    181   9809     7437k  1434.6s
    102876    2714     17381  96.98%   996.4953557     1321.976938       24.62%     7609     55   9966     7465k  1439.6s
    103195    2744     17513  97.04%   996.4953557     1321.976938       24.62%     6935    121   9526     7499k  1444.7s
    103687    2800     17724  97.04%   996.4953557     1321.976938       24.62%     6624    106   9834     7521k  1449.7s
    104316    2839     18017  97.04%   996.4953557     1321.976938       24.62%     7261     88   9731     7539k  1454.7s
    104771    2878     18224  97.05%   996.4953557     1321.976938       24.62%     8020    185   9939     7564k  1459.8s
    105141    2894     18395  97.05%   996.4953557     1321.976938       24.62%     7512    111   9913     7593k  1464.8s
    105598    2932     18596  97.05%   996.4953557     1321.976938       24.62%     6195    125   9940     7625k  1469.8s
    105996    2938     18790  97.05%   996.4953557     1321.976938       24.62%     5758    146   9895     7658k  1474.8s

        Nodes      |    B&B Tree     |            Objective Bounds              |  Dynamic Constraints |       Work      
Src  Proc. InQueue |  Leaves   Expl. | BestBound       BestSol              Gap |   Cuts   InLp Confl. | LpIters     Time

    106448    2984     18987  97.08%   996.4953557     1321.976938       24.62%     6253     80   9997     7683k  1479.8s
    106820    2986     19167  97.09%   996.4953557     1321.976938       24.62%     6120     39   9619     7706k  1484.8s
    107227    3002     19361  97.09%   996.4953557     1321.976938       24.62%     6194     85   9806     7734k  1489.9s
    107605    3033     19523  97.09%   996.4953557     1321.976938       24.62%     6689    147   9904     7757k  1494.9s
    107991    3100     19677  97.10%   996.4953557     1321.976938       24.62%     7191     74   9919     7782k  1499.9s
    108484    3126     19899  97.10%   996.4953557     1321.976938       24.62%     7050    152   9664     7803k  1504.9s
    108850    3194     20039  97.10%   996.4953557     1321.976938       24.62%     6827    161   9927     7829k  1509.9s
    109305    3245     20230  97.11%   996.4953557     1321.976938       24.62%     7381    137   9798     7848k  1514.9s
    109662    3277     20393  97.11%   996.4953557     1321.976938       24.62%     6567     97   9906     7872k  1519.9s
    110028    3303     20553  97.11%   996.4953557     1321.976938       24.62%     7045    113   9913     7887k  1525.1s
    110455    3336     20746  97.11%   996.4953557     1321.976938       24.62%     6522     83   9902     7904k  1530.1s
    110785    3366     20894  97.12%   996.4953557     1321.976938       24.62%     6015    135   9695     7924k  1535.2s
    111037    3387     21013  97.12%   996.4953557     1321.976938       24.62%     7362     74   9997     7944k  1540.2s
    111375    3417     21162  97.12%   996.4953557     1321.976938       24.62%     8167     72   9998     7967k  1545.2s
    111711    3421     21329  97.12%   996.4953557     1321.976938       24.62%     7206    106   9759     7989k  1550.3s
    112084    3434     21508  97.14%   996.4953557     1321.976938       24.62%     7007    137   9917     8007k  1555.3s
    112438    3450     21675  97.14%   996.4953557     1321.976938       24.62%     7043    104   9929     8027k  1560.3s
    112729    3456     21817  97.14%   996.4953557     1321.976938       24.62%     7990    134   9860     8045k  1565.3s
    113066    3494     21962  97.14%   996.4953557     1321.976938       24.62%     7946     73   9928     8065k  1570.4s
    113325    3514     22078  97.16%   996.4953557     1321.976938       24.62%     7513     73   9779     8088k  1575.4s

        Nodes      |    B&B Tree     |            Objective Bounds              |  Dynamic Constraints |       Work      
Src  Proc. InQueue |  Leaves   Expl. | BestBound       BestSol              Gap |   Cuts   InLp Confl. | LpIters     Time

    113575    3520     22198  97.16%   996.4953557     1321.976938       24.62%     7303     71   9986     8113k  1580.4s
    113856    3527     22330  97.16%   996.4953557     1321.976938       24.62%     7218    126   9932     8139k  1585.8s
    114177    3543     22477  97.18%   996.4953557     1321.976938       24.62%     7137     94   9989     8159k  1590.8s
    114500    3577     22616  97.18%   996.4953557     1321.976938       24.62%     7191    146   9906     8183k  1595.8s
    114762    3577     22741  97.24%   996.4953557     1321.976938       24.62%     8483    154   9932     8206k  1600.8s
    115155    3612     22922  97.24%   996.4953557     1321.976938       24.62%     8544     92   9923     8223k  1605.9s
    115518    3640     23080  97.25%   996.4953557     1321.976938       24.62%     7720     77   9516     8242k  1611.0s
    115911    3682     23251  97.25%   996.4953557     1321.976938       24.62%     7690    167   9946     8267k  1616.0s
    116271    3711     23415  97.28%   996.4953557     1321.976938       24.62%     7304     60   9982     8290k  1621.0s
    116782    3761     23636  97.28%   996.4953557     1321.976938       24.62%     6943     64   9881     8314k  1626.0s
    117184    3791     23819  97.28%   996.4953557     1321.976938       24.62%     7077     63   9732     8344k  1631.1s
    117608    3813     24014  97.68%   996.4953557     1321.976938       24.62%     7023    141   9812     8375k  1636.1s
    118086    3858     24213  97.68%   996.4953557     1321.976938       24.62%     8460     96   9918     8407k  1641.3s
    118482    3944     24363  97.69%   996.4953557     1321.976938       24.62%     8178    117   9931     8432k  1646.3s
    118797    3998     24485  97.69%   996.4953557     1321.976938       24.62%     7828    173   9858     8465k  1651.6s
    119188    4033     24645  97.69%   996.4953557     1321.976938       24.62%     7441    123   9636     8490k  1656.7s
    119619    4082     24830  97.69%   996.4953557     1321.976938       24.62%     6690    112   9922     8521k  1661.7s
    119980    4162     24967  97.70%   996.4953557     1321.976938       24.62%     6512    133   9989     8551k  1666.8s
    120337    4189     25130  97.70%   996.4953557     1321.976938       24.62%     7474     89   9902     8584k  1672.0s
    120742    4236     25302  97.70%   996.4953557     1321.976938       24.62%     7818    147   9964     8612k  1677.0s

        Nodes      |    B&B Tree     |            Objective Bounds              |  Dynamic Constraints |       Work      
Src  Proc. InQueue |  Leaves   Expl. | BestBound       BestSol              Gap |   Cuts   InLp Confl. | LpIters     Time

    121116    4285     25453  97.70%   996.4953557     1321.976938       24.62%     7635    177   9754     8640k  1682.0s
    121421    4320     25581  97.71%   996.4953557     1321.976938       24.62%     6704     87   9944     8666k  1687.0s
    121932    4327     25827  97.71%   996.4953557     1321.976938       24.62%     6494     85   9902     8699k  1692.2s
    122452    4434     26026  97.71%   996.4953557     1321.976938       24.62%     7117     72   9697     8724k  1697.2s
    122904    4477     26227  97.71%   996.4953557     1321.976938       24.62%     6449     89   9891     8755k  1702.3s
    123288    4529     26381  97.71%   996.4953557     1321.976938       24.62%     6718    112   9869     8783k  1707.3s
    123678    4571     26548  97.72%   996.4953557     1321.976938       24.62%     7523    148   9830     8812k  1712.4s
    124117    4614     26737  97.72%   996.4953557     1321.976938       24.62%     7723    115   9887     8842k  1717.4s
    124622    4690     26947  97.72%   996.4953557     1321.976938       24.62%     6777     87   9951     8870k  1722.4s
    124872    4709     27059  97.72%   996.4953557     1321.976938       24.62%     5865    155   9920     9010k  1802.7s
    125199    4746     27201  97.72%   996.4953557     1321.976938       24.62%     5583    135   9915     9036k  1807.7s
    125476    4781     27315  97.73%   996.4953557     1321.976938       24.62%     6424     69   9981     9056k  1812.7s
    125721    4791     27427  97.73%   996.4953557     1321.976938       24.62%     7178    160   9947     9085k  1817.7s
    126025    4828     27553  97.73%   996.4953557     1321.976938       24.62%     6711    149   9895     9112k  1822.7s
    126457    4863     27746  97.73%   996.4953557     1321.976938       24.62%     7097    122   9958     9138k  1827.7s
    126915    4901     27940  97.73%   996.4953557     1321.976938       24.62%     7668    143   9836     9173k  1832.8s
    127444    4987     28159  97.73%   996.4953557     1321.976938       24.62%     5808     69   9895     9212k  1837.8s
    127957    5007     28402  97.74%   996.4953557     1321.976938       24.62%     7782    139   9883     9250k  1842.8s
    128384    5034     28603  97.74%   996.4953557     1321.976938       24.62%     7885    179   9779     9289k  1847.8s
    128868    5068     28826  98.13%   996.4953557     1321.976938       24.62%     8607    140   9876     9328k  1852.8s

        Nodes      |    B&B Tree     |            Objective Bounds              |  Dynamic Constraints |       Work      
Src  Proc. InQueue |  Leaves   Expl. | BestBound       BestSol              Gap |   Cuts   InLp Confl. | LpIters     Time

    129238    5085     29001  98.13%   996.4953557     1321.976938       24.62%     7550    229   9994     9364k  1857.8s
    129679    5131     29192  98.13%   996.4953557     1321.976938       24.62%     7025    145   9971     9397k  1862.8s
    130198    5174     29424  98.91%   996.4953557     1321.976938       24.62%     7157    128   9783     9432k  1867.8s
    130587    5189     29605  98.91%   996.4953557     1321.976938       24.62%     5977     77   9901     9469k  1872.8s
    131005    5211     29798  98.91%   996.4953557     1321.976938       24.62%     6735    151   9827     9502k  1878.0s
    131472    5260     30000  98.91%   996.4953557     1321.976938       24.62%     7965    157   9760     9531k  1883.0s
    131848    5302     30163  98.91%   996.4953557     1321.976938       24.62%     7476     78   9872     9558k  1888.1s
    132213    5336     30319  98.92%   996.4953557     1321.976938       24.62%     7379    147   9942     9583k  1893.1s
    132505    5367     30438  99.11%   996.4953557     1321.976938       24.62%     8056    162   9786     9611k  1898.1s
    132782    5391     30561  99.11%   996.4953557     1321.976938       24.62%     8817    233   9899     9636k  1903.5s
    133193    5420     30742  99.21%   996.4953557     1321.976938       24.62%     8788    146   9822     9658k  1908.5s
    133559    5458     30900  99.21%   996.4953557     1321.976938       24.62%     8231    128   9855     9680k  1913.5s
    133842    5455     31042  99.21%   996.4953557     1321.976938       24.62%     7900    137   9997     9710k  1918.5s
    134161    5472     31189  99.21%   996.4953557     1321.976938       24.62%     7993    150   9933     9735k  1923.6s
    134519    5512     31342  99.21%   996.4953557     1321.976938       24.62%     7475    170   9974     9758k  1928.6s
    134893    5562     31503  99.21%   996.4953557     1321.976938       24.62%     7400    143   9948     9790k  1933.7s
    135217    5597     31637  99.21%   996.4953557     1321.976938       24.62%     8002    157   9838     9814k  1938.8s
    135511    5635     31755  99.26%   996.4953557     1321.976938       24.62%     8084    162   9854     9837k  1943.8s
    135775    5654     31874  99.26%   996.4953557     1321.976938       24.62%     7948    149   9731     9866k  1948.9s
    136101    5697     32014  99.26%   996.4953557     1321.976938       24.62%     7819    110   9900     9894k  1953.9s

        Nodes      |    B&B Tree     |            Objective Bounds              |  Dynamic Constraints |       Work      
Src  Proc. InQueue |  Leaves   Expl. | BestBound       BestSol              Gap |   Cuts   InLp Confl. | LpIters     Time

    136499    5719     32194  99.26%   996.4953557     1321.976938       24.62%     8058    142   9888     9923k  1959.1s
    136846    5764     32333  99.26%   996.4953557     1321.976938       24.62%     6826    114   9797     9954k  1964.1s
    137268    5808     32510  99.26%   996.4953557     1321.976938       24.62%     6992    156   9983     9982k  1969.1s
    137678    5881     32665  99.26%   996.4953557     1321.976938       24.62%     7568    108   9856    10011k  1974.1s
    138017    5912     32817  99.26%   996.4953557     1321.976938       24.62%     8364    178   9852    10042k  1979.2s
    138373    5944     32972  99.26%   996.4953557     1321.976938       24.62%     9409    106   9880    10077k  1984.3s
    138836    5990     33168  99.26%   996.4953557     1321.976938       24.62%     8986     82   9989    10106k  1989.3s
    139294    6027     33372  99.26%   996.4953557     1321.976938       24.62%     8451    122   9693    10137k  1994.3s
    139689    6051     33553  99.26%   996.4953557     1321.976938       24.62%     8229    164   9918    10174k  1999.4s
    140142    6088     33752  99.26%   996.4953557     1321.976938       24.62%     6602    121   9921    10204k  2004.7s
    140530    6123     33928  99.26%   996.4953557     1321.976938       24.62%     6887    128   9990    10236k  2009.7s
    140873    6154     34076  99.28%   996.4953557     1321.976938       24.62%     7162    200   9999    10274k  2014.7s
    141337    6222     34266  99.28%   996.4953557     1321.976938       24.62%     6654     88   9797    10305k  2019.7s
    141808    6244     34486  99.28%   996.4953557     1321.976938       24.62%     5758    143   9850    10345k  2024.7s
    142272    6283     34689  99.28%   996.4953557     1321.976938       24.62%     6442    149   9804    10374k  2029.7s
    142658    6303     34863  99.28%   996.4953557     1321.976938       24.62%     7344     89   9999    10407k  2034.8s
    143080    6317     35057  99.28%   996.4953557     1321.976938       24.62%     7088    195   9968    10439k  2039.8s
    143437    6353     35209  99.28%   996.4953557     1321.976938       24.62%     7379    124   9738    10469k  2044.8s
    143791    6376     35366  99.28%   996.4953557     1321.976938       24.62%     7328    101   9956    10500k  2049.8s
    144144    6392     35525  99.28%   996.4953557     1321.976938       24.62%     7422    132   9511    10539k  2054.8s

        Nodes      |    B&B Tree     |            Objective Bounds              |  Dynamic Constraints |       Work      
Src  Proc. InQueue |  Leaves   Expl. | BestBound       BestSol              Gap |   Cuts   InLp Confl. | LpIters     Time

    144460    6441     35648  99.28%   996.4953557     1321.976938       24.62%     7225    128   9985    10574k  2060.0s
    144899    6474     35847  99.28%   996.4953557     1321.976938       24.62%     7008    101   9920    10615k  2065.0s
    145284    6497     36027  99.28%   996.4953557     1321.976938       24.62%     6679    130   9990    10656k  2070.0s
    145810    6510     36277  99.28%   996.4953557     1321.976938       24.62%     6903    135   9944    10686k  2075.0s
    146228    6519     36480  99.28%   996.4953557     1321.976938       24.62%     7184    131   9801    10714k  2080.0s
    146529    6541     36615  99.28%   996.4953557     1321.976938       24.62%     7233    142   9951    10749k  2085.1s
    146851    6530     36779  99.28%   996.4953557     1321.976938       24.62%     6846    170   9916    10787k  2090.2s
    147277    6566     36964  99.28%   996.4953557     1321.976938       24.62%     6812    120   9852    10820k  2095.2s
    147729    6606     37162  99.28%   996.4953557     1321.976938       24.62%     7035    149   9877    10860k  2100.5s
    148155    6610     37367  99.28%   996.4953557     1321.976938       24.62%     7841    140   9960    10896k  2105.5s
    148475    6626     37518  99.28%   996.4953557     1321.976938       24.62%     8471    201   9683    10933k  2110.5s
    148940    6654     37725  99.28%   996.4953557     1321.976938       24.62%     7836    136   9969    10963k  2115.5s
    149322    6679     37902  99.28%   996.4953557     1321.976938       24.62%     7073    106   9958    10994k  2120.5s
    149721    6698     38089  99.28%   996.4953557     1321.976938       24.62%     8793    131   9939    11026k  2125.5s
    150133    6734     38269  99.28%   996.4953557     1321.976938       24.62%     8211    150   9870    11050k  2130.5s
    150531    6787     38436  99.28%   996.4953557     1321.976938       24.62%     7547    183   9880    11086k  2135.5s
    150916    6786     38626  99.28%   996.4953557     1321.976938       24.62%     7542    192   9922    11122k  2140.9s
    151296    6803     38804  99.28%   996.4953557     1321.976938       24.62%     7179    116   9788    11153k  2145.9s
    151716    6845     38988  99.28%   996.4953557     1321.976938       24.62%     7789    109   9745    11185k  2150.9s
    152150    6880     39185  99.28%   996.4953557     1321.976938       24.62%     7638    164   9984    11212k  2155.9s

        Nodes      |    B&B Tree     |            Objective Bounds              |  Dynamic Constraints |       Work      
Src  Proc. InQueue |  Leaves   Expl. | BestBound       BestSol              Gap |   Cuts   InLp Confl. | LpIters     Time

    152492    6921     39327  99.28%   996.4953557     1321.976938       24.62%     7664    141   9974    11241k  2160.9s
    152937    6930     39540  99.28%   996.4953557     1321.976938       24.62%     7216    100   9964    11274k  2165.9s
 L  152968    6929     39556  99.28%   996.4953557     1321.976937       24.62%     7318    112   9994    11276k  2212.8s
    153396    6964     39741  99.28%   996.4953557     1321.976937       24.62%     8046    110   9975    11409k  2217.8s
    153858    6965     39972  99.28%   996.4953557     1321.976937       24.62%     7718     98   9852    11444k  2222.8s
    154243    6989     40150  99.29%   996.4953557     1321.976937       24.62%     7196    177   9999    11476k  2227.8s
    154503    7009     40260  99.29%   996.4953557     1321.976937       24.62%     8070    119   9866    11508k  2232.8s
    154889    7042     40430  99.29%   996.4953557     1321.976937       24.62%     8018    136   9954    11541k  2237.9s
    155232    7051     40593  99.29%   996.4953557     1321.976937       24.62%     6984    111   9915    11577k  2242.9s
    155546    7069     40740  99.29%   996.4953557     1321.976937       24.62%     7231    131   9922    11615k  2247.9s
    155883    7077     40903  99.29%   996.4953557     1321.976937       24.62%     7281    142   9947    11646k  2252.9s
    156338    7095     41120  99.29%   996.4953557     1321.976937       24.62%     7591    117   9809    11675k  2257.9s
    156788    7121     41332  99.29%   996.4953557     1321.976937       24.62%     7671    153   9806    11710k  2262.9s
    157176    7129     41519  99.29%   996.4953557     1321.976937       24.62%     7974     70   9964    11741k  2268.0s
    157628    7145     41735  99.29%   996.4953557     1321.976937       24.62%     8478    123   9907    11786k  2273.1s
    158036    7208     41902  99.29%   996.4953557     1321.976937       24.62%     7040    100   9956    11824k  2278.3s
    158358    7238     42037  99.29%   996.4953557     1321.976937       24.62%     7153    133   9903    11856k  2283.3s
    158788    7257     42242  99.29%   996.4953557     1321.976937       24.62%     7689    116   9701    11896k  2288.3s
    159155    7277     42415  99.29%   996.4953557     1321.976937       24.62%     8116     82   9800    11935k  2293.3s
    159530    7312     42572  99.29%   996.4953557     1321.976937       24.62%     7827    156   9992    11966k  2298.3s

        Nodes      |    B&B Tree     |            Objective Bounds              |  Dynamic Constraints |       Work      
Src  Proc. InQueue |  Leaves   Expl. | BestBound       BestSol              Gap |   Cuts   InLp Confl. | LpIters     Time

    159932    7325     42764  99.29%   996.4953557     1321.976937       24.62%     8896    136   9924    12003k  2303.4s
    160344    7392     42930  99.29%   996.4953557     1321.976937       24.62%     9967    136   9731    12037k  2308.4s
    160776    7426     43125  99.29%   996.4953557     1321.976937       24.62%     8720    124   9948    12068k  2313.4s
    161296    7441     43374  99.29%   996.4953557     1321.976937       24.62%     7049    112   9977    12101k  2318.5s
    161700    7457     43565  99.29%   996.4953557     1321.976937       24.62%     7479    132   9978    12142k  2323.5s
    162071    7463     43746  99.29%   996.4953557     1321.976937       24.62%     7073    185   9870    12183k  2328.8s
    162475    7478     43938  99.29%   996.4953557     1321.976937       24.62%     7208     66   9790    12217k  2333.8s
    162798    7498     44088  99.29%   996.4953557     1321.976937       24.62%     8361    107   9971    12256k  2338.8s
    163137    7515     44247  99.29%   996.4953557     1321.976937       24.62%     8915    156   9998    12292k  2343.8s
    163447    7519     44398  99.29%   996.4953557     1321.976937       24.62%     9101    189   9935    12322k  2348.8s
    163786    7548     44551  99.29%   996.4953557     1321.976937       24.62%     8249    164   9797    12356k  2353.8s
    164210    7560     44753  99.29%   996.4953557     1321.976937       24.62%     6179     84   9799    12390k  2358.8s
    164627    7576     44941  99.30%   996.4953557     1321.976937       24.62%     7127    160   9854    12419k  2363.8s
    165021    7584     45133  99.30%   996.4953557     1321.976937       24.62%     7340    138  10019    12456k  2368.8s
    165359    7622     45278  99.30%   996.4953557     1321.976937       24.62%     7319    112   9955    12490k  2373.9s
    165797    7660     45478  99.30%   996.4953557     1321.976937       24.62%     7165    163   9918    12524k  2378.9s
    166207    7684     45665  99.30%   996.4953557     1321.976937       24.62%     7246    166   9997    12556k  2383.9s
    166554    7693     45832  99.30%   996.4953557     1321.976937       24.62%     6784     63   9971    12592k  2388.9s
    166940    7715     46005  99.30%   996.4953557     1321.976937       24.62%     7790    133   9970    12624k  2393.9s
    167353    7768     46181  99.30%   996.4953557     1321.976937       24.62%     8410    123   9661    12658k  2398.9s

        Nodes      |    B&B Tree     |            Objective Bounds              |  Dynamic Constraints |       Work      
Src  Proc. InQueue |  Leaves   Expl. | BestBound       BestSol              Gap |   Cuts   InLp Confl. | LpIters     Time

    167715    7787     46352  99.30%   996.4953557     1321.976937       24.62%     7302    104   9763    12692k  2403.9s
    168108    7821     46530  99.30%   996.4953557     1321.976937       24.62%     6800    107   9896    12725k  2409.0s
    168457    7850     46686  99.30%   996.4953557     1321.976937       24.62%     6717    123   9893    12760k  2414.0s
    168851    7855     46878  99.30%   996.4953557     1321.976937       24.62%     6747     86   9993    12787k  2419.0s
    169306    7902     47072  99.30%   996.4953557     1321.976937       24.62%     7283    131   9915    12813k  2424.0s
    169759    7929     47282  99.30%   996.4953557     1321.976937       24.62%     6708     61   9896    12844k  2429.1s
    170181    7936     47485  99.30%   996.4953557     1321.976937       24.62%     6874    106   9996    12872k  2434.1s
    170535    7955     47651  99.30%   996.4953557     1321.976937       24.62%     7409     87   9977    12904k  2439.1s
    170966    7972     47852  99.30%   996.4953557     1321.976937       24.62%     7610    164   9953    12937k  2444.1s
    171374    7995     48032  99.32%   996.4953557     1321.976937       24.62%     7553    107   9954    12963k  2449.1s
    171772    8018     48215  99.34%   996.4953557     1321.976937       24.62%     6654     75   9883    12993k  2454.3s
    172219    8038     48428  99.34%   996.4953557     1321.976937       24.62%     7353    104   9370    13021k  2459.4s
    172596    8044     48610  99.34%   996.8171288     1321.976937       24.60%     7061    134   9529    13056k  2464.5s
    172952    8072     48767  99.34%   996.9040515     1321.976937       24.59%     6935    122   9957    13083k  2469.5s
    173274    8121     48899  99.35%   996.9040515     1321.976937       24.59%     7203    126   9967    13109k  2474.6s
    173577    8131     49043  99.35%   996.9040515     1321.976937       24.59%     7247    137   9853    13137k  2479.6s
    173821    8161     49145  99.36%   996.9040515     1321.976937       24.59%     7651    155   9793    13161k  2484.6s
    174215    8176     49331  99.36%   996.9040515     1321.976937       24.59%     7999    126   9902    13187k  2489.7s
    174486    8179     49462  99.36%   996.9040515     1321.976937       24.59%     8583    131   9895    13218k  2494.7s
    174827    8214     49606  99.36%   996.9040515     1321.976937       24.59%     8509    108   9623    13251k  2499.7s

        Nodes      |    B&B Tree     |            Objective Bounds              |  Dynamic Constraints |       Work      
Src  Proc. InQueue |  Leaves   Expl. | BestBound       BestSol              Gap |   Cuts   InLp Confl. | LpIters     Time

 L  175145    8226     49754  99.36%   996.9040515     1321.976936       24.59%     8211    140   9920    13272k  2539.6s
    175530    8231     49939  99.36%   996.9040515     1321.976936       24.59%     8174    127   9815    13407k  2544.6s
    175960    8253     50134  99.36%   996.9040515     1321.976936       24.59%     8396    189   9942    13442k  2550.0s
    176336    8291     50291  99.36%   996.9040515     1321.976936       24.59%     8720     79   9350    13474k  2555.0s
    176748    8322     50472  99.36%   996.9040515     1321.976936       24.59%     8284    125   9895    13510k  2560.3s
    177161    8356     50657  99.36%   996.9040515     1321.976936       24.59%     8845    179   9991    13547k  2565.3s
    177557    8400     50817  99.36%   996.9040515     1321.976936       24.59%     8332    159   9967    13575k  2570.3s
    177987    8425     51011  99.36%   996.9040515     1321.976936       24.59%     8611    140   9857    13606k  2575.3s
    178454    8449     51226  99.36%   996.9040515     1321.976936       24.59%     7619    108   9813    13639k  2580.3s
    178902    8497     51411  99.36%   996.9403828     1321.976936       24.59%     7044    112   9854    13675k  2585.3s
    179366    8546     51616  99.37%   997.0927386     1321.976936       24.58%     5728    106   9893    13704k  2590.3s
    179748    8582     51785  99.37%   997.1951869     1321.976936       24.57%     6458     79   9892    13738k  2595.3s
    180302    8592     52051  99.37%   997.6062493     1321.976936       24.54%     6507     66   9882    13768k  2600.3s
    180702    8618     52238  99.37%   997.8896278     1321.976936       24.52%     7410    125   9997    13801k  2605.3s
    181068    8645     52400  99.37%   997.8896278     1321.976936       24.52%     7737    104   9866    13831k  2610.4s
    181609    8683     52651  99.37%   998.1148563     1321.976936       24.50%     7735     86   9862    13862k  2615.4s
    181996    8729     52817  99.37%   998.1385426     1321.976936       24.50%     6069    155   9954    13897k  2620.4s
    182404    8726     53016  99.37%   998.1591976     1321.976936       24.49%     7971    145   9682    13927k  2625.7s
    182899    8754     53241  99.38%   998.3777047     1321.976936       24.48%     8280    119   9997    13959k  2630.8s
    183242    8766     53398  99.38%   998.4617293     1321.976936       24.47%     7268    159   9894    13992k  2635.8s

        Nodes      |    B&B Tree     |            Objective Bounds              |  Dynamic Constraints |       Work      
Src  Proc. InQueue |  Leaves   Expl. | BestBound       BestSol              Gap |   Cuts   InLp Confl. | LpIters     Time

    183677    8786     53604  99.38%   998.5011771     1321.976936       24.47%     7019    177   9904    14021k  2640.9s
    184022    8798     53769  99.38%   998.5044506     1321.976936       24.47%     7158    125   9967    14050k  2645.9s
    184333    8815     53913  99.38%   998.5881083     1321.976936       24.46%     7662     94   9747    14081k  2651.0s
    184650    8840     54048  99.39%   998.7422167     1321.976936       24.45%     6393     72   9898    14109k  2656.1s
    185025    8885     54210  99.39%   998.9424489     1321.976936       24.44%     6882    129   9749    14139k  2661.1s
    185399    8919     54368  99.40%   999.0258145     1321.976936       24.43%     5601    140   9661    14167k  2666.2s
    185919    8983     54584  99.40%   999.0590407     1321.976936       24.43%     5728     92   9612    14204k  2671.2s
    186358    9046     54767  99.40%   999.1202106     1321.976936       24.42%     6461    147   9904    14242k  2676.2s
    186682    9028     54935  99.43%   999.1423895     1321.976936       24.42%     6381    163   9914    14275k  2681.2s
    187032    9050     55097  99.43%   999.55211       1321.976936       24.39%     6267     94   9446    14311k  2686.3s
    187450    9098     55277  99.43%   999.6392394     1321.976936       24.38%     6494    154   9762    14343k  2691.3s
    187782    9143     55416  99.43%   999.6392394     1321.976936       24.38%     6497    175   9944    14378k  2696.3s
    188201    9189     55603  99.46%   999.6392394     1321.976936       24.38%     6205    103   9905    14414k  2701.3s
    188646    9220     55805  99.47%   999.6392394     1321.976936       24.38%     6496     99   9916    14447k  2706.4s
    188986    9237     55958  99.47%   999.6631166     1321.976936       24.38%     5931    193   9973    14475k  2711.4s
    189372    9284     56124  99.48%   999.7623589     1321.976936       24.37%     6779    139   9721    14505k  2716.5s
    189941    9324     56384  99.48%   999.8148377     1321.976936       24.37%     7035    115   9815    14539k  2721.5s
    190369    9332     56590  99.48%   999.8148377     1321.976936       24.37%     7168    121   9992    14585k  2726.5s
    190777    9343     56784  99.48%   999.8148377     1321.976936       24.37%     6661    132   9976    14632k  2731.5s
    191213    9358     56989  99.48%   999.851552      1321.976936       24.37%     6294    132   9875    14667k  2736.5s

        Nodes      |    B&B Tree     |            Objective Bounds              |  Dynamic Constraints |       Work      
Src  Proc. InQueue |  Leaves   Expl. | BestBound       BestSol              Gap |   Cuts   InLp Confl. | LpIters     Time

    191557    9395     57140  99.48%   999.9715374     1321.976936       24.36%     6287    128   9868    14692k  2741.6s
    191868    9401     57283  99.48%   1000.042077     1321.976936       24.35%     6253    125   9817    14720k  2746.6s
    192234    9408     57460  99.48%   1000.042077     1321.976936       24.35%     5419    127   9979    14750k  2751.6s
    192608    9416     57640  99.50%   1000.140171     1321.976936       24.35%     5675    173   9980    14791k  2756.6s
    192955    9440     57798  99.50%   1000.187092     1321.976936       24.34%     6342     87   9666    14824k  2761.6s
    193344    9498     57953  99.50%   1000.274687     1321.976936       24.33%     6496     95   9746    14856k  2766.7s
    193721    9511     58132  99.50%   1000.37178      1321.976936       24.33%     6622     63   9884    14893k  2771.7s
    194249    9556     58365  99.50%   1000.436701     1321.976936       24.32%     6650    124   9896    14931k  2776.7s
    194619    9589     58524  99.50%   1000.517692     1321.976936       24.32%     7817     87   9927    14965k  2781.7s
    195021    9627     58703  99.50%   1000.529831     1321.976936       24.32%     7380    174   9947    14999k  2786.8s
    195412    9632     58894  99.50%   1000.545811     1321.976936       24.31%     7260     93   9920    15033k  2791.9s
    195665    9648     59007  99.51%   1000.778469     1321.976936       24.30%     8328    157   9768    15060k  2796.9s
    196041    9659     59186  99.51%   1000.825312     1321.976936       24.29%     8143    103   9826    15096k  2801.9s
    196365    9656     59344  99.51%   1000.852416     1321.976936       24.29%     7408    160   9898    15136k  2806.9s
    196736    9668     59517  99.51%   1000.887458     1321.976936       24.29%     8232     97   9098    15165k  2811.9s
 L  196772    9666     59536  99.51%   1000.887458     1321.976935       24.29%     8061     87   9026    15167k  2836.3s
    197052    9694     59655  99.51%   1000.909806     1321.976935       24.29%     7739    211   8824    15299k  2841.4s
    197407    9703     59828  99.51%   1000.981761     1321.976935       24.28%     8235    117   8810    15335k  2846.4s
    197877    9719     60045  99.51%   1001.052867     1321.976935       24.28%     8442    123   9396    15368k  2851.4s
    198279    9747     60228  99.51%   1001.06992      1321.976935       24.27%     8134    159   9700    15405k  2856.5s

        Nodes      |    B&B Tree     |            Objective Bounds              |  Dynamic Constraints |       Work      
Src  Proc. InQueue |  Leaves   Expl. | BestBound       BestSol              Gap |   Cuts   InLp Confl. | LpIters     Time

    198858    9789     60487  99.51%   1001.087928     1321.976935       24.27%     7746     75   9991    15436k  2861.5s
    199390    9835     60725  99.51%   1001.146724     1321.976935       24.27%     6576    158   9869    15473k  2866.6s
    199900    9872     60946  99.51%   1001.221785     1321.976935       24.26%     6483    128   9956    15500k  2871.6s
    200360    9903     61156  99.51%   1001.221785     1321.976935       24.26%     7097    203   9845    15533k  2876.7s
    200886    9930     61401  99.51%   1001.221785     1321.976935       24.26%     7542    122   9897    15576k  2881.7s
    201304    9948     61592  99.51%   1001.265847     1321.976935       24.26%     8197    112   9885    15609k  2886.8s
    201563    9969     61711  99.53%   1001.338591     1321.976935       24.25%     8077    109   9754    15633k  2891.8s
    202093   10010     61948  99.53%   1001.338591     1321.976935       24.25%     8415     76   9951    15665k  2897.0s
    202444   10028     62112  99.53%   1001.338591     1321.976935       24.25%     9001    189   9860    15691k  2902.0s
    202700   10033     62232  99.54%   1001.338591     1321.976935       24.25%     7719    195   9877    15713k  2907.0s
    203079   10060     62405  99.54%   1001.338591     1321.976935       24.25%     8200    191   9794    15735k  2912.0s
    203463   10090     62576  99.54%   1001.338591     1321.976935       24.25%     8743     60   9945    15759k  2917.1s
    203804   10106     62734  99.54%   1001.381031     1321.976935       24.25%     8708    112   9948    15785k  2922.1s
    204137   10117     62893  99.54%   1001.381031     1321.976935       24.25%     9143     70   9721    15813k  2927.2s
    204405   10135     63013  99.54%   1001.381031     1321.976935       24.25%     8571    116   9987    15841k  2932.2s
    204821   10196     63179  99.54%   1001.381031     1321.976935       24.25%     7289    109   9829    15862k  2937.2s
    205231   10228     63360  99.54%   1001.618297     1321.976935       24.23%     7163    100   9974    15891k  2942.2s
    205637   10246     63549  99.54%   1001.713124     1321.976935       24.23%     7851    113   9980    15921k  2947.4s
    206076   10289     63742  99.54%   1001.713124     1321.976935       24.23%     8259    142   9990    15950k  2952.4s
    206451   10316     63904  99.54%   1001.840829     1321.976935       24.22%     7619    151   9956    15977k  2957.4s

        Nodes      |    B&B Tree     |            Objective Bounds              |  Dynamic Constraints |       Work      
Src  Proc. InQueue |  Leaves   Expl. | BestBound       BestSol              Gap |   Cuts   InLp Confl. | LpIters     Time

    207023   10379     64151  99.54%   1001.934384     1321.976935       24.21%     7371    133   9969    16006k  2962.4s
    207531   10444     64365  99.55%   1002.172664     1321.976935       24.19%     6782    143   9743    16037k  2967.4s
    207976   10470     64571  99.55%   1002.186818     1321.976935       24.19%     7120     73   9836    16072k  2972.5s
    208392   10513     64749  99.55%   1002.44979      1321.976935       24.17%     8900    196   9978    16096k  2977.5s
    208822   10525     64958  99.55%   1002.449842     1321.976935       24.17%     7535     95   9982    16127k  2982.5s
    209200   10542     65134  99.55%   1002.539576     1321.976935       24.16%     7822    198   9867    16160k  2987.5s
    209594   10567     65309  99.56%   1002.622325     1321.976935       24.16%     7808    156   9791    16193k  2992.5s
    210099   10605     65540  99.56%   1002.715427     1321.976935       24.15%     7642    139   9751    16220k  2997.5s
    210476   10630     65705  99.56%   1002.93737      1321.976935       24.13%     8068    190   9995    16252k  3002.5s
    210919   10661     65907  99.56%   1003.076427     1321.976935       24.12%     8826     95   9963    16278k  3007.5s
    211290   10663     66087  99.56%   1003.100497     1321.976935       24.12%     8621    157   9978    16323k  3012.9s
    211679   10697     66263  99.56%   1003.23313      1321.976935       24.11%     7909    130   9701    16356k  3017.9s
    212177   10713     66497  99.56%   1003.279862     1321.976935       24.11%     7401     83   9655    16388k  3023.0s
    212616   10752     66688  99.56%   1003.34109      1321.976935       24.10%     6857    107   9982    16420k  3028.2s
    213084   10806     66884  99.56%   1003.433822     1321.976935       24.10%     6969    165   9845    16449k  3033.2s
    213665   10842     67156  99.56%   1003.433822     1321.976935       24.10%     7019    150   9777    16481k  3038.2s
    214067   10841     67356  99.56%   1003.433822     1321.976935       24.10%     6939    222   9860    16515k  3043.3s
    214446   10867     67530  99.56%   1003.444401     1321.976935       24.10%     7484    165   9842    16551k  3048.3s
    214886   10888     67735  99.56%   1003.453702     1321.976935       24.09%     7904    155   9996    16581k  3053.3s
    215280   10903     67911  99.56%   1003.464137     1321.976935       24.09%     7035    197   9876    16613k  3058.4s

        Nodes      |    B&B Tree     |            Objective Bounds              |  Dynamic Constraints |       Work      
Src  Proc. InQueue |  Leaves   Expl. | BestBound       BestSol              Gap |   Cuts   InLp Confl. | LpIters     Time

    215756   10938     68127  99.56%   1003.464137     1321.976935       24.09%     7519    162   9647    16640k  3063.5s
    216213   10996     68316  99.56%   1003.464137     1321.976935       24.09%     7311    153   9835    16676k  3068.6s
    216665   11055     68499  99.56%   1003.481793     1321.976935       24.09%     6779    119   9977    16707k  3073.6s
    217082   11096     68677  99.56%   1003.53949      1321.976935       24.09%     8476    242   9799    16742k  3078.6s
    217614   11123     68919  99.56%   1003.53949      1321.976935       24.09%     7052    128   9988    16783k  3083.7s
    218015   11176     69090  99.56%   1003.53949      1321.976935       24.09%     6776    147   9969    16825k  3088.7s
    218437   11199     69279  99.56%   1003.53949      1321.976935       24.09%     6617    136   9895    16861k  3093.7s
    218975   11232     69524  99.56%   1003.53949      1321.976935       24.09%     7692     99   9850    16890k  3098.8s
    219338   11263     69686  99.56%   1003.53949      1321.976935       24.09%     7683     99   9740    16925k  3103.8s
    219941   11308     69958  99.56%   1003.53949      1321.976935       24.09%     8433    127   9811    16950k  3108.8s
    220288   11308     70131  99.56%   1003.557412     1321.976935       24.09%     7401    166   9954    16978k  3113.8s
    220792   11330     70371  99.56%   1003.697105     1321.976935       24.08%     7198    105   9974    17005k  3118.8s
    221132   11343     70532  99.56%   1003.762647     1321.976935       24.07%     6331    194   9921    17041k  3123.8s
    221490   11378     70682  99.56%   1004.02888      1321.976935       24.05%     6774     83   9918    17075k  3128.8s
    221911   11401     70866  99.56%   1004.13849      1321.976935       24.04%     6912    153   9819    17109k  3133.9s
    222418   11462     71084  99.56%   1004.146639     1321.976935       24.04%     6358     81   9924    17146k  3138.9s
    222862   11498     71281  99.56%   1004.362816     1321.976935       24.03%     6811    138   9944    17179k  3143.9s
    223281   11553     71448  99.56%   1004.374209     1321.976935       24.02%     7181    140   9694    17215k  3148.9s
 L  223455   11572     71518  99.56%   1004.374209     1321.976934       24.02%     5664    143   9984    17232k  3209.5s
    223779   11609     71658  99.56%   1004.374209     1321.976934       24.02%     6124    131   9920    17434k  3214.5s

        Nodes      |    B&B Tree     |            Objective Bounds              |  Dynamic Constraints |       Work      
Src  Proc. InQueue |  Leaves   Expl. | BestBound       BestSol              Gap |   Cuts   InLp Confl. | LpIters     Time

    224284   11646     71884  99.56%   1004.374209     1321.976934       24.02%     6007    135   9997    17467k  3219.5s
    224670   11661     72062  99.56%   1004.433144     1321.976934       24.02%     6640    119   9543    17500k  3224.5s
    225039   11675     72234  99.56%   1004.433144     1321.976934       24.02%     6728    118   9920    17534k  3229.5s
    225433   11697     72417  99.56%   1004.440268     1321.976934       24.02%     7459    148   9939    17566k  3234.5s
    225930   11742     72636  99.56%   1004.61843      1321.976934       24.01%     7471    132   9967    17597k  3239.7s
    226353   11773     72828  99.56%   1004.695846     1321.976934       24.00%     7513     99   9899    17635k  3244.7s
    226751   11779     73023  99.56%   1004.72314      1321.976934       24.00%     7013     88   9894    17671k  3249.7s
    227098   11778     73193  99.56%   1004.72314      1321.976934       24.00%     6615    173   9934    17708k  3254.8s
    227473   11805     73359  99.56%   1004.805793     1321.976934       23.99%     7637     78   9999    17740k  3259.8s
    227928   11842     73563  99.56%   1004.812863     1321.976934       23.99%     8280    190   9725    17765k  3264.8s
    228432   11901     73771  99.56%   1004.812863     1321.976934       23.99%     7483    177   9983    17793k  3270.1s
    228881   11932     73968  99.56%   1004.818945     1321.976934       23.99%     7450    120   9818    17824k  3275.1s
    229241   11959     74129  99.57%   1004.850019     1321.976934       23.99%     7838    113   9996    17853k  3280.1s
    229565   11993     74267  99.57%   1004.903643     1321.976934       23.98%     7250    133   9918    17887k  3285.1s
    229959   12007     74454  99.57%   1004.922195     1321.976934       23.98%     6628    104   9960    17908k  3290.1s
    230250   12021     74590  99.57%   1004.922195     1321.976934       23.98%     7585    188   9818    17932k  3295.3s
    230574   12045     74735  99.57%   1004.922195     1321.976934       23.98%     6970    112   9974    17954k  3300.3s
    230885   12069     74872  99.57%   1004.922195     1321.976934       23.98%     6914    125   9932    17978k  3305.3s
    231150   12074     74993  99.57%   1004.922195     1321.976934       23.98%     6926    142   9815    18000k  3310.4s
    231349   12083     75085  99.57%   1004.922195     1321.976934       23.98%     7010    145   9997    18026k  3315.4s

        Nodes      |    B&B Tree     |            Objective Bounds              |  Dynamic Constraints |       Work      
Src  Proc. InQueue |  Leaves   Expl. | BestBound       BestSol              Gap |   Cuts   InLp Confl. | LpIters     Time

    231630   12092     75219  99.57%   1004.922195     1321.976934       23.98%     6279    128   9837    18052k  3320.4s
    231932   12116     75355  99.57%   1004.922195     1321.976934       23.98%     6728    131   9969    18079k  3325.5s
    232262   12137     75510  99.57%   1004.922195     1321.976934       23.98%     7084    118   9602    18105k  3330.5s
    232538   12156     75635  99.57%   1004.922195     1321.976934       23.98%     7932    168   9665    18130k  3335.5s
    232936   12181     75815  99.57%   1004.922195     1321.976934       23.98%     7882    110   9815    18161k  3340.6s
    233316   12219     75986  99.57%   1004.922195     1321.976934       23.98%     7213     95   9988    18191k  3345.7s
    233682   12234     76157  99.57%   1004.922195     1321.976934       23.98%     7569    112   9967    18215k  3351.0s
    234112   12273     76349  99.57%   1004.930035     1321.976934       23.98%     6795    160   9955    18244k  3356.0s
    234449   12306     76492  99.57%   1004.930035     1321.976934       23.98%     6763    161   9919    18272k  3361.0s
    234854   12329     76678  99.57%   1004.930035     1321.976934       23.98%     6926    165   9997    18305k  3366.0s
    235207   12340     76845  99.57%   1004.930035     1321.976934       23.98%     6612    138   9988    18335k  3371.1s
    235589   12362     77012  99.57%   1004.930035     1321.976934       23.98%     7335    177   9791    18371k  3376.1s
    235935   12398     77162  99.57%   1004.930035     1321.976934       23.98%     7329    176   9939    18397k  3381.2s
    236208   12397     77293  99.57%   1004.970433     1321.976934       23.98%     7794    153  10005    18423k  3386.2s
    236603   12426     77473  99.57%   1004.986467     1321.976934       23.98%     6966    156   9928    18451k  3391.2s
    237002   12463     77650  99.58%   1005.059384     1321.976934       23.97%     6050    128   9962    18479k  3396.2s
    237472   12479     77872  99.58%   1005.064778     1321.976934       23.97%     7356    113   9921    18505k  3401.3s
    237913   12535     78059  99.58%   1005.064778     1321.976934       23.97%     6342    121   9783    18539k  3406.3s
    238226   12556     78200  99.58%   1005.064778     1321.976934       23.97%     5271     50   9846    18568k  3411.3s
    238650   12594     78381  99.58%   1005.098982     1321.976934       23.97%     5347    158   9923    18600k  3416.3s

        Nodes      |    B&B Tree     |            Objective Bounds              |  Dynamic Constraints |       Work      
Src  Proc. InQueue |  Leaves   Expl. | BestBound       BestSol              Gap |   Cuts   InLp Confl. | LpIters     Time

    239162   12634     78617  99.58%   1005.105284     1321.976934       23.97%     5843     95   9962    18635k  3421.3s
    239647   12672     78832  99.58%   1005.243143     1321.976934       23.96%     5500    170   9785    18671k  3426.4s
    240097   12727     79025  99.58%   1005.243143     1321.976934       23.96%     6212     99   9746    18704k  3431.5s
    240503   12754     79210  99.58%   1005.326501     1321.976934       23.95%     6440     66   9783    18733k  3436.6s
    240915   12768     79398  99.58%   1005.339122     1321.976934       23.95%     6945    109   9979    18762k  3441.6s
    241352   12805     79597  99.58%   1005.431403     1321.976934       23.94%     7304    141   9868    18789k  3446.6s
    241744   12827     79777  99.58%   1005.490427     1321.976934       23.94%     6996    126   9868    18819k  3451.6s
    242176   12879     79958  99.58%   1005.518605     1321.976934       23.94%     7165    178   9984    18848k  3456.8s
    242640   12906     80168  99.58%   1005.518605     1321.976934       23.94%     5960    171   9801    18881k  3461.8s
    243016   12963     80325  99.59%   1005.518605     1321.976934       23.94%     6239    136   9905    18908k  3466.8s
    243401   13025     80469  99.59%   1005.592711     1321.976934       23.93%     5662    104   9915    18933k  3471.8s
    243825   13077     80647  99.59%   1005.647485     1321.976934       23.93%     6153    119   9993    18957k  3476.8s
    244210   13118     80813  99.59%   1005.68816      1321.976934       23.93%     6167    132   9994    18981k  3481.9s
    244673   13170     81018  99.59%   1005.68816      1321.976934       23.93%     6724    177   9912    19014k  3486.9s
    245032   13180     81191  99.59%   1005.68816      1321.976934       23.93%     6973    136   9838    19043k  3491.9s
    245354   13202     81337  99.59%   1005.732171     1321.976934       23.92%     6888    145   9936    19076k  3496.9s
    245682   13245     81470  99.59%   1005.769091     1321.976934       23.92%     6721    162   9757    19111k  3502.0s
    246029   13285     81627  99.59%   1005.803102     1321.976934       23.92%     6557    130   9960    19146k  3507.1s
    246498   13331     81824  99.59%   1005.803102     1321.976934       23.92%     7369    118   9919    19172k  3512.1s
    246938   13367     82018  99.59%   1005.803102     1321.976934       23.92%     7958    145   9936    19199k  3517.1s

        Nodes      |    B&B Tree     |            Objective Bounds              |  Dynamic Constraints |       Work      
Src  Proc. InQueue |  Leaves   Expl. | BestBound       BestSol              Gap |   Cuts   InLp Confl. | LpIters     Time

    247342   13391     82195  99.59%   1005.803102     1321.976934       23.92%     8686    193   9882    19227k  3522.3s
    247744   13450     82366  99.59%   1005.803102     1321.976934       23.92%     9118    120   9919    19258k  3527.3s
    248119   13457     82544  99.59%   1005.892981     1321.976934       23.91%     7554    145   9996    19290k  3532.4s
    248557   13487     82742  99.59%   1005.892981     1321.976934       23.91%     6840     76   9941    19320k  3537.4s
    248822   13499     82867  99.59%   1005.892981     1321.976934       23.91%     6235    128   9852    19349k  3542.4s
    249101   13515     82995  99.59%   1005.902893     1321.976934       23.91%     6595    110   9944    19378k  3547.4s
    249373   13532     83118  99.60%   1005.902893     1321.976934       23.91%     7029    135   9800    19403k  3552.4s
    249628   13564     83225  99.60%   1005.976065     1321.976934       23.90%     7105    137   9798    19427k  3557.5s
    249836   13592     83313  99.60%   1005.997849     1321.976934       23.90%     6625    162   9692    19452k  3562.6s
    250119   13613     83423  99.60%   1005.997849     1321.976934       23.90%     7467    115   9906    19474k  3567.8s
    250398   13637     83548  99.60%   1006.083781     1321.976934       23.90%     7639    161   9892    19497k  3572.9s
    250651   13656     83662  99.60%   1006.083781     1321.976934       23.90%     7264    176   9792    19515k  3578.3s
    250971   13695     83794  99.60%   1006.083781     1321.976934       23.90%     7278    156   9834    19533k  3583.4s
    251229   13725     83907  99.60%   1006.083781     1321.976934       23.90%     7518    150   9906    19556k  3588.4s
    251543   13762     84045  99.60%   1006.083781     1321.976934       23.90%     7870    177   9961    19573k  3593.4s
    251820   13788     84167  99.60%   1006.170264     1321.976934       23.89%     7125    135   9963    19594k  3598.5s
    251873   13792     84191  99.60%   1006.170264     1321.976934       23.89%     6661    161   9869    19599k  3600.0s

Solving report
  Status            Time limit reached
  Primal bound      1321.97693404
  Dual bound        1006.17026437
  Gap               23.89% (tolerance: 0.01%)
  P-D integral      1042.69172507
  Solution status   feasible
                    1321.97693404 (objective)
                    0 (bound viol.)
                    0 (int. viol.)
                    0 (row viol.)
  Timing            3600.01
  Max sub-MIP depth 8
  Nodes             251873
  Repair LPs        5 (5 feasible; 6 iterations)
  LP iterations     19599588
                    558507 (strong br.)
                    1070059 (separation)
                    1034336 (heuristics)
